
> lernweg@1.0.0 build
> next build

  笆ｲ Next.js 14.2.35
  - Environments: .env.local

   Linting and checking validity of types ...
   Creating an optimized production build ...
 笨・Compiled successfully
   Collecting page data ...
   Generating static pages (0/47) ...
Error: No content found for the current route. This is a Nextra bug.
    at i (C:\Users\25R1116\Documents\Lernweg\.next\server\chunks\2177.js:15:61001)
    at l (C:\Users\25R1116\Documents\Lernweg\.next\server\chunks\2177.js:15:54210)
    at Wc (C:\Users\25R1116\Documents\Lernweg\node_modules\react-dom\cjs\react-dom-server.browser.production.min.js:68:44)
    at Zc (C:\Users\25R1116\Documents\Lernweg\node_modules\react-dom\cjs\react-dom-server.browser.production.min.js:70:253)
    at Z (C:\Users\25R1116\Documents\Lernweg\node_modules\react-dom\cjs\react-dom-server.browser.production.min.js:76:89)
    at Zc (C:\Users\25R1116\Documents\Lernweg\node_modules\react-dom\cjs\react-dom-server.browser.production.min.js:70:481)
    at Z (C:\Users\25R1116\Documents\Lernweg\node_modules\react-dom\cjs\react-dom-server.browser.production.min.js:76:89)
    at Zc (C:\Users\25R1116\Documents\Lernweg\node_modules\react-dom\cjs\react-dom-server.browser.production.min.js:70:481)
    at Z (C:\Users\25R1116\Documents\Lernweg\node_modules\react-dom\cjs\react-dom-server.browser.production.min.js:76:89)
    at $c (C:\Users\25R1116\Documents\Lernweg\node_modules\react-dom\cjs\react-dom-server.browser.production.min.js:78:98)

Error occurred prerendering page "/01_25R1116/02_Backend/01_Flask/01_Flask_WTForms蠢懃畑". Read more: https://nextjs.org/docs/messages/prerender-error

Error: No content found for the current route. This is a Nextra bug.
    at i (C:\Users\25R1116\Documents\Lernweg\.next\server\chunks\2177.js:15:61001)
    at l (C:\Users\25R1116\Documents\Lernweg\.next\server\chunks\2177.js:15:54210)
    at Wc (C:\Users\25R1116\Documents\Lernweg\node_modules\react-dom\cjs\react-dom-server.browser.production.min.js:68:44)
    at Zc (C:\Users\25R1116\Documents\Lernweg\node_modules\react-dom\cjs\react-dom-server.browser.production.min.js:70:253)
    at Z (C:\Users\25R1116\Documents\Lernweg\node_modules\react-dom\cjs\react-dom-server.browser.production.min.js:76:89)
    at Zc (C:\Users\25R1116\Documents\Lernweg\node_modules\react-dom\cjs\react-dom-server.browser.production.min.js:70:481)
    at Z (C:\Users\25R1116\Documents\Lernweg\node_modules\react-dom\cjs\react-dom-server.browser.production.min.js:76:89)
    at Zc (C:\Users\25R1116\Documents\Lernweg\node_modules\react-dom\cjs\react-dom-server.browser.production.min.js:70:481)
    at Z (C:\Users\25R1116\Documents\Lernweg\node_modules\react-dom\cjs\react-dom-server.browser.production.min.js:76:89)
    at $c (C:\Users\25R1116\Documents\Lernweg\node_modules\react-dom\cjs\react-dom-server.browser.production.min.js:78:98)
Error: No content found for the current route. This is a Nextra bug.
    at i (C:\Users\25R1116\Documents\Lernweg\.next\server\chunks\2177.js:15:61001)
    at l (C:\Users\25R1116\Documents\Lernweg\.next\server\chunks\2177.js:15:54210)
    at Wc (C:\Users\25R1116\Documents\Lernweg\node_modules\react-dom\cjs\react-dom-server.browser.production.min.js:68:44)
    at Zc (C:\Users\25R1116\Documents\Lernweg\node_modules\react-dom\cjs\react-dom-server.browser.production.min.js:70:253)
    at Z (C:\Users\25R1116\Documents\Lernweg\node_modules\react-dom\cjs\react-dom-server.browser.production.min.js:76:89)
    at Zc (C:\Users\25R1116\Documents\Lernweg\node_modules\react-dom\cjs\react-dom-server.browser.production.min.js:70:481)
    at Z (C:\Users\25R1116\Documents\Lernweg\node_modules\react-dom\cjs\react-dom-server.browser.production.min.js:76:89)
    at Zc (C:\Users\25R1116\Documents\Lernweg\node_modules\react-dom\cjs\react-dom-server.browser.production.min.js:70:481)
    at Z (C:\Users\25R1116\Documents\Lernweg\node_modules\react-dom\cjs\react-dom-server.browser.production.min.js:76:89)
    at $c (C:\Users\25R1116\Documents\Lernweg\node_modules\react-dom\cjs\react-dom-server.browser.production.min.js:78:98)

Error occurred prerendering page "/01_25R1116/02_Backend/01_Flask/02_Flask_繝・・繧ｿ繝吶・繧ｹ縺ｨORM". Read more: https://nextjs.org/docs/messages/prerender-error

Error: No content found for the current route. This is a Nextra bug.
    at i (C:\Users\25R1116\Documents\Lernweg\.next\server\chunks\2177.js:15:61001)
    at l (C:\Users\25R1116\Documents\Lernweg\.next\server\chunks\2177.js:15:54210)
    at Wc (C:\Users\25R1116\Documents\Lernweg\node_modules\react-dom\cjs\react-dom-server.browser.production.min.js:68:44)
    at Zc (C:\Users\25R1116\Documents\Lernweg\node_modules\react-dom\cjs\react-dom-server.browser.production.min.js:70:253)
    at Z (C:\Users\25R1116\Documents\Lernweg\node_modules\react-dom\cjs\react-dom-server.browser.production.min.js:76:89)
    at Zc (C:\Users\25R1116\Documents\Lernweg\node_modules\react-dom\cjs\react-dom-server.browser.production.min.js:70:481)
    at Z (C:\Users\25R1116\Documents\Lernweg\node_modules\react-dom\cjs\react-dom-server.browser.production.min.js:76:89)
    at Zc (C:\Users\25R1116\Documents\Lernweg\node_modules\react-dom\cjs\react-dom-server.browser.production.min.js:70:481)
    at Z (C:\Users\25R1116\Documents\Lernweg\node_modules\react-dom\cjs\react-dom-server.browser.production.min.js:76:89)
    at $c (C:\Users\25R1116\Documents\Lernweg\node_modules\react-dom\cjs\react-dom-server.browser.production.min.js:78:98)
Error: No content found for the current route. This is a Nextra bug.
    at i (C:\Users\25R1116\Documents\Lernweg\.next\server\chunks\2177.js:15:61001)
    at l (C:\Users\25R1116\Documents\Lernweg\.next\server\chunks\2177.js:15:54210)
    at Wc (C:\Users\25R1116\Documents\Lernweg\node_modules\react-dom\cjs\react-dom-server.browser.production.min.js:68:44)
    at Zc (C:\Users\25R1116\Documents\Lernweg\node_modules\react-dom\cjs\react-dom-server.browser.production.min.js:70:253)
    at Z (C:\Users\25R1116\Documents\Lernweg\node_modules\react-dom\cjs\react-dom-server.browser.production.min.js:76:89)
    at Zc (C:\Users\25R1116\Documents\Lernweg\node_modules\react-dom\cjs\react-dom-server.browser.production.min.js:70:481)
    at Z (C:\Users\25R1116\Documents\Lernweg\node_modules\react-dom\cjs\react-dom-server.browser.production.min.js:76:89)
    at Zc (C:\Users\25R1116\Documents\Lernweg\node_modules\react-dom\cjs\react-dom-server.browser.production.min.js:70:481)
    at Z (C:\Users\25R1116\Documents\Lernweg\node_modules\react-dom\cjs\react-dom-server.browser.production.min.js:76:89)
    at $c (C:\Users\25R1116\Documents\Lernweg\node_modules\react-dom\cjs\react-dom-server.browser.production.min.js:78:98)

Error occurred prerendering page "/00_Personal_Production_Log/01_Web_Application/01_TheVocaloid-Times_AI螳悟・逕滓・莠倶ｾ玖ｩ穂ｾ｡". Read more: https://nextjs.org/docs/messages/prerender-error

Error: No content found for the current route. This is a Nextra bug.
    at i (C:\Users\25R1116\Documents\Lernweg\.next\server\chunks\2177.js:15:61001)
    at l (C:\Users\25R1116\Documents\Lernweg\.next\server\chunks\2177.js:15:54210)
    at Wc (C:\Users\25R1116\Documents\Lernweg\node_modules\react-dom\cjs\react-dom-server.browser.production.min.js:68:44)
    at Zc (C:\Users\25R1116\Documents\Lernweg\node_modules\react-dom\cjs\react-dom-server.browser.production.min.js:70:253)
    at Z (C:\Users\25R1116\Documents\Lernweg\node_modules\react-dom\cjs\react-dom-server.browser.production.min.js:76:89)
    at Zc (C:\Users\25R1116\Documents\Lernweg\node_modules\react-dom\cjs\react-dom-server.browser.production.min.js:70:481)
    at Z (C:\Users\25R1116\Documents\Lernweg\node_modules\react-dom\cjs\react-dom-server.browser.production.min.js:76:89)
    at Zc (C:\Users\25R1116\Documents\Lernweg\node_modules\react-dom\cjs\react-dom-server.browser.production.min.js:70:481)
    at Z (C:\Users\25R1116\Documents\Lernweg\node_modules\react-dom\cjs\react-dom-server.browser.production.min.js:76:89)
    at $c (C:\Users\25R1116\Documents\Lernweg\node_modules\react-dom\cjs\react-dom-server.browser.production.min.js:78:98)
Error: No content found for the current route. This is a Nextra bug.
    at i (C:\Users\25R1116\Documents\Lernweg\.next\server\chunks\2177.js:15:61001)
    at l (C:\Users\25R1116\Documents\Lernweg\.next\server\chunks\2177.js:15:54210)
    at Wc (C:\Users\25R1116\Documents\Lernweg\node_modules\react-dom\cjs\react-dom-server.browser.production.min.js:68:44)
    at Zc (C:\Users\25R1116\Documents\Lernweg\node_modules\react-dom\cjs\react-dom-server.browser.production.min.js:70:253)
    at Z (C:\Users\25R1116\Documents\Lernweg\node_modules\react-dom\cjs\react-dom-server.browser.production.min.js:76:89)
    at Zc (C:\Users\25R1116\Documents\Lernweg\node_modules\react-dom\cjs\react-dom-server.browser.production.min.js:70:481)
    at Z (C:\Users\25R1116\Documents\Lernweg\node_modules\react-dom\cjs\react-dom-server.browser.production.min.js:76:89)
    at Zc (C:\Users\25R1116\Documents\Lernweg\node_modules\react-dom\cjs\react-dom-server.browser.production.min.js:70:481)
    at Z (C:\Users\25R1116\Documents\Lernweg\node_modules\react-dom\cjs\react-dom-server.browser.production.min.js:76:89)
    at $c (C:\Users\25R1116\Documents\Lernweg\node_modules\react-dom\cjs\react-dom-server.browser.production.min.js:78:98)

Error occurred prerendering page "/00_Personal_Production_Log/01_Web_Application/00_Web_Application_菴ｿ逕ｨ險隱槭・謚陦薙せ繧ｿ繝・け荳隕ｧ". Read more: https://nextjs.org/docs/messages/prerender-error

Error: No content found for the current route. This is a Nextra bug.
    at i (C:\Users\25R1116\Documents\Lernweg\.next\server\chunks\2177.js:15:61001)
    at l (C:\Users\25R1116\Documents\Lernweg\.next\server\chunks\2177.js:15:54210)
    at Wc (C:\Users\25R1116\Documents\Lernweg\node_modules\react-dom\cjs\react-dom-server.browser.production.min.js:68:44)
    at Zc (C:\Users\25R1116\Documents\Lernweg\node_modules\react-dom\cjs\react-dom-server.browser.production.min.js:70:253)
    at Z (C:\Users\25R1116\Documents\Lernweg\node_modules\react-dom\cjs\react-dom-server.browser.production.min.js:76:89)
    at Zc (C:\Users\25R1116\Documents\Lernweg\node_modules\react-dom\cjs\react-dom-server.browser.production.min.js:70:481)
    at Z (C:\Users\25R1116\Documents\Lernweg\node_modules\react-dom\cjs\react-dom-server.browser.production.min.js:76:89)
    at Zc (C:\Users\25R1116\Documents\Lernweg\node_modules\react-dom\cjs\react-dom-server.browser.production.min.js:70:481)
    at Z (C:\Users\25R1116\Documents\Lernweg\node_modules\react-dom\cjs\react-dom-server.browser.production.min.js:76:89)
    at $c (C:\Users\25R1116\Documents\Lernweg\node_modules\react-dom\cjs\react-dom-server.browser.production.min.js:78:98)
Error: No content found for the current route. This is a Nextra bug.
    at i (C:\Users\25R1116\Documents\Lernweg\.next\server\chunks\2177.js:15:61001)
    at l (C:\Users\25R1116\Documents\Lernweg\.next\server\chunks\2177.js:15:54210)
    at Wc (C:\Users\25R1116\Documents\Lernweg\node_modules\react-dom\cjs\react-dom-server.browser.production.min.js:68:44)
    at Zc (C:\Users\25R1116\Documents\Lernweg\node_modules\react-dom\cjs\react-dom-server.browser.production.min.js:70:253)
    at Z (C:\Users\25R1116\Documents\Lernweg\node_modules\react-dom\cjs\react-dom-server.browser.production.min.js:76:89)
    at Zc (C:\Users\25R1116\Documents\Lernweg\node_modules\react-dom\cjs\react-dom-server.browser.production.min.js:70:481)
    at Z (C:\Users\25R1116\Documents\Lernweg\node_modules\react-dom\cjs\react-dom-server.browser.production.min.js:76:89)
    at Zc (C:\Users\25R1116\Documents\Lernweg\node_modules\react-dom\cjs\react-dom-server.browser.production.min.js:70:481)
    at Z (C:\Users\25R1116\Documents\Lernweg\node_modules\react-dom\cjs\react-dom-server.browser.production.min.js:76:89)
    at $c (C:\Users\25R1116\Documents\Lernweg\node_modules\react-dom\cjs\react-dom-server.browser.production.min.js:78:98)

Error occurred prerendering page "/01_25R1116/01_Frontend/03_TypeScript/00_TypeScript_蝓ｺ遉弱→蜑肴署遏･隴・. Read more: https://nextjs.org/docs/messages/prerender-error

Error: No content found for the current route. This is a Nextra bug.
    at i (C:\Users\25R1116\Documents\Lernweg\.next\server\chunks\2177.js:15:61001)
    at l (C:\Users\25R1116\Documents\Lernweg\.next\server\chunks\2177.js:15:54210)
    at Wc (C:\Users\25R1116\Documents\Lernweg\node_modules\react-dom\cjs\react-dom-server.browser.production.min.js:68:44)
    at Zc (C:\Users\25R1116\Documents\Lernweg\node_modules\react-dom\cjs\react-dom-server.browser.production.min.js:70:253)
    at Z (C:\Users\25R1116\Documents\Lernweg\node_modules\react-dom\cjs\react-dom-server.browser.production.min.js:76:89)
    at Zc (C:\Users\25R1116\Documents\Lernweg\node_modules\react-dom\cjs\react-dom-server.browser.production.min.js:70:481)
    at Z (C:\Users\25R1116\Documents\Lernweg\node_modules\react-dom\cjs\react-dom-server.browser.production.min.js:76:89)
    at Zc (C:\Users\25R1116\Documents\Lernweg\node_modules\react-dom\cjs\react-dom-server.browser.production.min.js:70:481)
    at Z (C:\Users\25R1116\Documents\Lernweg\node_modules\react-dom\cjs\react-dom-server.browser.production.min.js:76:89)
    at $c (C:\Users\25R1116\Documents\Lernweg\node_modules\react-dom\cjs\react-dom-server.browser.production.min.js:78:98)
Error: No content found for the current route. This is a Nextra bug.
    at i (C:\Users\25R1116\Documents\Lernweg\.next\server\chunks\2177.js:15:61001)
    at l (C:\Users\25R1116\Documents\Lernweg\.next\server\chunks\2177.js:15:54210)
    at Wc (C:\Users\25R1116\Documents\Lernweg\node_modules\react-dom\cjs\react-dom-server.browser.production.min.js:68:44)
    at Zc (C:\Users\25R1116\Documents\Lernweg\node_modules\react-dom\cjs\react-dom-server.browser.production.min.js:70:253)
    at Z (C:\Users\25R1116\Documents\Lernweg\node_modules\react-dom\cjs\react-dom-server.browser.production.min.js:76:89)
    at Zc (C:\Users\25R1116\Documents\Lernweg\node_modules\react-dom\cjs\react-dom-server.browser.production.min.js:70:481)
    at Z (C:\Users\25R1116\Documents\Lernweg\node_modules\react-dom\cjs\react-dom-server.browser.production.min.js:76:89)
    at Zc (C:\Users\25R1116\Documents\Lernweg\node_modules\react-dom\cjs\react-dom-server.browser.production.min.js:70:481)
    at Z (C:\Users\25R1116\Documents\Lernweg\node_modules\react-dom\cjs\react-dom-server.browser.production.min.js:76:89)
    at $c (C:\Users\25R1116\Documents\Lernweg\node_modules\react-dom\cjs\react-dom-server.browser.production.min.js:78:98)

Error occurred prerendering page "/01_25R1116/01_Frontend/01_HTML_CSS/01_HTML_CSS_Bootstrap螳溯ｷｵ". Read more: https://nextjs.org/docs/messages/prerender-error

Error: No content found for the current route. This is a Nextra bug.
    at i (C:\Users\25R1116\Documents\Lernweg\.next\server\chunks\2177.js:15:61001)
    at l (C:\Users\25R1116\Documents\Lernweg\.next\server\chunks\2177.js:15:54210)
    at Wc (C:\Users\25R1116\Documents\Lernweg\node_modules\react-dom\cjs\react-dom-server.browser.production.min.js:68:44)
    at Zc (C:\Users\25R1116\Documents\Lernweg\node_modules\react-dom\cjs\react-dom-server.browser.production.min.js:70:253)
    at Z (C:\Users\25R1116\Documents\Lernweg\node_modules\react-dom\cjs\react-dom-server.browser.production.min.js:76:89)
    at Zc (C:\Users\25R1116\Documents\Lernweg\node_modules\react-dom\cjs\react-dom-server.browser.production.min.js:70:481)
    at Z (C:\Users\25R1116\Documents\Lernweg\node_modules\react-dom\cjs\react-dom-server.browser.production.min.js:76:89)
    at Zc (C:\Users\25R1116\Documents\Lernweg\node_modules\react-dom\cjs\react-dom-server.browser.production.min.js:70:481)
    at Z (C:\Users\25R1116\Documents\Lernweg\node_modules\react-dom\cjs\react-dom-server.browser.production.min.js:76:89)
    at $c (C:\Users\25R1116\Documents\Lernweg\node_modules\react-dom\cjs\react-dom-server.browser.production.min.js:78:98)
Error: No content found for the current route. This is a Nextra bug.
    at i (C:\Users\25R1116\Documents\Lernweg\.next\server\chunks\2177.js:15:61001)
    at l (C:\Users\25R1116\Documents\Lernweg\.next\server\chunks\2177.js:15:54210)
    at Wc (C:\Users\25R1116\Documents\Lernweg\node_modules\react-dom\cjs\react-dom-server.browser.production.min.js:68:44)
    at Zc (C:\Users\25R1116\Documents\Lernweg\node_modules\react-dom\cjs\react-dom-server.browser.production.min.js:70:253)
    at Z (C:\Users\25R1116\Documents\Lernweg\node_modules\react-dom\cjs\react-dom-server.browser.production.min.js:76:89)
    at Zc (C:\Users\25R1116\Documents\Lernweg\node_modules\react-dom\cjs\react-dom-server.browser.production.min.js:70:481)
    at Z (C:\Users\25R1116\Documents\Lernweg\node_modules\react-dom\cjs\react-dom-server.browser.production.min.js:76:89)
    at Zc (C:\Users\25R1116\Documents\Lernweg\node_modules\react-dom\cjs\react-dom-server.browser.production.min.js:70:481)
    at Z (C:\Users\25R1116\Documents\Lernweg\node_modules\react-dom\cjs\react-dom-server.browser.production.min.js:76:89)
    at $c (C:\Users\25R1116\Documents\Lernweg\node_modules\react-dom\cjs\react-dom-server.browser.production.min.js:78:98)

Error occurred prerendering page "/01_25R1116/02_Backend/01_Flask/00_Flask_蝓ｺ遉弱→蜑肴署遏･隴・. Read more: https://nextjs.org/docs/messages/prerender-error

Error: No content found for the current route. This is a Nextra bug.
    at i (C:\Users\25R1116\Documents\Lernweg\.next\server\chunks\2177.js:15:61001)
    at l (C:\Users\25R1116\Documents\Lernweg\.next\server\chunks\2177.js:15:54210)
    at Wc (C:\Users\25R1116\Documents\Lernweg\node_modules\react-dom\cjs\react-dom-server.browser.production.min.js:68:44)
    at Zc (C:\Users\25R1116\Documents\Lernweg\node_modules\react-dom\cjs\react-dom-server.browser.production.min.js:70:253)
    at Z (C:\Users\25R1116\Documents\Lernweg\node_modules\react-dom\cjs\react-dom-server.browser.production.min.js:76:89)
    at Zc (C:\Users\25R1116\Documents\Lernweg\node_modules\react-dom\cjs\react-dom-server.browser.production.min.js:70:481)
    at Z (C:\Users\25R1116\Documents\Lernweg\node_modules\react-dom\cjs\react-dom-server.browser.production.min.js:76:89)
    at Zc (C:\Users\25R1116\Documents\Lernweg\node_modules\react-dom\cjs\react-dom-server.browser.production.min.js:70:481)
    at Z (C:\Users\25R1116\Documents\Lernweg\node_modules\react-dom\cjs\react-dom-server.browser.production.min.js:76:89)
    at $c (C:\Users\25R1116\Documents\Lernweg\node_modules\react-dom\cjs\react-dom-server.browser.production.min.js:78:98)
Error: No content found for the current route. This is a Nextra bug.
    at i (C:\Users\25R1116\Documents\Lernweg\.next\server\chunks\2177.js:15:61001)
    at l (C:\Users\25R1116\Documents\Lernweg\.next\server\chunks\2177.js:15:54210)
    at Wc (C:\Users\25R1116\Documents\Lernweg\node_modules\react-dom\cjs\react-dom-server.browser.production.min.js:68:44)
    at Zc (C:\Users\25R1116\Documents\Lernweg\node_modules\react-dom\cjs\react-dom-server.browser.production.min.js:70:253)
    at Z (C:\Users\25R1116\Documents\Lernweg\node_modules\react-dom\cjs\react-dom-server.browser.production.min.js:76:89)
    at Zc (C:\Users\25R1116\Documents\Lernweg\node_modules\react-dom\cjs\react-dom-server.browser.production.min.js:70:481)
    at Z (C:\Users\25R1116\Documents\Lernweg\node_modules\react-dom\cjs\react-dom-server.browser.production.min.js:76:89)
    at Zc (C:\Users\25R1116\Documents\Lernweg\node_modules\react-dom\cjs\react-dom-server.browser.production.min.js:70:481)
    at Z (C:\Users\25R1116\Documents\Lernweg\node_modules\react-dom\cjs\react-dom-server.browser.production.min.js:76:89)
    at $c (C:\Users\25R1116\Documents\Lernweg\node_modules\react-dom\cjs\react-dom-server.browser.production.min.js:78:98)

Error occurred prerendering page "/01_25R1116/01_Frontend/05_Nextjs/00_Nextjs_蝓ｺ遉弱→蜑肴署遏･隴・. Read more: https://nextjs.org/docs/messages/prerender-error

Error: No content found for the current route. This is a Nextra bug.
    at i (C:\Users\25R1116\Documents\Lernweg\.next\server\chunks\2177.js:15:61001)
    at l (C:\Users\25R1116\Documents\Lernweg\.next\server\chunks\2177.js:15:54210)
    at Wc (C:\Users\25R1116\Documents\Lernweg\node_modules\react-dom\cjs\react-dom-server.browser.production.min.js:68:44)
    at Zc (C:\Users\25R1116\Documents\Lernweg\node_modules\react-dom\cjs\react-dom-server.browser.production.min.js:70:253)
    at Z (C:\Users\25R1116\Documents\Lernweg\node_modules\react-dom\cjs\react-dom-server.browser.production.min.js:76:89)
    at Zc (C:\Users\25R1116\Documents\Lernweg\node_modules\react-dom\cjs\react-dom-server.browser.production.min.js:70:481)
    at Z (C:\Users\25R1116\Documents\Lernweg\node_modules\react-dom\cjs\react-dom-server.browser.production.min.js:76:89)
    at Zc (C:\Users\25R1116\Documents\Lernweg\node_modules\react-dom\cjs\react-dom-server.browser.production.min.js:70:481)
    at Z (C:\Users\25R1116\Documents\Lernweg\node_modules\react-dom\cjs\react-dom-server.browser.production.min.js:76:89)
    at $c (C:\Users\25R1116\Documents\Lernweg\node_modules\react-dom\cjs\react-dom-server.browser.production.min.js:78:98)
Error: No content found for the current route. This is a Nextra bug.
    at i (C:\Users\25R1116\Documents\Lernweg\.next\server\chunks\2177.js:15:61001)
    at l (C:\Users\25R1116\Documents\Lernweg\.next\server\chunks\2177.js:15:54210)
    at Wc (C:\Users\25R1116\Documents\Lernweg\node_modules\react-dom\cjs\react-dom-server.browser.production.min.js:68:44)
    at Zc (C:\Users\25R1116\Documents\Lernweg\node_modules\react-dom\cjs\react-dom-server.browser.production.min.js:70:253)
    at Z (C:\Users\25R1116\Documents\Lernweg\node_modules\react-dom\cjs\react-dom-server.browser.production.min.js:76:89)
    at Zc (C:\Users\25R1116\Documents\Lernweg\node_modules\react-dom\cjs\react-dom-server.browser.production.min.js:70:481)
    at Z (C:\Users\25R1116\Documents\Lernweg\node_modules\react-dom\cjs\react-dom-server.browser.production.min.js:76:89)
    at Zc (C:\Users\25R1116\Documents\Lernweg\node_modules\react-dom\cjs\react-dom-server.browser.production.min.js:70:481)
    at Z (C:\Users\25R1116\Documents\Lernweg\node_modules\react-dom\cjs\react-dom-server.browser.production.min.js:76:89)
    at $c (C:\Users\25R1116\Documents\Lernweg\node_modules\react-dom\cjs\react-dom-server.browser.production.min.js:78:98)

Error occurred prerendering page "/01_25R1116/02_Backend/00_Python/00_Python_蝓ｺ遉弱→蜑肴署遏･隴・. Read more: https://nextjs.org/docs/messages/prerender-error

Error: No content found for the current route. This is a Nextra bug.
    at i (C:\Users\25R1116\Documents\Lernweg\.next\server\chunks\2177.js:15:61001)
    at l (C:\Users\25R1116\Documents\Lernweg\.next\server\chunks\2177.js:15:54210)
    at Wc (C:\Users\25R1116\Documents\Lernweg\node_modules\react-dom\cjs\react-dom-server.browser.production.min.js:68:44)
    at Zc (C:\Users\25R1116\Documents\Lernweg\node_modules\react-dom\cjs\react-dom-server.browser.production.min.js:70:253)
    at Z (C:\Users\25R1116\Documents\Lernweg\node_modules\react-dom\cjs\react-dom-server.browser.production.min.js:76:89)
    at Zc (C:\Users\25R1116\Documents\Lernweg\node_modules\react-dom\cjs\react-dom-server.browser.production.min.js:70:481)
    at Z (C:\Users\25R1116\Documents\Lernweg\node_modules\react-dom\cjs\react-dom-server.browser.production.min.js:76:89)
    at Zc (C:\Users\25R1116\Documents\Lernweg\node_modules\react-dom\cjs\react-dom-server.browser.production.min.js:70:481)
    at Z (C:\Users\25R1116\Documents\Lernweg\node_modules\react-dom\cjs\react-dom-server.browser.production.min.js:76:89)
    at $c (C:\Users\25R1116\Documents\Lernweg\node_modules\react-dom\cjs\react-dom-server.browser.production.min.js:78:98)
Error: No content found for the current route. This is a Nextra bug.
    at i (C:\Users\25R1116\Documents\Lernweg\.next\server\chunks\2177.js:15:61001)
    at l (C:\Users\25R1116\Documents\Lernweg\.next\server\chunks\2177.js:15:54210)
    at Wc (C:\Users\25R1116\Documents\Lernweg\node_modules\react-dom\cjs\react-dom-server.browser.production.min.js:68:44)
    at Zc (C:\Users\25R1116\Documents\Lernweg\node_modules\react-dom\cjs\react-dom-server.browser.production.min.js:70:253)
    at Z (C:\Users\25R1116\Documents\Lernweg\node_modules\react-dom\cjs\react-dom-server.browser.production.min.js:76:89)
    at Zc (C:\Users\25R1116\Documents\Lernweg\node_modules\react-dom\cjs\react-dom-server.browser.production.min.js:70:481)
    at Z (C:\Users\25R1116\Documents\Lernweg\node_modules\react-dom\cjs\react-dom-server.browser.production.min.js:76:89)
    at Zc (C:\Users\25R1116\Documents\Lernweg\node_modules\react-dom\cjs\react-dom-server.browser.production.min.js:70:481)
    at Z (C:\Users\25R1116\Documents\Lernweg\node_modules\react-dom\cjs\react-dom-server.browser.production.min.js:76:89)
    at $c (C:\Users\25R1116\Documents\Lernweg\node_modules\react-dom\cjs\react-dom-server.browser.production.min.js:78:98)

Error occurred prerendering page "/01_25R1116/01_Frontend/02_JavaScript/01_JavaScript_繧ｪ繝悶ず繧ｧ繧ｯ繝域欠蜷大ｮ溯ｷｵ". Read more: https://nextjs.org/docs/messages/prerender-error

Error: No content found for the current route. This is a Nextra bug.
    at i (C:\Users\25R1116\Documents\Lernweg\.next\server\chunks\2177.js:15:61001)
    at l (C:\Users\25R1116\Documents\Lernweg\.next\server\chunks\2177.js:15:54210)
    at Wc (C:\Users\25R1116\Documents\Lernweg\node_modules\react-dom\cjs\react-dom-server.browser.production.min.js:68:44)
    at Zc (C:\Users\25R1116\Documents\Lernweg\node_modules\react-dom\cjs\react-dom-server.browser.production.min.js:70:253)
    at Z (C:\Users\25R1116\Documents\Lernweg\node_modules\react-dom\cjs\react-dom-server.browser.production.min.js:76:89)
    at Zc (C:\Users\25R1116\Documents\Lernweg\node_modules\react-dom\cjs\react-dom-server.browser.production.min.js:70:481)
    at Z (C:\Users\25R1116\Documents\Lernweg\node_modules\react-dom\cjs\react-dom-server.browser.production.min.js:76:89)
    at Zc (C:\Users\25R1116\Documents\Lernweg\node_modules\react-dom\cjs\react-dom-server.browser.production.min.js:70:481)
    at Z (C:\Users\25R1116\Documents\Lernweg\node_modules\react-dom\cjs\react-dom-server.browser.production.min.js:76:89)
    at $c (C:\Users\25R1116\Documents\Lernweg\node_modules\react-dom\cjs\react-dom-server.browser.production.min.js:78:98)
Error: No content found for the current route. This is a Nextra bug.
    at i (C:\Users\25R1116\Documents\Lernweg\.next\server\chunks\2177.js:15:61001)
    at l (C:\Users\25R1116\Documents\Lernweg\.next\server\chunks\2177.js:15:54210)
    at Wc (C:\Users\25R1116\Documents\Lernweg\node_modules\react-dom\cjs\react-dom-server.browser.production.min.js:68:44)
    at Zc (C:\Users\25R1116\Documents\Lernweg\node_modules\react-dom\cjs\react-dom-server.browser.production.min.js:70:253)
    at Z (C:\Users\25R1116\Documents\Lernweg\node_modules\react-dom\cjs\react-dom-server.browser.production.min.js:76:89)
    at Zc (C:\Users\25R1116\Documents\Lernweg\node_modules\react-dom\cjs\react-dom-server.browser.production.min.js:70:481)
    at Z (C:\Users\25R1116\Documents\Lernweg\node_modules\react-dom\cjs\react-dom-server.browser.production.min.js:76:89)
    at Zc (C:\Users\25R1116\Documents\Lernweg\node_modules\react-dom\cjs\react-dom-server.browser.production.min.js:70:481)
    at Z (C:\Users\25R1116\Documents\Lernweg\node_modules\react-dom\cjs\react-dom-server.browser.production.min.js:76:89)
    at $c (C:\Users\25R1116\Documents\Lernweg\node_modules\react-dom\cjs\react-dom-server.browser.production.min.js:78:98)

Error occurred prerendering page "/01_25R1116/01_Frontend/04_React/00_React_蝓ｺ遉弱→蜑肴署遏･隴・. Read more: https://nextjs.org/docs/messages/prerender-error

Error: No content found for the current route. This is a Nextra bug.
    at i (C:\Users\25R1116\Documents\Lernweg\.next\server\chunks\2177.js:15:61001)
    at l (C:\Users\25R1116\Documents\Lernweg\.next\server\chunks\2177.js:15:54210)
    at Wc (C:\Users\25R1116\Documents\Lernweg\node_modules\react-dom\cjs\react-dom-server.browser.production.min.js:68:44)
    at Zc (C:\Users\25R1116\Documents\Lernweg\node_modules\react-dom\cjs\react-dom-server.browser.production.min.js:70:253)
    at Z (C:\Users\25R1116\Documents\Lernweg\node_modules\react-dom\cjs\react-dom-server.browser.production.min.js:76:89)
    at Zc (C:\Users\25R1116\Documents\Lernweg\node_modules\react-dom\cjs\react-dom-server.browser.production.min.js:70:481)
    at Z (C:\Users\25R1116\Documents\Lernweg\node_modules\react-dom\cjs\react-dom-server.browser.production.min.js:76:89)
    at Zc (C:\Users\25R1116\Documents\Lernweg\node_modules\react-dom\cjs\react-dom-server.browser.production.min.js:70:481)
    at Z (C:\Users\25R1116\Documents\Lernweg\node_modules\react-dom\cjs\react-dom-server.browser.production.min.js:76:89)
    at $c (C:\Users\25R1116\Documents\Lernweg\node_modules\react-dom\cjs\react-dom-server.browser.production.min.js:78:98)
   Generating static pages (11/47) 
Error: No content found for the current route. This is a Nextra bug.
    at i (C:\Users\25R1116\Documents\Lernweg\.next\server\chunks\2177.js:15:61001)
    at l (C:\Users\25R1116\Documents\Lernweg\.next\server\chunks\2177.js:15:54210)
    at Wc (C:\Users\25R1116\Documents\Lernweg\node_modules\react-dom\cjs\react-dom-server.browser.production.min.js:68:44)
    at Zc (C:\Users\25R1116\Documents\Lernweg\node_modules\react-dom\cjs\react-dom-server.browser.production.min.js:70:253)
    at Z (C:\Users\25R1116\Documents\Lernweg\node_modules\react-dom\cjs\react-dom-server.browser.production.min.js:76:89)
    at Zc (C:\Users\25R1116\Documents\Lernweg\node_modules\react-dom\cjs\react-dom-server.browser.production.min.js:70:481)
    at Z (C:\Users\25R1116\Documents\Lernweg\node_modules\react-dom\cjs\react-dom-server.browser.production.min.js:76:89)
    at Zc (C:\Users\25R1116\Documents\Lernweg\node_modules\react-dom\cjs\react-dom-server.browser.production.min.js:70:481)
    at Z (C:\Users\25R1116\Documents\Lernweg\node_modules\react-dom\cjs\react-dom-server.browser.production.min.js:76:89)
    at $c (C:\Users\25R1116\Documents\Lernweg\node_modules\react-dom\cjs\react-dom-server.browser.production.min.js:78:98)

Error occurred prerendering page "/01_25R1116/02_Backend/01_Flask/05_Flask_隲也炊蜑企勁縺ｨ陦ｨ遉ｺ荳雋ｫ諤ｧ縺ｮ險ｭ險・. Read more: https://nextjs.org/docs/messages/prerender-error

Error: No content found for the current route. This is a Nextra bug.
    at i (C:\Users\25R1116\Documents\Lernweg\.next\server\chunks\2177.js:15:61001)
    at l (C:\Users\25R1116\Documents\Lernweg\.next\server\chunks\2177.js:15:54210)
    at Wc (C:\Users\25R1116\Documents\Lernweg\node_modules\react-dom\cjs\react-dom-server.browser.production.min.js:68:44)
    at Zc (C:\Users\25R1116\Documents\Lernweg\node_modules\react-dom\cjs\react-dom-server.browser.production.min.js:70:253)
    at Z (C:\Users\25R1116\Documents\Lernweg\node_modules\react-dom\cjs\react-dom-server.browser.production.min.js:76:89)
    at Zc (C:\Users\25R1116\Documents\Lernweg\node_modules\react-dom\cjs\react-dom-server.browser.production.min.js:70:481)
    at Z (C:\Users\25R1116\Documents\Lernweg\node_modules\react-dom\cjs\react-dom-server.browser.production.min.js:76:89)
    at Zc (C:\Users\25R1116\Documents\Lernweg\node_modules\react-dom\cjs\react-dom-server.browser.production.min.js:70:481)
    at Z (C:\Users\25R1116\Documents\Lernweg\node_modules\react-dom\cjs\react-dom-server.browser.production.min.js:76:89)
    at $c (C:\Users\25R1116\Documents\Lernweg\node_modules\react-dom\cjs\react-dom-server.browser.production.min.js:78:98)
Error: No content found for the current route. This is a Nextra bug.
    at i (C:\Users\25R1116\Documents\Lernweg\.next\server\chunks\2177.js:15:61001)
    at l (C:\Users\25R1116\Documents\Lernweg\.next\server\chunks\2177.js:15:54210)
    at Wc (C:\Users\25R1116\Documents\Lernweg\node_modules\react-dom\cjs\react-dom-server.browser.production.min.js:68:44)
    at Zc (C:\Users\25R1116\Documents\Lernweg\node_modules\react-dom\cjs\react-dom-server.browser.production.min.js:70:253)
    at Z (C:\Users\25R1116\Documents\Lernweg\node_modules\react-dom\cjs\react-dom-server.browser.production.min.js:76:89)
    at Zc (C:\Users\25R1116\Documents\Lernweg\node_modules\react-dom\cjs\react-dom-server.browser.production.min.js:70:481)
    at Z (C:\Users\25R1116\Documents\Lernweg\node_modules\react-dom\cjs\react-dom-server.browser.production.min.js:76:89)
    at Zc (C:\Users\25R1116\Documents\Lernweg\node_modules\react-dom\cjs\react-dom-server.browser.production.min.js:70:481)
    at Z (C:\Users\25R1116\Documents\Lernweg\node_modules\react-dom\cjs\react-dom-server.browser.production.min.js:76:89)
    at $c (C:\Users\25R1116\Documents\Lernweg\node_modules\react-dom\cjs\react-dom-server.browser.production.min.js:78:98)

Error occurred prerendering page "/01_25R1116/02_Backend/01_Flask/06_Flask_Blueprint縺ｫ繧医ｋMVC繧｢繝ｼ繧ｭ繝・け繝√Ε". Read more: https://nextjs.org/docs/messages/prerender-error

Error: No content found for the current route. This is a Nextra bug.
    at i (C:\Users\25R1116\Documents\Lernweg\.next\server\chunks\2177.js:15:61001)
    at l (C:\Users\25R1116\Documents\Lernweg\.next\server\chunks\2177.js:15:54210)
    at Wc (C:\Users\25R1116\Documents\Lernweg\node_modules\react-dom\cjs\react-dom-server.browser.production.min.js:68:44)
    at Zc (C:\Users\25R1116\Documents\Lernweg\node_modules\react-dom\cjs\react-dom-server.browser.production.min.js:70:253)
    at Z (C:\Users\25R1116\Documents\Lernweg\node_modules\react-dom\cjs\react-dom-server.browser.production.min.js:76:89)
    at Zc (C:\Users\25R1116\Documents\Lernweg\node_modules\react-dom\cjs\react-dom-server.browser.production.min.js:70:481)
    at Z (C:\Users\25R1116\Documents\Lernweg\node_modules\react-dom\cjs\react-dom-server.browser.production.min.js:76:89)
    at Zc (C:\Users\25R1116\Documents\Lernweg\node_modules\react-dom\cjs\react-dom-server.browser.production.min.js:70:481)
    at Z (C:\Users\25R1116\Documents\Lernweg\node_modules\react-dom\cjs\react-dom-server.browser.production.min.js:76:89)
    at $c (C:\Users\25R1116\Documents\Lernweg\node_modules\react-dom\cjs\react-dom-server.browser.production.min.js:78:98)
Error: No content found for the current route. This is a Nextra bug.
    at i (C:\Users\25R1116\Documents\Lernweg\.next\server\chunks\2177.js:15:61001)
    at l (C:\Users\25R1116\Documents\Lernweg\.next\server\chunks\2177.js:15:54210)
    at Wc (C:\Users\25R1116\Documents\Lernweg\node_modules\react-dom\cjs\react-dom-server.browser.production.min.js:68:44)
    at Zc (C:\Users\25R1116\Documents\Lernweg\node_modules\react-dom\cjs\react-dom-server.browser.production.min.js:70:253)
    at Z (C:\Users\25R1116\Documents\Lernweg\node_modules\react-dom\cjs\react-dom-server.browser.production.min.js:76:89)
    at Zc (C:\Users\25R1116\Documents\Lernweg\node_modules\react-dom\cjs\react-dom-server.browser.production.min.js:70:481)
    at Z (C:\Users\25R1116\Documents\Lernweg\node_modules\react-dom\cjs\react-dom-server.browser.production.min.js:76:89)
    at Zc (C:\Users\25R1116\Documents\Lernweg\node_modules\react-dom\cjs\react-dom-server.browser.production.min.js:70:481)
    at Z (C:\Users\25R1116\Documents\Lernweg\node_modules\react-dom\cjs\react-dom-server.browser.production.min.js:76:89)
    at $c (C:\Users\25R1116\Documents\Lernweg\node_modules\react-dom\cjs\react-dom-server.browser.production.min.js:78:98)

Error occurred prerendering page "/01_25R1116/02_Backend/01_Flask/03_Flask_Jinja2繝・Φ繝励Ξ繝ｼ繝域ｧ区枚". Read more: https://nextjs.org/docs/messages/prerender-error

Error: No content found for the current route. This is a Nextra bug.
    at i (C:\Users\25R1116\Documents\Lernweg\.next\server\chunks\2177.js:15:61001)
    at l (C:\Users\25R1116\Documents\Lernweg\.next\server\chunks\2177.js:15:54210)
    at Wc (C:\Users\25R1116\Documents\Lernweg\node_modules\react-dom\cjs\react-dom-server.browser.production.min.js:68:44)
    at Zc (C:\Users\25R1116\Documents\Lernweg\node_modules\react-dom\cjs\react-dom-server.browser.production.min.js:70:253)
    at Z (C:\Users\25R1116\Documents\Lernweg\node_modules\react-dom\cjs\react-dom-server.browser.production.min.js:76:89)
    at Zc (C:\Users\25R1116\Documents\Lernweg\node_modules\react-dom\cjs\react-dom-server.browser.production.min.js:70:481)
    at Z (C:\Users\25R1116\Documents\Lernweg\node_modules\react-dom\cjs\react-dom-server.browser.production.min.js:76:89)
    at Zc (C:\Users\25R1116\Documents\Lernweg\node_modules\react-dom\cjs\react-dom-server.browser.production.min.js:70:481)
    at Z (C:\Users\25R1116\Documents\Lernweg\node_modules\react-dom\cjs\react-dom-server.browser.production.min.js:76:89)
    at $c (C:\Users\25R1116\Documents\Lernweg\node_modules\react-dom\cjs\react-dom-server.browser.production.min.js:78:98)
Error: No content found for the current route. This is a Nextra bug.
    at i (C:\Users\25R1116\Documents\Lernweg\.next\server\chunks\2177.js:15:61001)
    at l (C:\Users\25R1116\Documents\Lernweg\.next\server\chunks\2177.js:15:54210)
    at Wc (C:\Users\25R1116\Documents\Lernweg\node_modules\react-dom\cjs\react-dom-server.browser.production.min.js:68:44)
    at Zc (C:\Users\25R1116\Documents\Lernweg\node_modules\react-dom\cjs\react-dom-server.browser.production.min.js:70:253)
    at Z (C:\Users\25R1116\Documents\Lernweg\node_modules\react-dom\cjs\react-dom-server.browser.production.min.js:76:89)
    at Zc (C:\Users\25R1116\Documents\Lernweg\node_modules\react-dom\cjs\react-dom-server.browser.production.min.js:70:481)
    at Z (C:\Users\25R1116\Documents\Lernweg\node_modules\react-dom\cjs\react-dom-server.browser.production.min.js:76:89)
    at Zc (C:\Users\25R1116\Documents\Lernweg\node_modules\react-dom\cjs\react-dom-server.browser.production.min.js:70:481)
    at Z (C:\Users\25R1116\Documents\Lernweg\node_modules\react-dom\cjs\react-dom-server.browser.production.min.js:76:89)
    at $c (C:\Users\25R1116\Documents\Lernweg\node_modules\react-dom\cjs\react-dom-server.browser.production.min.js:78:98)

Error occurred prerendering page "/01_25R1116/04_Others/00_AI/00_AI_蝓ｺ遉弱→蜑肴署遏･隴・. Read more: https://nextjs.org/docs/messages/prerender-error

Error: No content found for the current route. This is a Nextra bug.
    at i (C:\Users\25R1116\Documents\Lernweg\.next\server\chunks\2177.js:15:61001)
    at l (C:\Users\25R1116\Documents\Lernweg\.next\server\chunks\2177.js:15:54210)
    at Wc (C:\Users\25R1116\Documents\Lernweg\node_modules\react-dom\cjs\react-dom-server.browser.production.min.js:68:44)
    at Zc (C:\Users\25R1116\Documents\Lernweg\node_modules\react-dom\cjs\react-dom-server.browser.production.min.js:70:253)
    at Z (C:\Users\25R1116\Documents\Lernweg\node_modules\react-dom\cjs\react-dom-server.browser.production.min.js:76:89)
    at Zc (C:\Users\25R1116\Documents\Lernweg\node_modules\react-dom\cjs\react-dom-server.browser.production.min.js:70:481)
    at Z (C:\Users\25R1116\Documents\Lernweg\node_modules\react-dom\cjs\react-dom-server.browser.production.min.js:76:89)
    at Zc (C:\Users\25R1116\Documents\Lernweg\node_modules\react-dom\cjs\react-dom-server.browser.production.min.js:70:481)
    at Z (C:\Users\25R1116\Documents\Lernweg\node_modules\react-dom\cjs\react-dom-server.browser.production.min.js:76:89)
    at $c (C:\Users\25R1116\Documents\Lernweg\node_modules\react-dom\cjs\react-dom-server.browser.production.min.js:78:98)
Error: No content found for the current route. This is a Nextra bug.
    at i (C:\Users\25R1116\Documents\Lernweg\.next\server\chunks\2177.js:15:61001)
    at l (C:\Users\25R1116\Documents\Lernweg\.next\server\chunks\2177.js:15:54210)
    at Wc (C:\Users\25R1116\Documents\Lernweg\node_modules\react-dom\cjs\react-dom-server.browser.production.min.js:68:44)
    at Zc (C:\Users\25R1116\Documents\Lernweg\node_modules\react-dom\cjs\react-dom-server.browser.production.min.js:70:253)
    at Z (C:\Users\25R1116\Documents\Lernweg\node_modules\react-dom\cjs\react-dom-server.browser.production.min.js:76:89)
    at Zc (C:\Users\25R1116\Documents\Lernweg\node_modules\react-dom\cjs\react-dom-server.browser.production.min.js:70:481)
    at Z (C:\Users\25R1116\Documents\Lernweg\node_modules\react-dom\cjs\react-dom-server.browser.production.min.js:76:89)
    at Zc (C:\Users\25R1116\Documents\Lernweg\node_modules\react-dom\cjs\react-dom-server.browser.production.min.js:70:481)
    at Z (C:\Users\25R1116\Documents\Lernweg\node_modules\react-dom\cjs\react-dom-server.browser.production.min.js:76:89)
    at $c (C:\Users\25R1116\Documents\Lernweg\node_modules\react-dom\cjs\react-dom-server.browser.production.min.js:78:98)

Error occurred prerendering page "/01_25R1116/02_Backend/01_Flask/04_Flask_SQLAlchemy蠢懃畑_ToDo繧｢繝励Μ". Read more: https://nextjs.org/docs/messages/prerender-error

Error: No content found for the current route. This is a Nextra bug.
    at i (C:\Users\25R1116\Documents\Lernweg\.next\server\chunks\2177.js:15:61001)
    at l (C:\Users\25R1116\Documents\Lernweg\.next\server\chunks\2177.js:15:54210)
    at Wc (C:\Users\25R1116\Documents\Lernweg\node_modules\react-dom\cjs\react-dom-server.browser.production.min.js:68:44)
    at Zc (C:\Users\25R1116\Documents\Lernweg\node_modules\react-dom\cjs\react-dom-server.browser.production.min.js:70:253)
    at Z (C:\Users\25R1116\Documents\Lernweg\node_modules\react-dom\cjs\react-dom-server.browser.production.min.js:76:89)
    at Zc (C:\Users\25R1116\Documents\Lernweg\node_modules\react-dom\cjs\react-dom-server.browser.production.min.js:70:481)
    at Z (C:\Users\25R1116\Documents\Lernweg\node_modules\react-dom\cjs\react-dom-server.browser.production.min.js:76:89)
    at Zc (C:\Users\25R1116\Documents\Lernweg\node_modules\react-dom\cjs\react-dom-server.browser.production.min.js:70:481)
    at Z (C:\Users\25R1116\Documents\Lernweg\node_modules\react-dom\cjs\react-dom-server.browser.production.min.js:76:89)
    at $c (C:\Users\25R1116\Documents\Lernweg\node_modules\react-dom\cjs\react-dom-server.browser.production.min.js:78:98)
Error: No content found for the current route. This is a Nextra bug.
    at i (C:\Users\25R1116\Documents\Lernweg\.next\server\chunks\2177.js:15:61001)
    at l (C:\Users\25R1116\Documents\Lernweg\.next\server\chunks\2177.js:15:54210)
    at Wc (C:\Users\25R1116\Documents\Lernweg\node_modules\react-dom\cjs\react-dom-server.browser.production.min.js:68:44)
    at Zc (C:\Users\25R1116\Documents\Lernweg\node_modules\react-dom\cjs\react-dom-server.browser.production.min.js:70:253)
    at Z (C:\Users\25R1116\Documents\Lernweg\node_modules\react-dom\cjs\react-dom-server.browser.production.min.js:76:89)
    at Zc (C:\Users\25R1116\Documents\Lernweg\node_modules\react-dom\cjs\react-dom-server.browser.production.min.js:70:481)
    at Z (C:\Users\25R1116\Documents\Lernweg\node_modules\react-dom\cjs\react-dom-server.browser.production.min.js:76:89)
    at Zc (C:\Users\25R1116\Documents\Lernweg\node_modules\react-dom\cjs\react-dom-server.browser.production.min.js:70:481)
    at Z (C:\Users\25R1116\Documents\Lernweg\node_modules\react-dom\cjs\react-dom-server.browser.production.min.js:76:89)
    at $c (C:\Users\25R1116\Documents\Lernweg\node_modules\react-dom\cjs\react-dom-server.browser.production.min.js:78:98)

Error occurred prerendering page "/01_25R1116/03_Infrastructure/00_Database/00_Database_蝓ｺ遉弱→蜑肴署遏･隴・. Read more: https://nextjs.org/docs/messages/prerender-error

Error: No content found for the current route. This is a Nextra bug.
    at i (C:\Users\25R1116\Documents\Lernweg\.next\server\chunks\2177.js:15:61001)
    at l (C:\Users\25R1116\Documents\Lernweg\.next\server\chunks\2177.js:15:54210)
    at Wc (C:\Users\25R1116\Documents\Lernweg\node_modules\react-dom\cjs\react-dom-server.browser.production.min.js:68:44)
    at Zc (C:\Users\25R1116\Documents\Lernweg\node_modules\react-dom\cjs\react-dom-server.browser.production.min.js:70:253)
    at Z (C:\Users\25R1116\Documents\Lernweg\node_modules\react-dom\cjs\react-dom-server.browser.production.min.js:76:89)
    at Zc (C:\Users\25R1116\Documents\Lernweg\node_modules\react-dom\cjs\react-dom-server.browser.production.min.js:70:481)
    at Z (C:\Users\25R1116\Documents\Lernweg\node_modules\react-dom\cjs\react-dom-server.browser.production.min.js:76:89)
    at Zc (C:\Users\25R1116\Documents\Lernweg\node_modules\react-dom\cjs\react-dom-server.browser.production.min.js:70:481)
    at Z (C:\Users\25R1116\Documents\Lernweg\node_modules\react-dom\cjs\react-dom-server.browser.production.min.js:76:89)
    at $c (C:\Users\25R1116\Documents\Lernweg\node_modules\react-dom\cjs\react-dom-server.browser.production.min.js:78:98)
Error: No content found for the current route. This is a Nextra bug.
    at i (C:\Users\25R1116\Documents\Lernweg\.next\server\chunks\2177.js:15:61001)
    at l (C:\Users\25R1116\Documents\Lernweg\.next\server\chunks\2177.js:15:54210)
    at Wc (C:\Users\25R1116\Documents\Lernweg\node_modules\react-dom\cjs\react-dom-server.browser.production.min.js:68:44)
    at Zc (C:\Users\25R1116\Documents\Lernweg\node_modules\react-dom\cjs\react-dom-server.browser.production.min.js:70:253)
    at Z (C:\Users\25R1116\Documents\Lernweg\node_modules\react-dom\cjs\react-dom-server.browser.production.min.js:76:89)
    at Zc (C:\Users\25R1116\Documents\Lernweg\node_modules\react-dom\cjs\react-dom-server.browser.production.min.js:70:481)
    at Z (C:\Users\25R1116\Documents\Lernweg\node_modules\react-dom\cjs\react-dom-server.browser.production.min.js:76:89)
    at Zc (C:\Users\25R1116\Documents\Lernweg\node_modules\react-dom\cjs\react-dom-server.browser.production.min.js:70:481)
    at Z (C:\Users\25R1116\Documents\Lernweg\node_modules\react-dom\cjs\react-dom-server.browser.production.min.js:76:89)
    at $c (C:\Users\25R1116\Documents\Lernweg\node_modules\react-dom\cjs\react-dom-server.browser.production.min.js:78:98)

Error occurred prerendering page "/01_25R1116/04_Others/02_CodingTest/01_讓呎ｺ門・蜉帙→CLI螳溯｡後・蝓ｺ遉守衍隴・. Read more: https://nextjs.org/docs/messages/prerender-error

Error: No content found for the current route. This is a Nextra bug.
    at i (C:\Users\25R1116\Documents\Lernweg\.next\server\chunks\2177.js:15:61001)
    at l (C:\Users\25R1116\Documents\Lernweg\.next\server\chunks\2177.js:15:54210)
    at Wc (C:\Users\25R1116\Documents\Lernweg\node_modules\react-dom\cjs\react-dom-server.browser.production.min.js:68:44)
    at Zc (C:\Users\25R1116\Documents\Lernweg\node_modules\react-dom\cjs\react-dom-server.browser.production.min.js:70:253)
    at Z (C:\Users\25R1116\Documents\Lernweg\node_modules\react-dom\cjs\react-dom-server.browser.production.min.js:76:89)
    at Zc (C:\Users\25R1116\Documents\Lernweg\node_modules\react-dom\cjs\react-dom-server.browser.production.min.js:70:481)
    at Z (C:\Users\25R1116\Documents\Lernweg\node_modules\react-dom\cjs\react-dom-server.browser.production.min.js:76:89)
    at Zc (C:\Users\25R1116\Documents\Lernweg\node_modules\react-dom\cjs\react-dom-server.browser.production.min.js:70:481)
    at Z (C:\Users\25R1116\Documents\Lernweg\node_modules\react-dom\cjs\react-dom-server.browser.production.min.js:76:89)
    at $c (C:\Users\25R1116\Documents\Lernweg\node_modules\react-dom\cjs\react-dom-server.browser.production.min.js:78:98)
Error: No content found for the current route. This is a Nextra bug.
    at i (C:\Users\25R1116\Documents\Lernweg\.next\server\chunks\2177.js:15:61001)
    at l (C:\Users\25R1116\Documents\Lernweg\.next\server\chunks\2177.js:15:54210)
    at Wc (C:\Users\25R1116\Documents\Lernweg\node_modules\react-dom\cjs\react-dom-server.browser.production.min.js:68:44)
    at Zc (C:\Users\25R1116\Documents\Lernweg\node_modules\react-dom\cjs\react-dom-server.browser.production.min.js:70:253)
    at Z (C:\Users\25R1116\Documents\Lernweg\node_modules\react-dom\cjs\react-dom-server.browser.production.min.js:76:89)
    at Zc (C:\Users\25R1116\Documents\Lernweg\node_modules\react-dom\cjs\react-dom-server.browser.production.min.js:70:481)
    at Z (C:\Users\25R1116\Documents\Lernweg\node_modules\react-dom\cjs\react-dom-server.browser.production.min.js:76:89)
    at Zc (C:\Users\25R1116\Documents\Lernweg\node_modules\react-dom\cjs\react-dom-server.browser.production.min.js:70:481)
    at Z (C:\Users\25R1116\Documents\Lernweg\node_modules\react-dom\cjs\react-dom-server.browser.production.min.js:76:89)
    at $c (C:\Users\25R1116\Documents\Lernweg\node_modules\react-dom\cjs\react-dom-server.browser.production.min.js:78:98)

Error occurred prerendering page "/00_Personal_Production_Log/03_Infrastructure/01_Minecraft_繧ｵ繝ｼ繝舌・讒狗ｯ峨→驕狗畑隧穂ｾ｡". Read more: https://nextjs.org/docs/messages/prerender-error

Error: No content found for the current route. This is a Nextra bug.
    at i (C:\Users\25R1116\Documents\Lernweg\.next\server\chunks\2177.js:15:61001)
    at l (C:\Users\25R1116\Documents\Lernweg\.next\server\chunks\2177.js:15:54210)
    at Wc (C:\Users\25R1116\Documents\Lernweg\node_modules\react-dom\cjs\react-dom-server.browser.production.min.js:68:44)
    at Zc (C:\Users\25R1116\Documents\Lernweg\node_modules\react-dom\cjs\react-dom-server.browser.production.min.js:70:253)
    at Z (C:\Users\25R1116\Documents\Lernweg\node_modules\react-dom\cjs\react-dom-server.browser.production.min.js:76:89)
    at Zc (C:\Users\25R1116\Documents\Lernweg\node_modules\react-dom\cjs\react-dom-server.browser.production.min.js:70:481)
    at Z (C:\Users\25R1116\Documents\Lernweg\node_modules\react-dom\cjs\react-dom-server.browser.production.min.js:76:89)
    at Zc (C:\Users\25R1116\Documents\Lernweg\node_modules\react-dom\cjs\react-dom-server.browser.production.min.js:70:481)
    at Z (C:\Users\25R1116\Documents\Lernweg\node_modules\react-dom\cjs\react-dom-server.browser.production.min.js:76:89)
    at $c (C:\Users\25R1116\Documents\Lernweg\node_modules\react-dom\cjs\react-dom-server.browser.production.min.js:78:98)
Error: No content found for the current route. This is a Nextra bug.
    at i (C:\Users\25R1116\Documents\Lernweg\.next\server\chunks\2177.js:15:61001)
    at l (C:\Users\25R1116\Documents\Lernweg\.next\server\chunks\2177.js:15:54210)
    at Wc (C:\Users\25R1116\Documents\Lernweg\node_modules\react-dom\cjs\react-dom-server.browser.production.min.js:68:44)
    at Zc (C:\Users\25R1116\Documents\Lernweg\node_modules\react-dom\cjs\react-dom-server.browser.production.min.js:70:253)
    at Z (C:\Users\25R1116\Documents\Lernweg\node_modules\react-dom\cjs\react-dom-server.browser.production.min.js:76:89)
    at Zc (C:\Users\25R1116\Documents\Lernweg\node_modules\react-dom\cjs\react-dom-server.browser.production.min.js:70:481)
    at Z (C:\Users\25R1116\Documents\Lernweg\node_modules\react-dom\cjs\react-dom-server.browser.production.min.js:76:89)
    at Zc (C:\Users\25R1116\Documents\Lernweg\node_modules\react-dom\cjs\react-dom-server.browser.production.min.js:70:481)
    at Z (C:\Users\25R1116\Documents\Lernweg\node_modules\react-dom\cjs\react-dom-server.browser.production.min.js:76:89)
    at $c (C:\Users\25R1116\Documents\Lernweg\node_modules\react-dom\cjs\react-dom-server.browser.production.min.js:78:98)

Error occurred prerendering page "/01_25R1116/05_Encyclopedia/01_JavaScript_TypeScript/02_JS_TS_迚ｹ譛峨・縺贋ｽ懈ｳ輔→莉冶ｨ隱樊ｯ碑ｼ・. Read more: https://nextjs.org/docs/messages/prerender-error

Error: No content found for the current route. This is a Nextra bug.
    at i (C:\Users\25R1116\Documents\Lernweg\.next\server\chunks\2177.js:15:61001)
    at l (C:\Users\25R1116\Documents\Lernweg\.next\server\chunks\2177.js:15:54210)
    at Wc (C:\Users\25R1116\Documents\Lernweg\node_modules\react-dom\cjs\react-dom-server.browser.production.min.js:68:44)
    at Zc (C:\Users\25R1116\Documents\Lernweg\node_modules\react-dom\cjs\react-dom-server.browser.production.min.js:70:253)
    at Z (C:\Users\25R1116\Documents\Lernweg\node_modules\react-dom\cjs\react-dom-server.browser.production.min.js:76:89)
    at Zc (C:\Users\25R1116\Documents\Lernweg\node_modules\react-dom\cjs\react-dom-server.browser.production.min.js:70:481)
    at Z (C:\Users\25R1116\Documents\Lernweg\node_modules\react-dom\cjs\react-dom-server.browser.production.min.js:76:89)
    at Zc (C:\Users\25R1116\Documents\Lernweg\node_modules\react-dom\cjs\react-dom-server.browser.production.min.js:70:481)
    at Z (C:\Users\25R1116\Documents\Lernweg\node_modules\react-dom\cjs\react-dom-server.browser.production.min.js:76:89)
    at $c (C:\Users\25R1116\Documents\Lernweg\node_modules\react-dom\cjs\react-dom-server.browser.production.min.js:78:98)
Invalid href '\00_Personal_Production_Log\01_Web_Application\00_Web_Application_菴ｿ逕ｨ險隱槭・謚陦薙せ繧ｿ繝・け荳隕ｧ' passed to next/router in page: '/01_25R1116/04_Others/01_IT_Literacy_and_Rules/02_Basic_IT_Literacy'. Repeated forward-slashes (//) or backslashes \ are not valid in the href.
Invalid href '\00_Personal_Production_Log\01_Web_Application\01_TheVocaloid-Times_AI螳悟・逕滓・莠倶ｾ玖ｩ穂ｾ｡' passed to next/router in page: '/01_25R1116/04_Others/01_IT_Literacy_and_Rules/02_Basic_IT_Literacy'. Repeated forward-slashes (//) or backslashes \ are not valid in the href.
Invalid href '\00_Personal_Production_Log\01_Web_Application\02_maybe-Goita-Online_AI螳悟・逕滓・莠倶ｾ玖ｩ穂ｾ｡' passed to next/router in page: '/01_25R1116/04_Others/01_IT_Literacy_and_Rules/02_Basic_IT_Literacy'. Repeated forward-slashes (//) or backslashes \ are not valid in the href.
Invalid href '\00_Personal_Production_Log\02_Portfolio\00_Portfolio_髢狗匱迺ｰ蠅・→繧｢繝ｼ繧ｭ繝・け繝√Ε蜑肴署' passed to next/router in page: '/01_25R1116/04_Others/01_IT_Literacy_and_Rules/02_Basic_IT_Literacy'. Repeated forward-slashes (//) or backslashes \ are not valid in the href.
Invalid href '\00_Personal_Production_Log\02_Portfolio\01_Project_Last-Stand_蜊疲･ｭ繧ｳ繝ｼ繝・ぅ繝ｳ繧ｰ縺ｨAI豢ｻ逕ｨ隧穂ｾ｡' passed to next/router in page: '/01_25R1116/04_Others/01_IT_Literacy_and_Rules/02_Basic_IT_Literacy'. Repeated forward-slashes (//) or backslashes \ are not valid in the href.
Invalid href '\00_Personal_Production_Log\03_Infrastructure\00_Infrastructure_蜑肴署遏･隴倥→讒区・險ｭ險・ passed to next/router in page: '/01_25R1116/04_Others/01_IT_Literacy_and_Rules/02_Basic_IT_Literacy'. Repeated forward-slashes (//) or backslashes \ are not valid in the href.
Invalid href '\00_Personal_Production_Log\03_Infrastructure\01_Minecraft_繧ｵ繝ｼ繝舌・讒狗ｯ峨→驕狗畑隧穂ｾ｡' passed to next/router in page: '/01_25R1116/04_Others/01_IT_Literacy_and_Rules/02_Basic_IT_Literacy'. Repeated forward-slashes (//) or backslashes \ are not valid in the href.
Invalid href '\00_Personal_Production_Log\03_Infrastructure\00_Database\00_Database_蝓ｺ遉弱→蜑肴署遏･隴・ passed to next/router in page: '/01_25R1116/04_Others/01_IT_Literacy_and_Rules/02_Basic_IT_Literacy'. Repeated forward-slashes (//) or backslashes \ are not valid in the href.
Invalid href '\01_25R1116\01_Frontend\01_HTML_CSS\00_HTML_CSS_蝓ｺ遉弱→蜑肴署遏･隴・ passed to next/router in page: '/01_25R1116/04_Others/01_IT_Literacy_and_Rules/02_Basic_IT_Literacy'. Repeated forward-slashes (//) or backslashes \ are not valid in the href.
Invalid href '\01_25R1116\01_Frontend\01_HTML_CSS\01_HTML_CSS_Bootstrap螳溯ｷｵ' passed to next/router in page: '/01_25R1116/04_Others/01_IT_Literacy_and_Rules/02_Basic_IT_Literacy'. Repeated forward-slashes (//) or backslashes \ are not valid in the href.
Invalid href '\01_25R1116\01_Frontend\02_JavaScript\00_JavaScript_蝓ｺ遉弱→蜑肴署遏･隴・ passed to next/router in page: '/01_25R1116/04_Others/01_IT_Literacy_and_Rules/02_Basic_IT_Literacy'. Repeated forward-slashes (//) or backslashes \ are not valid in the href.
Invalid href '\01_25R1116\01_Frontend\02_JavaScript\01_JavaScript_繧ｪ繝悶ず繧ｧ繧ｯ繝域欠蜷大ｮ溯ｷｵ' passed to next/router in page: '/01_25R1116/04_Others/01_IT_Literacy_and_Rules/02_Basic_IT_Literacy'. Repeated forward-slashes (//) or backslashes \ are not valid in the href.
Invalid href '\01_25R1116\01_Frontend\03_TypeScript\00_TypeScript_蝓ｺ遉弱→蜑肴署遏･隴・ passed to next/router in page: '/01_25R1116/04_Others/01_IT_Literacy_and_Rules/02_Basic_IT_Literacy'. Repeated forward-slashes (//) or backslashes \ are not valid in the href.
Invalid href '\01_25R1116\01_Frontend\04_React\00_React_蝓ｺ遉弱→蜑肴署遏･隴・ passed to next/router in page: '/01_25R1116/04_Others/01_IT_Literacy_and_Rules/02_Basic_IT_Literacy'. Repeated forward-slashes (//) or backslashes \ are not valid in the href.
Invalid href '\01_25R1116\01_Frontend\05_Nextjs\00_Nextjs_蝓ｺ遉弱→蜑肴署遏･隴・ passed to next/router in page: '/01_25R1116/04_Others/01_IT_Literacy_and_Rules/02_Basic_IT_Literacy'. Repeated forward-slashes (//) or backslashes \ are not valid in the href.
Invalid href '\01_25R1116\02_Backend\00_Python\00_Python_蝓ｺ遉弱→蜑肴署遏･隴・ passed to next/router in page: '/01_25R1116/04_Others/01_IT_Literacy_and_Rules/02_Basic_IT_Literacy'. Repeated forward-slashes (//) or backslashes \ are not valid in the href.
Invalid href '\01_25R1116\02_Backend\01_Flask\00_Flask_蝓ｺ遉弱→蜑肴署遏･隴・ passed to next/router in page: '/01_25R1116/04_Others/01_IT_Literacy_and_Rules/02_Basic_IT_Literacy'. Repeated forward-slashes (//) or backslashes \ are not valid in the href.
Invalid href '\01_25R1116\02_Backend\01_Flask\01_Flask_WTForms蠢懃畑' passed to next/router in page: '/01_25R1116/04_Others/01_IT_Literacy_and_Rules/02_Basic_IT_Literacy'. Repeated forward-slashes (//) or backslashes \ are not valid in the href.
Invalid href '\01_25R1116\02_Backend\01_Flask\02_Flask_繝・・繧ｿ繝吶・繧ｹ縺ｨORM' passed to next/router in page: '/01_25R1116/04_Others/01_IT_Literacy_and_Rules/02_Basic_IT_Literacy'. Repeated forward-slashes (//) or backslashes \ are not valid in the href.
Invalid href '\01_25R1116\02_Backend\01_Flask\03_Flask_Jinja2繝・Φ繝励Ξ繝ｼ繝域ｧ区枚' passed to next/router in page: '/01_25R1116/04_Others/01_IT_Literacy_and_Rules/02_Basic_IT_Literacy'. Repeated forward-slashes (//) or backslashes \ are not valid in the href.
Invalid href '\01_25R1116\02_Backend\01_Flask\04_Flask_SQLAlchemy蠢懃畑_ToDo繧｢繝励Μ' passed to next/router in page: '/01_25R1116/04_Others/01_IT_Literacy_and_Rules/02_Basic_IT_Literacy'. Repeated forward-slashes (//) or backslashes \ are not valid in the href.
Invalid href '\01_25R1116\02_Backend\01_Flask\05_Flask_隲也炊蜑企勁縺ｨ陦ｨ遉ｺ荳雋ｫ諤ｧ縺ｮ險ｭ險・ passed to next/router in page: '/01_25R1116/04_Others/01_IT_Literacy_and_Rules/02_Basic_IT_Literacy'. Repeated forward-slashes (//) or backslashes \ are not valid in the href.
Invalid href '\01_25R1116\02_Backend\01_Flask\06_Flask_Blueprint縺ｫ繧医ｋMVC繧｢繝ｼ繧ｭ繝・け繝√Ε' passed to next/router in page: '/01_25R1116/04_Others/01_IT_Literacy_and_Rules/02_Basic_IT_Literacy'. Repeated forward-slashes (//) or backslashes \ are not valid in the href.
Invalid href '\01_25R1116\03_Infrastructure\00_Database\00_Database_蝓ｺ遉弱→蜑肴署遏･隴・ passed to next/router in page: '/01_25R1116/04_Others/01_IT_Literacy_and_Rules/02_Basic_IT_Literacy'. Repeated forward-slashes (//) or backslashes \ are not valid in the href.
Invalid href '\01_25R1116\04_Others\00_AI\00_AI_蝓ｺ遉弱→蜑肴署遏･隴・ passed to next/router in page: '/01_25R1116/04_Others/01_IT_Literacy_and_Rules/02_Basic_IT_Literacy'. Repeated forward-slashes (//) or backslashes \ are not valid in the href.
Invalid href '\01_25R1116\04_Others\02_CodingTest\01_讓呎ｺ門・蜉帙→CLI螳溯｡後・蝓ｺ遉守衍隴・ passed to next/router in page: '/01_25R1116/04_Others/01_IT_Literacy_and_Rules/02_Basic_IT_Literacy'. Repeated forward-slashes (//) or backslashes \ are not valid in the href.
Invalid href '\01_25R1116\05_Encyclopedia\01_JavaScript_TypeScript\01_JS_TS_繝ｭ繧ｸ繝・け讒狗ｯ峨Γ繧ｽ繝・ラ蝗ｳ髑・ passed to next/router in page: '/01_25R1116/04_Others/01_IT_Literacy_and_Rules/02_Basic_IT_Literacy'. Repeated forward-slashes (//) or backslashes \ are not valid in the href.
Invalid href '\01_25R1116\05_Encyclopedia\01_JavaScript_TypeScript\02_JS_TS_迚ｹ譛峨・縺贋ｽ懈ｳ輔→莉冶ｨ隱樊ｯ碑ｼ・ passed to next/router in page: '/01_25R1116/04_Others/01_IT_Literacy_and_Rules/02_Basic_IT_Literacy'. Repeated forward-slashes (//) or backslashes \ are not valid in the href.
Invalid href '\01_25R1116\05_Encyclopedia\02_Python\01_Python_繝ｭ繧ｸ繝・け讒狗ｯ峨Γ繧ｽ繝・ラ蝗ｳ髑・ passed to next/router in page: '/01_25R1116/04_Others/01_IT_Literacy_and_Rules/02_Basic_IT_Literacy'. Repeated forward-slashes (//) or backslashes \ are not valid in the href.
Invalid href '\01_25R1116\05_Encyclopedia\02_Python\02_Python_迚ｹ譛峨・縺贋ｽ懈ｳ輔→莉冶ｨ隱樊ｯ碑ｼ・ passed to next/router in page: '/01_25R1116/04_Others/01_IT_Literacy_and_Rules/02_Basic_IT_Literacy'. Repeated forward-slashes (//) or backslashes \ are not valid in the href.
Invalid href '\01_25R1116\05_Encyclopedia\03_PHP\01_PHP_繝ｭ繧ｸ繝・け讒狗ｯ峨Γ繧ｽ繝・ラ蝗ｳ髑・ passed to next/router in page: '/01_25R1116/04_Others/01_IT_Literacy_and_Rules/02_Basic_IT_Literacy'. Repeated forward-slashes (//) or backslashes \ are not valid in the href.
Invalid href '\01_25R1116\05_Encyclopedia\03_PHP\02_PHP_迚ｹ譛峨・縺贋ｽ懈ｳ輔→莉冶ｨ隱樊ｯ碑ｼ・ passed to next/router in page: '/01_25R1116/04_Others/01_IT_Literacy_and_Rules/02_Basic_IT_Literacy'. Repeated forward-slashes (//) or backslashes \ are not valid in the href.
Invalid href '\01_25R1116\05_Encyclopedia\04_Frameworks\01_React_Nextjs_騾・ｼ輔″霎槫・' passed to next/router in page: '/01_25R1116/04_Others/01_IT_Literacy_and_Rules/02_Basic_IT_Literacy'. Repeated forward-slashes (//) or backslashes \ are not valid in the href.
Invalid href '\01_25R1116\05_Encyclopedia\04_Frameworks\02_Flask_SQLAlchemy_騾・ｼ輔″霎槫・' passed to next/router in page: '/01_25R1116/04_Others/01_IT_Literacy_and_Rules/02_Basic_IT_Literacy'. Repeated forward-slashes (//) or backslashes \ are not valid in the href.
Invalid href '\01_25R1116\05_Encyclopedia\04_Frameworks\03_Laravel_PHP_蛻晏ｭｦ閠・髄縺大・髢' passed to next/router in page: '/01_25R1116/04_Others/01_IT_Literacy_and_Rules/02_Basic_IT_Literacy'. Repeated forward-slashes (//) or backslashes \ are not valid in the href.
Invalid href '\01_25R1116\05_Encyclopedia\05_Database\01_SQL_RDB_蝓ｺ譛ｬ繧ｯ繧ｨ繝ｪ縺ｨ繧｢繝ｳ繝√ヱ繧ｿ繝ｼ繝ｳ蝗ｳ髑・ passed to next/router in page: '/01_25R1116/04_Others/01_IT_Literacy_and_Rules/02_Basic_IT_Literacy'. Repeated forward-slashes (//) or backslashes \ are not valid in the href.
Invalid href '\01_25R1116\05_Encyclopedia\05_Database\02_DB險ｭ險・繧､繝ｳ繝・ャ繧ｯ繧ｹ縺ｨ繝医Λ繝ｳ繧ｶ繧ｯ繧ｷ繝ｧ繝ｳ縺ｮ縺贋ｽ懈ｳ・ passed to next/router in page: '/01_25R1116/04_Others/01_IT_Literacy_and_Rules/02_Basic_IT_Literacy'. Repeated forward-slashes (//) or backslashes \ are not valid in the href.
Invalid href '\01_25R1116\05_Encyclopedia\06_Mobile_App\01_Native\01_Swift_Kotlin_讎りｦ√→豁ｴ蜿ｲ' passed to next/router in page: '/01_25R1116/04_Others/01_IT_Literacy_and_Rules/02_Basic_IT_Literacy'. Repeated forward-slashes (//) or backslashes \ are not valid in the href.
Invalid href '\01_25R1116\05_Encyclopedia\06_Mobile_App\02_CrossPlatform\01_Flutter_Dart_蛻晏ｭｦ閠・髄縺大・髢' passed to next/router in page: '/01_25R1116/04_Others/01_IT_Literacy_and_Rules/02_Basic_IT_Literacy'. Repeated forward-slashes (//) or backslashes \ are not valid in the href.
Invalid href '\01_25R1116\04_Others\02_CodingTest\01_讓呎ｺ門・蜉帙→CLI螳溯｡後・蝓ｺ遉守衍隴・ passed to next/router in page: '/01_25R1116/04_Others/01_IT_Literacy_and_Rules/02_Basic_IT_Literacy'. Repeated forward-slashes (//) or backslashes \ are not valid in the href.
Invalid href '\00_Personal_Production_Log\01_Web_Application\00_Web_Application_菴ｿ逕ｨ險隱槭・謚陦薙せ繧ｿ繝・け荳隕ｧ' passed to next/router in page: '/01_25R1116/04_Others/01_IT_Literacy_and_Rules/01_Unspoken_Rules_for_Juniors'. Repeated forward-slashes (//) or backslashes \ are not valid in the href.
Invalid href '\00_Personal_Production_Log\01_Web_Application\01_TheVocaloid-Times_AI螳悟・逕滓・莠倶ｾ玖ｩ穂ｾ｡' passed to next/router in page: '/01_25R1116/04_Others/01_IT_Literacy_and_Rules/01_Unspoken_Rules_for_Juniors'. Repeated forward-slashes (//) or backslashes \ are not valid in the href.
Invalid href '\00_Personal_Production_Log\01_Web_Application\02_maybe-Goita-Online_AI螳悟・逕滓・莠倶ｾ玖ｩ穂ｾ｡' passed to next/router in page: '/01_25R1116/04_Others/01_IT_Literacy_and_Rules/01_Unspoken_Rules_for_Juniors'. Repeated forward-slashes (//) or backslashes \ are not valid in the href.
Invalid href '\00_Personal_Production_Log\02_Portfolio\00_Portfolio_髢狗匱迺ｰ蠅・→繧｢繝ｼ繧ｭ繝・け繝√Ε蜑肴署' passed to next/router in page: '/01_25R1116/04_Others/01_IT_Literacy_and_Rules/01_Unspoken_Rules_for_Juniors'. Repeated forward-slashes (//) or backslashes \ are not valid in the href.
Invalid href '\00_Personal_Production_Log\02_Portfolio\01_Project_Last-Stand_蜊疲･ｭ繧ｳ繝ｼ繝・ぅ繝ｳ繧ｰ縺ｨAI豢ｻ逕ｨ隧穂ｾ｡' passed to next/router in page: '/01_25R1116/04_Others/01_IT_Literacy_and_Rules/01_Unspoken_Rules_for_Juniors'. Repeated forward-slashes (//) or backslashes \ are not valid in the href.
Invalid href '\00_Personal_Production_Log\03_Infrastructure\00_Infrastructure_蜑肴署遏･隴倥→讒区・險ｭ險・ passed to next/router in page: '/01_25R1116/04_Others/01_IT_Literacy_and_Rules/01_Unspoken_Rules_for_Juniors'. Repeated forward-slashes (//) or backslashes \ are not valid in the href.
Invalid href '\00_Personal_Production_Log\03_Infrastructure\01_Minecraft_繧ｵ繝ｼ繝舌・讒狗ｯ峨→驕狗畑隧穂ｾ｡' passed to next/router in page: '/01_25R1116/04_Others/01_IT_Literacy_and_Rules/01_Unspoken_Rules_for_Juniors'. Repeated forward-slashes (//) or backslashes \ are not valid in the href.
Invalid href '\00_Personal_Production_Log\03_Infrastructure\00_Database\00_Database_蝓ｺ遉弱→蜑肴署遏･隴・ passed to next/router in page: '/01_25R1116/04_Others/01_IT_Literacy_and_Rules/01_Unspoken_Rules_for_Juniors'. Repeated forward-slashes (//) or backslashes \ are not valid in the href.
Invalid href '\01_25R1116\01_Frontend\01_HTML_CSS\00_HTML_CSS_蝓ｺ遉弱→蜑肴署遏･隴・ passed to next/router in page: '/01_25R1116/04_Others/01_IT_Literacy_and_Rules/01_Unspoken_Rules_for_Juniors'. Repeated forward-slashes (//) or backslashes \ are not valid in the href.
Invalid href '\01_25R1116\01_Frontend\01_HTML_CSS\01_HTML_CSS_Bootstrap螳溯ｷｵ' passed to next/router in page: '/01_25R1116/04_Others/01_IT_Literacy_and_Rules/01_Unspoken_Rules_for_Juniors'. Repeated forward-slashes (//) or backslashes \ are not valid in the href.
Invalid href '\01_25R1116\01_Frontend\02_JavaScript\00_JavaScript_蝓ｺ遉弱→蜑肴署遏･隴・ passed to next/router in page: '/01_25R1116/04_Others/01_IT_Literacy_and_Rules/01_Unspoken_Rules_for_Juniors'. Repeated forward-slashes (//) or backslashes \ are not valid in the href.
Invalid href '\01_25R1116\01_Frontend\02_JavaScript\01_JavaScript_繧ｪ繝悶ず繧ｧ繧ｯ繝域欠蜷大ｮ溯ｷｵ' passed to next/router in page: '/01_25R1116/04_Others/01_IT_Literacy_and_Rules/01_Unspoken_Rules_for_Juniors'. Repeated forward-slashes (//) or backslashes \ are not valid in the href.
Invalid href '\01_25R1116\01_Frontend\03_TypeScript\00_TypeScript_蝓ｺ遉弱→蜑肴署遏･隴・ passed to next/router in page: '/01_25R1116/04_Others/01_IT_Literacy_and_Rules/01_Unspoken_Rules_for_Juniors'. Repeated forward-slashes (//) or backslashes \ are not valid in the href.
Invalid href '\01_25R1116\01_Frontend\04_React\00_React_蝓ｺ遉弱→蜑肴署遏･隴・ passed to next/router in page: '/01_25R1116/04_Others/01_IT_Literacy_and_Rules/01_Unspoken_Rules_for_Juniors'. Repeated forward-slashes (//) or backslashes \ are not valid in the href.
Invalid href '\01_25R1116\01_Frontend\05_Nextjs\00_Nextjs_蝓ｺ遉弱→蜑肴署遏･隴・ passed to next/router in page: '/01_25R1116/04_Others/01_IT_Literacy_and_Rules/01_Unspoken_Rules_for_Juniors'. Repeated forward-slashes (//) or backslashes \ are not valid in the href.
Invalid href '\01_25R1116\02_Backend\00_Python\00_Python_蝓ｺ遉弱→蜑肴署遏･隴・ passed to next/router in page: '/01_25R1116/04_Others/01_IT_Literacy_and_Rules/01_Unspoken_Rules_for_Juniors'. Repeated forward-slashes (//) or backslashes \ are not valid in the href.
Invalid href '\01_25R1116\02_Backend\01_Flask\00_Flask_蝓ｺ遉弱→蜑肴署遏･隴・ passed to next/router in page: '/01_25R1116/04_Others/01_IT_Literacy_and_Rules/01_Unspoken_Rules_for_Juniors'. Repeated forward-slashes (//) or backslashes \ are not valid in the href.
Invalid href '\01_25R1116\02_Backend\01_Flask\01_Flask_WTForms蠢懃畑' passed to next/router in page: '/01_25R1116/04_Others/01_IT_Literacy_and_Rules/01_Unspoken_Rules_for_Juniors'. Repeated forward-slashes (//) or backslashes \ are not valid in the href.
Invalid href '\01_25R1116\02_Backend\01_Flask\02_Flask_繝・・繧ｿ繝吶・繧ｹ縺ｨORM' passed to next/router in page: '/01_25R1116/04_Others/01_IT_Literacy_and_Rules/01_Unspoken_Rules_for_Juniors'. Repeated forward-slashes (//) or backslashes \ are not valid in the href.
Invalid href '\01_25R1116\02_Backend\01_Flask\03_Flask_Jinja2繝・Φ繝励Ξ繝ｼ繝域ｧ区枚' passed to next/router in page: '/01_25R1116/04_Others/01_IT_Literacy_and_Rules/01_Unspoken_Rules_for_Juniors'. Repeated forward-slashes (//) or backslashes \ are not valid in the href.
Invalid href '\01_25R1116\02_Backend\01_Flask\04_Flask_SQLAlchemy蠢懃畑_ToDo繧｢繝励Μ' passed to next/router in page: '/01_25R1116/04_Others/01_IT_Literacy_and_Rules/01_Unspoken_Rules_for_Juniors'. Repeated forward-slashes (//) or backslashes \ are not valid in the href.
Invalid href '\01_25R1116\02_Backend\01_Flask\05_Flask_隲也炊蜑企勁縺ｨ陦ｨ遉ｺ荳雋ｫ諤ｧ縺ｮ險ｭ險・ passed to next/router in page: '/01_25R1116/04_Others/01_IT_Literacy_and_Rules/01_Unspoken_Rules_for_Juniors'. Repeated forward-slashes (//) or backslashes \ are not valid in the href.
Invalid href '\01_25R1116\02_Backend\01_Flask\06_Flask_Blueprint縺ｫ繧医ｋMVC繧｢繝ｼ繧ｭ繝・け繝√Ε' passed to next/router in page: '/01_25R1116/04_Others/01_IT_Literacy_and_Rules/01_Unspoken_Rules_for_Juniors'. Repeated forward-slashes (//) or backslashes \ are not valid in the href.
Invalid href '\01_25R1116\03_Infrastructure\00_Database\00_Database_蝓ｺ遉弱→蜑肴署遏･隴・ passed to next/router in page: '/01_25R1116/04_Others/01_IT_Literacy_and_Rules/01_Unspoken_Rules_for_Juniors'. Repeated forward-slashes (//) or backslashes \ are not valid in the href.
Invalid href '\01_25R1116\04_Others\00_AI\00_AI_蝓ｺ遉弱→蜑肴署遏･隴・ passed to next/router in page: '/01_25R1116/04_Others/01_IT_Literacy_and_Rules/01_Unspoken_Rules_for_Juniors'. Repeated forward-slashes (//) or backslashes \ are not valid in the href.
Invalid href '\01_25R1116\04_Others\02_CodingTest\01_讓呎ｺ門・蜉帙→CLI螳溯｡後・蝓ｺ遉守衍隴・ passed to next/router in page: '/01_25R1116/04_Others/01_IT_Literacy_and_Rules/01_Unspoken_Rules_for_Juniors'. Repeated forward-slashes (//) or backslashes \ are not valid in the href.
Invalid href '\01_25R1116\05_Encyclopedia\01_JavaScript_TypeScript\01_JS_TS_繝ｭ繧ｸ繝・け讒狗ｯ峨Γ繧ｽ繝・ラ蝗ｳ髑・ passed to next/router in page: '/01_25R1116/04_Others/01_IT_Literacy_and_Rules/01_Unspoken_Rules_for_Juniors'. Repeated forward-slashes (//) or backslashes \ are not valid in the href.
Invalid href '\01_25R1116\05_Encyclopedia\01_JavaScript_TypeScript\02_JS_TS_迚ｹ譛峨・縺贋ｽ懈ｳ輔→莉冶ｨ隱樊ｯ碑ｼ・ passed to next/router in page: '/01_25R1116/04_Others/01_IT_Literacy_and_Rules/01_Unspoken_Rules_for_Juniors'. Repeated forward-slashes (//) or backslashes \ are not valid in the href.
Invalid href '\01_25R1116\05_Encyclopedia\02_Python\01_Python_繝ｭ繧ｸ繝・け讒狗ｯ峨Γ繧ｽ繝・ラ蝗ｳ髑・ passed to next/router in page: '/01_25R1116/04_Others/01_IT_Literacy_and_Rules/01_Unspoken_Rules_for_Juniors'. Repeated forward-slashes (//) or backslashes \ are not valid in the href.
Invalid href '\01_25R1116\05_Encyclopedia\02_Python\02_Python_迚ｹ譛峨・縺贋ｽ懈ｳ輔→莉冶ｨ隱樊ｯ碑ｼ・ passed to next/router in page: '/01_25R1116/04_Others/01_IT_Literacy_and_Rules/01_Unspoken_Rules_for_Juniors'. Repeated forward-slashes (//) or backslashes \ are not valid in the href.
Invalid href '\01_25R1116\05_Encyclopedia\03_PHP\01_PHP_繝ｭ繧ｸ繝・け讒狗ｯ峨Γ繧ｽ繝・ラ蝗ｳ髑・ passed to next/router in page: '/01_25R1116/04_Others/01_IT_Literacy_and_Rules/01_Unspoken_Rules_for_Juniors'. Repeated forward-slashes (//) or backslashes \ are not valid in the href.
Invalid href '\01_25R1116\05_Encyclopedia\03_PHP\02_PHP_迚ｹ譛峨・縺贋ｽ懈ｳ輔→莉冶ｨ隱樊ｯ碑ｼ・ passed to next/router in page: '/01_25R1116/04_Others/01_IT_Literacy_and_Rules/01_Unspoken_Rules_for_Juniors'. Repeated forward-slashes (//) or backslashes \ are not valid in the href.
Invalid href '\01_25R1116\05_Encyclopedia\04_Frameworks\01_React_Nextjs_騾・ｼ輔″霎槫・' passed to next/router in page: '/01_25R1116/04_Others/01_IT_Literacy_and_Rules/01_Unspoken_Rules_for_Juniors'. Repeated forward-slashes (//) or backslashes \ are not valid in the href.
Invalid href '\01_25R1116\05_Encyclopedia\04_Frameworks\02_Flask_SQLAlchemy_騾・ｼ輔″霎槫・' passed to next/router in page: '/01_25R1116/04_Others/01_IT_Literacy_and_Rules/01_Unspoken_Rules_for_Juniors'. Repeated forward-slashes (//) or backslashes \ are not valid in the href.
Invalid href '\01_25R1116\05_Encyclopedia\04_Frameworks\03_Laravel_PHP_蛻晏ｭｦ閠・髄縺大・髢' passed to next/router in page: '/01_25R1116/04_Others/01_IT_Literacy_and_Rules/01_Unspoken_Rules_for_Juniors'. Repeated forward-slashes (//) or backslashes \ are not valid in the href.
Invalid href '\01_25R1116\05_Encyclopedia\05_Database\01_SQL_RDB_蝓ｺ譛ｬ繧ｯ繧ｨ繝ｪ縺ｨ繧｢繝ｳ繝√ヱ繧ｿ繝ｼ繝ｳ蝗ｳ髑・ passed to next/router in page: '/01_25R1116/04_Others/01_IT_Literacy_and_Rules/01_Unspoken_Rules_for_Juniors'. Repeated forward-slashes (//) or backslashes \ are not valid in the href.
Invalid href '\01_25R1116\05_Encyclopedia\05_Database\02_DB險ｭ險・繧､繝ｳ繝・ャ繧ｯ繧ｹ縺ｨ繝医Λ繝ｳ繧ｶ繧ｯ繧ｷ繝ｧ繝ｳ縺ｮ縺贋ｽ懈ｳ・ passed to next/router in page: '/01_25R1116/04_Others/01_IT_Literacy_and_Rules/01_Unspoken_Rules_for_Juniors'. Repeated forward-slashes (//) or backslashes \ are not valid in the href.
Invalid href '\01_25R1116\05_Encyclopedia\06_Mobile_App\01_Native\01_Swift_Kotlin_讎りｦ√→豁ｴ蜿ｲ' passed to next/router in page: '/01_25R1116/04_Others/01_IT_Literacy_and_Rules/01_Unspoken_Rules_for_Juniors'. Repeated forward-slashes (//) or backslashes \ are not valid in the href.
Invalid href '\01_25R1116\05_Encyclopedia\06_Mobile_App\02_CrossPlatform\01_Flutter_Dart_蛻晏ｭｦ閠・髄縺大・髢' passed to next/router in page: '/01_25R1116/04_Others/01_IT_Literacy_and_Rules/01_Unspoken_Rules_for_Juniors'. Repeated forward-slashes (//) or backslashes \ are not valid in the href.
Invalid href '\01_25R1116\04_Others\00_AI\00_AI_蝓ｺ遉弱→蜑肴署遏･隴・ passed to next/router in page: '/01_25R1116/04_Others/01_IT_Literacy_and_Rules/01_Unspoken_Rules_for_Juniors'. Repeated forward-slashes (//) or backslashes \ are not valid in the href.
Error: No content found for the current route. This is a Nextra bug.
    at i (C:\Users\25R1116\Documents\Lernweg\.next\server\chunks\2177.js:15:61001)
    at l (C:\Users\25R1116\Documents\Lernweg\.next\server\chunks\2177.js:15:54210)
    at Wc (C:\Users\25R1116\Documents\Lernweg\node_modules\react-dom\cjs\react-dom-server.browser.production.min.js:68:44)
    at Zc (C:\Users\25R1116\Documents\Lernweg\node_modules\react-dom\cjs\react-dom-server.browser.production.min.js:70:253)
    at Z (C:\Users\25R1116\Documents\Lernweg\node_modules\react-dom\cjs\react-dom-server.browser.production.min.js:76:89)
    at Zc (C:\Users\25R1116\Documents\Lernweg\node_modules\react-dom\cjs\react-dom-server.browser.production.min.js:70:481)
    at Z (C:\Users\25R1116\Documents\Lernweg\node_modules\react-dom\cjs\react-dom-server.browser.production.min.js:76:89)
    at Zc (C:\Users\25R1116\Documents\Lernweg\node_modules\react-dom\cjs\react-dom-server.browser.production.min.js:70:481)
    at Z (C:\Users\25R1116\Documents\Lernweg\node_modules\react-dom\cjs\react-dom-server.browser.production.min.js:76:89)
    at $c (C:\Users\25R1116\Documents\Lernweg\node_modules\react-dom\cjs\react-dom-server.browser.production.min.js:78:98)

Error occurred prerendering page "/01_25R1116/05_Encyclopedia/01_JavaScript_TypeScript/01_JS_TS_繝ｭ繧ｸ繝・け讒狗ｯ峨Γ繧ｽ繝・ラ蝗ｳ髑・. Read more: https://nextjs.org/docs/messages/prerender-error

Error: No content found for the current route. This is a Nextra bug.
    at i (C:\Users\25R1116\Documents\Lernweg\.next\server\chunks\2177.js:15:61001)
    at l (C:\Users\25R1116\Documents\Lernweg\.next\server\chunks\2177.js:15:54210)
    at Wc (C:\Users\25R1116\Documents\Lernweg\node_modules\react-dom\cjs\react-dom-server.browser.production.min.js:68:44)
    at Zc (C:\Users\25R1116\Documents\Lernweg\node_modules\react-dom\cjs\react-dom-server.browser.production.min.js:70:253)
    at Z (C:\Users\25R1116\Documents\Lernweg\node_modules\react-dom\cjs\react-dom-server.browser.production.min.js:76:89)
    at Zc (C:\Users\25R1116\Documents\Lernweg\node_modules\react-dom\cjs\react-dom-server.browser.production.min.js:70:481)
    at Z (C:\Users\25R1116\Documents\Lernweg\node_modules\react-dom\cjs\react-dom-server.browser.production.min.js:76:89)
    at Zc (C:\Users\25R1116\Documents\Lernweg\node_modules\react-dom\cjs\react-dom-server.browser.production.min.js:70:481)
    at Z (C:\Users\25R1116\Documents\Lernweg\node_modules\react-dom\cjs\react-dom-server.browser.production.min.js:76:89)
    at $c (C:\Users\25R1116\Documents\Lernweg\node_modules\react-dom\cjs\react-dom-server.browser.production.min.js:78:98)
   Generating static pages (23/47) 
Error: No content found for the current route. This is a Nextra bug.
    at i (C:\Users\25R1116\Documents\Lernweg\.next\server\chunks\2177.js:15:61001)
    at l (C:\Users\25R1116\Documents\Lernweg\.next\server\chunks\2177.js:15:54210)
    at Wc (C:\Users\25R1116\Documents\Lernweg\node_modules\react-dom\cjs\react-dom-server.browser.production.min.js:68:44)
    at Zc (C:\Users\25R1116\Documents\Lernweg\node_modules\react-dom\cjs\react-dom-server.browser.production.min.js:70:253)
    at Z (C:\Users\25R1116\Documents\Lernweg\node_modules\react-dom\cjs\react-dom-server.browser.production.min.js:76:89)
    at Zc (C:\Users\25R1116\Documents\Lernweg\node_modules\react-dom\cjs\react-dom-server.browser.production.min.js:70:481)
    at Z (C:\Users\25R1116\Documents\Lernweg\node_modules\react-dom\cjs\react-dom-server.browser.production.min.js:76:89)
    at Zc (C:\Users\25R1116\Documents\Lernweg\node_modules\react-dom\cjs\react-dom-server.browser.production.min.js:70:481)
    at Z (C:\Users\25R1116\Documents\Lernweg\node_modules\react-dom\cjs\react-dom-server.browser.production.min.js:76:89)
    at $c (C:\Users\25R1116\Documents\Lernweg\node_modules\react-dom\cjs\react-dom-server.browser.production.min.js:78:98)

Error occurred prerendering page "/00_Personal_Production_Log/01_Web_Application/02_maybe-Goita-Online_AI螳悟・逕滓・莠倶ｾ玖ｩ穂ｾ｡". Read more: https://nextjs.org/docs/messages/prerender-error

Error: No content found for the current route. This is a Nextra bug.
    at i (C:\Users\25R1116\Documents\Lernweg\.next\server\chunks\2177.js:15:61001)
    at l (C:\Users\25R1116\Documents\Lernweg\.next\server\chunks\2177.js:15:54210)
    at Wc (C:\Users\25R1116\Documents\Lernweg\node_modules\react-dom\cjs\react-dom-server.browser.production.min.js:68:44)
    at Zc (C:\Users\25R1116\Documents\Lernweg\node_modules\react-dom\cjs\react-dom-server.browser.production.min.js:70:253)
    at Z (C:\Users\25R1116\Documents\Lernweg\node_modules\react-dom\cjs\react-dom-server.browser.production.min.js:76:89)
    at Zc (C:\Users\25R1116\Documents\Lernweg\node_modules\react-dom\cjs\react-dom-server.browser.production.min.js:70:481)
    at Z (C:\Users\25R1116\Documents\Lernweg\node_modules\react-dom\cjs\react-dom-server.browser.production.min.js:76:89)
    at Zc (C:\Users\25R1116\Documents\Lernweg\node_modules\react-dom\cjs\react-dom-server.browser.production.min.js:70:481)
    at Z (C:\Users\25R1116\Documents\Lernweg\node_modules\react-dom\cjs\react-dom-server.browser.production.min.js:76:89)
    at $c (C:\Users\25R1116\Documents\Lernweg\node_modules\react-dom\cjs\react-dom-server.browser.production.min.js:78:98)
Error: No content found for the current route. This is a Nextra bug.
    at i (C:\Users\25R1116\Documents\Lernweg\.next\server\chunks\2177.js:15:61001)
    at l (C:\Users\25R1116\Documents\Lernweg\.next\server\chunks\2177.js:15:54210)
    at Wc (C:\Users\25R1116\Documents\Lernweg\node_modules\react-dom\cjs\react-dom-server.browser.production.min.js:68:44)
    at Zc (C:\Users\25R1116\Documents\Lernweg\node_modules\react-dom\cjs\react-dom-server.browser.production.min.js:70:253)
    at Z (C:\Users\25R1116\Documents\Lernweg\node_modules\react-dom\cjs\react-dom-server.browser.production.min.js:76:89)
    at Zc (C:\Users\25R1116\Documents\Lernweg\node_modules\react-dom\cjs\react-dom-server.browser.production.min.js:70:481)
    at Z (C:\Users\25R1116\Documents\Lernweg\node_modules\react-dom\cjs\react-dom-server.browser.production.min.js:76:89)
    at Zc (C:\Users\25R1116\Documents\Lernweg\node_modules\react-dom\cjs\react-dom-server.browser.production.min.js:70:481)
    at Z (C:\Users\25R1116\Documents\Lernweg\node_modules\react-dom\cjs\react-dom-server.browser.production.min.js:76:89)
    at $c (C:\Users\25R1116\Documents\Lernweg\node_modules\react-dom\cjs\react-dom-server.browser.production.min.js:78:98)

Error occurred prerendering page "/01_25R1116/05_Encyclopedia/03_PHP/01_PHP_繝ｭ繧ｸ繝・け讒狗ｯ峨Γ繧ｽ繝・ラ蝗ｳ髑・. Read more: https://nextjs.org/docs/messages/prerender-error

Error: No content found for the current route. This is a Nextra bug.
    at i (C:\Users\25R1116\Documents\Lernweg\.next\server\chunks\2177.js:15:61001)
    at l (C:\Users\25R1116\Documents\Lernweg\.next\server\chunks\2177.js:15:54210)
    at Wc (C:\Users\25R1116\Documents\Lernweg\node_modules\react-dom\cjs\react-dom-server.browser.production.min.js:68:44)
    at Zc (C:\Users\25R1116\Documents\Lernweg\node_modules\react-dom\cjs\react-dom-server.browser.production.min.js:70:253)
    at Z (C:\Users\25R1116\Documents\Lernweg\node_modules\react-dom\cjs\react-dom-server.browser.production.min.js:76:89)
    at Zc (C:\Users\25R1116\Documents\Lernweg\node_modules\react-dom\cjs\react-dom-server.browser.production.min.js:70:481)
    at Z (C:\Users\25R1116\Documents\Lernweg\node_modules\react-dom\cjs\react-dom-server.browser.production.min.js:76:89)
    at Zc (C:\Users\25R1116\Documents\Lernweg\node_modules\react-dom\cjs\react-dom-server.browser.production.min.js:70:481)
    at Z (C:\Users\25R1116\Documents\Lernweg\node_modules\react-dom\cjs\react-dom-server.browser.production.min.js:76:89)
    at $c (C:\Users\25R1116\Documents\Lernweg\node_modules\react-dom\cjs\react-dom-server.browser.production.min.js:78:98)
Error: No content found for the current route. This is a Nextra bug.
    at i (C:\Users\25R1116\Documents\Lernweg\.next\server\chunks\2177.js:15:61001)
    at l (C:\Users\25R1116\Documents\Lernweg\.next\server\chunks\2177.js:15:54210)
    at Wc (C:\Users\25R1116\Documents\Lernweg\node_modules\react-dom\cjs\react-dom-server.browser.production.min.js:68:44)
    at Zc (C:\Users\25R1116\Documents\Lernweg\node_modules\react-dom\cjs\react-dom-server.browser.production.min.js:70:253)
    at Z (C:\Users\25R1116\Documents\Lernweg\node_modules\react-dom\cjs\react-dom-server.browser.production.min.js:76:89)
    at Zc (C:\Users\25R1116\Documents\Lernweg\node_modules\react-dom\cjs\react-dom-server.browser.production.min.js:70:481)
    at Z (C:\Users\25R1116\Documents\Lernweg\node_modules\react-dom\cjs\react-dom-server.browser.production.min.js:76:89)
    at Zc (C:\Users\25R1116\Documents\Lernweg\node_modules\react-dom\cjs\react-dom-server.browser.production.min.js:70:481)
    at Z (C:\Users\25R1116\Documents\Lernweg\node_modules\react-dom\cjs\react-dom-server.browser.production.min.js:76:89)
    at $c (C:\Users\25R1116\Documents\Lernweg\node_modules\react-dom\cjs\react-dom-server.browser.production.min.js:78:98)

Error occurred prerendering page "/01_25R1116/05_Encyclopedia/02_Python/01_Python_繝ｭ繧ｸ繝・け讒狗ｯ峨Γ繧ｽ繝・ラ蝗ｳ髑・. Read more: https://nextjs.org/docs/messages/prerender-error

Error: No content found for the current route. This is a Nextra bug.
    at i (C:\Users\25R1116\Documents\Lernweg\.next\server\chunks\2177.js:15:61001)
    at l (C:\Users\25R1116\Documents\Lernweg\.next\server\chunks\2177.js:15:54210)
    at Wc (C:\Users\25R1116\Documents\Lernweg\node_modules\react-dom\cjs\react-dom-server.browser.production.min.js:68:44)
    at Zc (C:\Users\25R1116\Documents\Lernweg\node_modules\react-dom\cjs\react-dom-server.browser.production.min.js:70:253)
    at Z (C:\Users\25R1116\Documents\Lernweg\node_modules\react-dom\cjs\react-dom-server.browser.production.min.js:76:89)
    at Zc (C:\Users\25R1116\Documents\Lernweg\node_modules\react-dom\cjs\react-dom-server.browser.production.min.js:70:481)
    at Z (C:\Users\25R1116\Documents\Lernweg\node_modules\react-dom\cjs\react-dom-server.browser.production.min.js:76:89)
    at Zc (C:\Users\25R1116\Documents\Lernweg\node_modules\react-dom\cjs\react-dom-server.browser.production.min.js:70:481)
    at Z (C:\Users\25R1116\Documents\Lernweg\node_modules\react-dom\cjs\react-dom-server.browser.production.min.js:76:89)
    at $c (C:\Users\25R1116\Documents\Lernweg\node_modules\react-dom\cjs\react-dom-server.browser.production.min.js:78:98)
Error: No content found for the current route. This is a Nextra bug.
    at i (C:\Users\25R1116\Documents\Lernweg\.next\server\chunks\2177.js:15:61001)
    at l (C:\Users\25R1116\Documents\Lernweg\.next\server\chunks\2177.js:15:54210)
    at Wc (C:\Users\25R1116\Documents\Lernweg\node_modules\react-dom\cjs\react-dom-server.browser.production.min.js:68:44)
    at Zc (C:\Users\25R1116\Documents\Lernweg\node_modules\react-dom\cjs\react-dom-server.browser.production.min.js:70:253)
    at Z (C:\Users\25R1116\Documents\Lernweg\node_modules\react-dom\cjs\react-dom-server.browser.production.min.js:76:89)
    at Zc (C:\Users\25R1116\Documents\Lernweg\node_modules\react-dom\cjs\react-dom-server.browser.production.min.js:70:481)
    at Z (C:\Users\25R1116\Documents\Lernweg\node_modules\react-dom\cjs\react-dom-server.browser.production.min.js:76:89)
    at Zc (C:\Users\25R1116\Documents\Lernweg\node_modules\react-dom\cjs\react-dom-server.browser.production.min.js:70:481)
    at Z (C:\Users\25R1116\Documents\Lernweg\node_modules\react-dom\cjs\react-dom-server.browser.production.min.js:76:89)
    at $c (C:\Users\25R1116\Documents\Lernweg\node_modules\react-dom\cjs\react-dom-server.browser.production.min.js:78:98)

Error occurred prerendering page "/01_25R1116/05_Encyclopedia/03_PHP/02_PHP_迚ｹ譛峨・縺贋ｽ懈ｳ輔→莉冶ｨ隱樊ｯ碑ｼ・. Read more: https://nextjs.org/docs/messages/prerender-error

Error: No content found for the current route. This is a Nextra bug.
    at i (C:\Users\25R1116\Documents\Lernweg\.next\server\chunks\2177.js:15:61001)
    at l (C:\Users\25R1116\Documents\Lernweg\.next\server\chunks\2177.js:15:54210)
    at Wc (C:\Users\25R1116\Documents\Lernweg\node_modules\react-dom\cjs\react-dom-server.browser.production.min.js:68:44)
    at Zc (C:\Users\25R1116\Documents\Lernweg\node_modules\react-dom\cjs\react-dom-server.browser.production.min.js:70:253)
    at Z (C:\Users\25R1116\Documents\Lernweg\node_modules\react-dom\cjs\react-dom-server.browser.production.min.js:76:89)
    at Zc (C:\Users\25R1116\Documents\Lernweg\node_modules\react-dom\cjs\react-dom-server.browser.production.min.js:70:481)
    at Z (C:\Users\25R1116\Documents\Lernweg\node_modules\react-dom\cjs\react-dom-server.browser.production.min.js:76:89)
    at Zc (C:\Users\25R1116\Documents\Lernweg\node_modules\react-dom\cjs\react-dom-server.browser.production.min.js:70:481)
    at Z (C:\Users\25R1116\Documents\Lernweg\node_modules\react-dom\cjs\react-dom-server.browser.production.min.js:76:89)
    at $c (C:\Users\25R1116\Documents\Lernweg\node_modules\react-dom\cjs\react-dom-server.browser.production.min.js:78:98)
Error: No content found for the current route. This is a Nextra bug.
    at i (C:\Users\25R1116\Documents\Lernweg\.next\server\chunks\2177.js:15:61001)
    at l (C:\Users\25R1116\Documents\Lernweg\.next\server\chunks\2177.js:15:54210)
    at Wc (C:\Users\25R1116\Documents\Lernweg\node_modules\react-dom\cjs\react-dom-server.browser.production.min.js:68:44)
    at Zc (C:\Users\25R1116\Documents\Lernweg\node_modules\react-dom\cjs\react-dom-server.browser.production.min.js:70:253)
    at Z (C:\Users\25R1116\Documents\Lernweg\node_modules\react-dom\cjs\react-dom-server.browser.production.min.js:76:89)
    at Zc (C:\Users\25R1116\Documents\Lernweg\node_modules\react-dom\cjs\react-dom-server.browser.production.min.js:70:481)
    at Z (C:\Users\25R1116\Documents\Lernweg\node_modules\react-dom\cjs\react-dom-server.browser.production.min.js:76:89)
    at Zc (C:\Users\25R1116\Documents\Lernweg\node_modules\react-dom\cjs\react-dom-server.browser.production.min.js:70:481)
    at Z (C:\Users\25R1116\Documents\Lernweg\node_modules\react-dom\cjs\react-dom-server.browser.production.min.js:76:89)
    at $c (C:\Users\25R1116\Documents\Lernweg\node_modules\react-dom\cjs\react-dom-server.browser.production.min.js:78:98)

Error occurred prerendering page "/01_25R1116/05_Encyclopedia/04_Frameworks/02_Flask_SQLAlchemy_騾・ｼ輔″霎槫・". Read more: https://nextjs.org/docs/messages/prerender-error

Error: No content found for the current route. This is a Nextra bug.
    at i (C:\Users\25R1116\Documents\Lernweg\.next\server\chunks\2177.js:15:61001)
    at l (C:\Users\25R1116\Documents\Lernweg\.next\server\chunks\2177.js:15:54210)
    at Wc (C:\Users\25R1116\Documents\Lernweg\node_modules\react-dom\cjs\react-dom-server.browser.production.min.js:68:44)
    at Zc (C:\Users\25R1116\Documents\Lernweg\node_modules\react-dom\cjs\react-dom-server.browser.production.min.js:70:253)
    at Z (C:\Users\25R1116\Documents\Lernweg\node_modules\react-dom\cjs\react-dom-server.browser.production.min.js:76:89)
    at Zc (C:\Users\25R1116\Documents\Lernweg\node_modules\react-dom\cjs\react-dom-server.browser.production.min.js:70:481)
    at Z (C:\Users\25R1116\Documents\Lernweg\node_modules\react-dom\cjs\react-dom-server.browser.production.min.js:76:89)
    at Zc (C:\Users\25R1116\Documents\Lernweg\node_modules\react-dom\cjs\react-dom-server.browser.production.min.js:70:481)
    at Z (C:\Users\25R1116\Documents\Lernweg\node_modules\react-dom\cjs\react-dom-server.browser.production.min.js:76:89)
    at $c (C:\Users\25R1116\Documents\Lernweg\node_modules\react-dom\cjs\react-dom-server.browser.production.min.js:78:98)
Error: No content found for the current route. This is a Nextra bug.
    at i (C:\Users\25R1116\Documents\Lernweg\.next\server\chunks\2177.js:15:61001)
    at l (C:\Users\25R1116\Documents\Lernweg\.next\server\chunks\2177.js:15:54210)
    at Wc (C:\Users\25R1116\Documents\Lernweg\node_modules\react-dom\cjs\react-dom-server.browser.production.min.js:68:44)
    at Zc (C:\Users\25R1116\Documents\Lernweg\node_modules\react-dom\cjs\react-dom-server.browser.production.min.js:70:253)
    at Z (C:\Users\25R1116\Documents\Lernweg\node_modules\react-dom\cjs\react-dom-server.browser.production.min.js:76:89)
    at Zc (C:\Users\25R1116\Documents\Lernweg\node_modules\react-dom\cjs\react-dom-server.browser.production.min.js:70:481)
    at Z (C:\Users\25R1116\Documents\Lernweg\node_modules\react-dom\cjs\react-dom-server.browser.production.min.js:76:89)
    at Zc (C:\Users\25R1116\Documents\Lernweg\node_modules\react-dom\cjs\react-dom-server.browser.production.min.js:70:481)
    at Z (C:\Users\25R1116\Documents\Lernweg\node_modules\react-dom\cjs\react-dom-server.browser.production.min.js:76:89)
    at $c (C:\Users\25R1116\Documents\Lernweg\node_modules\react-dom\cjs\react-dom-server.browser.production.min.js:78:98)

Error occurred prerendering page "/01_25R1116/05_Encyclopedia/05_Database/01_SQL_RDB_蝓ｺ譛ｬ繧ｯ繧ｨ繝ｪ縺ｨ繧｢繝ｳ繝√ヱ繧ｿ繝ｼ繝ｳ蝗ｳ髑・. Read more: https://nextjs.org/docs/messages/prerender-error

Error: No content found for the current route. This is a Nextra bug.
    at i (C:\Users\25R1116\Documents\Lernweg\.next\server\chunks\2177.js:15:61001)
    at l (C:\Users\25R1116\Documents\Lernweg\.next\server\chunks\2177.js:15:54210)
    at Wc (C:\Users\25R1116\Documents\Lernweg\node_modules\react-dom\cjs\react-dom-server.browser.production.min.js:68:44)
    at Zc (C:\Users\25R1116\Documents\Lernweg\node_modules\react-dom\cjs\react-dom-server.browser.production.min.js:70:253)
    at Z (C:\Users\25R1116\Documents\Lernweg\node_modules\react-dom\cjs\react-dom-server.browser.production.min.js:76:89)
    at Zc (C:\Users\25R1116\Documents\Lernweg\node_modules\react-dom\cjs\react-dom-server.browser.production.min.js:70:481)
    at Z (C:\Users\25R1116\Documents\Lernweg\node_modules\react-dom\cjs\react-dom-server.browser.production.min.js:76:89)
    at Zc (C:\Users\25R1116\Documents\Lernweg\node_modules\react-dom\cjs\react-dom-server.browser.production.min.js:70:481)
    at Z (C:\Users\25R1116\Documents\Lernweg\node_modules\react-dom\cjs\react-dom-server.browser.production.min.js:76:89)
    at $c (C:\Users\25R1116\Documents\Lernweg\node_modules\react-dom\cjs\react-dom-server.browser.production.min.js:78:98)
Error: No content found for the current route. This is a Nextra bug.
    at i (C:\Users\25R1116\Documents\Lernweg\.next\server\chunks\2177.js:15:61001)
    at l (C:\Users\25R1116\Documents\Lernweg\.next\server\chunks\2177.js:15:54210)
    at Wc (C:\Users\25R1116\Documents\Lernweg\node_modules\react-dom\cjs\react-dom-server.browser.production.min.js:68:44)
    at Zc (C:\Users\25R1116\Documents\Lernweg\node_modules\react-dom\cjs\react-dom-server.browser.production.min.js:70:253)
    at Z (C:\Users\25R1116\Documents\Lernweg\node_modules\react-dom\cjs\react-dom-server.browser.production.min.js:76:89)
    at Zc (C:\Users\25R1116\Documents\Lernweg\node_modules\react-dom\cjs\react-dom-server.browser.production.min.js:70:481)
    at Z (C:\Users\25R1116\Documents\Lernweg\node_modules\react-dom\cjs\react-dom-server.browser.production.min.js:76:89)
    at Zc (C:\Users\25R1116\Documents\Lernweg\node_modules\react-dom\cjs\react-dom-server.browser.production.min.js:70:481)
    at Z (C:\Users\25R1116\Documents\Lernweg\node_modules\react-dom\cjs\react-dom-server.browser.production.min.js:76:89)
    at $c (C:\Users\25R1116\Documents\Lernweg\node_modules\react-dom\cjs\react-dom-server.browser.production.min.js:78:98)

Error occurred prerendering page "/01_25R1116/05_Encyclopedia/04_Frameworks/03_Laravel_PHP_蛻晏ｭｦ閠・髄縺大・髢". Read more: https://nextjs.org/docs/messages/prerender-error

Error: No content found for the current route. This is a Nextra bug.
    at i (C:\Users\25R1116\Documents\Lernweg\.next\server\chunks\2177.js:15:61001)
    at l (C:\Users\25R1116\Documents\Lernweg\.next\server\chunks\2177.js:15:54210)
    at Wc (C:\Users\25R1116\Documents\Lernweg\node_modules\react-dom\cjs\react-dom-server.browser.production.min.js:68:44)
    at Zc (C:\Users\25R1116\Documents\Lernweg\node_modules\react-dom\cjs\react-dom-server.browser.production.min.js:70:253)
    at Z (C:\Users\25R1116\Documents\Lernweg\node_modules\react-dom\cjs\react-dom-server.browser.production.min.js:76:89)
    at Zc (C:\Users\25R1116\Documents\Lernweg\node_modules\react-dom\cjs\react-dom-server.browser.production.min.js:70:481)
    at Z (C:\Users\25R1116\Documents\Lernweg\node_modules\react-dom\cjs\react-dom-server.browser.production.min.js:76:89)
    at Zc (C:\Users\25R1116\Documents\Lernweg\node_modules\react-dom\cjs\react-dom-server.browser.production.min.js:70:481)
    at Z (C:\Users\25R1116\Documents\Lernweg\node_modules\react-dom\cjs\react-dom-server.browser.production.min.js:76:89)
    at $c (C:\Users\25R1116\Documents\Lernweg\node_modules\react-dom\cjs\react-dom-server.browser.production.min.js:78:98)
Error: No content found for the current route. This is a Nextra bug.
    at i (C:\Users\25R1116\Documents\Lernweg\.next\server\chunks\2177.js:15:61001)
    at l (C:\Users\25R1116\Documents\Lernweg\.next\server\chunks\2177.js:15:54210)
    at Wc (C:\Users\25R1116\Documents\Lernweg\node_modules\react-dom\cjs\react-dom-server.browser.production.min.js:68:44)
    at Zc (C:\Users\25R1116\Documents\Lernweg\node_modules\react-dom\cjs\react-dom-server.browser.production.min.js:70:253)
    at Z (C:\Users\25R1116\Documents\Lernweg\node_modules\react-dom\cjs\react-dom-server.browser.production.min.js:76:89)
    at Zc (C:\Users\25R1116\Documents\Lernweg\node_modules\react-dom\cjs\react-dom-server.browser.production.min.js:70:481)
    at Z (C:\Users\25R1116\Documents\Lernweg\node_modules\react-dom\cjs\react-dom-server.browser.production.min.js:76:89)
    at Zc (C:\Users\25R1116\Documents\Lernweg\node_modules\react-dom\cjs\react-dom-server.browser.production.min.js:70:481)
    at Z (C:\Users\25R1116\Documents\Lernweg\node_modules\react-dom\cjs\react-dom-server.browser.production.min.js:76:89)
    at $c (C:\Users\25R1116\Documents\Lernweg\node_modules\react-dom\cjs\react-dom-server.browser.production.min.js:78:98)

Error occurred prerendering page "/01_25R1116/05_Encyclopedia/04_Frameworks/01_React_Nextjs_騾・ｼ輔″霎槫・". Read more: https://nextjs.org/docs/messages/prerender-error

Error: No content found for the current route. This is a Nextra bug.
    at i (C:\Users\25R1116\Documents\Lernweg\.next\server\chunks\2177.js:15:61001)
    at l (C:\Users\25R1116\Documents\Lernweg\.next\server\chunks\2177.js:15:54210)
    at Wc (C:\Users\25R1116\Documents\Lernweg\node_modules\react-dom\cjs\react-dom-server.browser.production.min.js:68:44)
    at Zc (C:\Users\25R1116\Documents\Lernweg\node_modules\react-dom\cjs\react-dom-server.browser.production.min.js:70:253)
    at Z (C:\Users\25R1116\Documents\Lernweg\node_modules\react-dom\cjs\react-dom-server.browser.production.min.js:76:89)
    at Zc (C:\Users\25R1116\Documents\Lernweg\node_modules\react-dom\cjs\react-dom-server.browser.production.min.js:70:481)
    at Z (C:\Users\25R1116\Documents\Lernweg\node_modules\react-dom\cjs\react-dom-server.browser.production.min.js:76:89)
    at Zc (C:\Users\25R1116\Documents\Lernweg\node_modules\react-dom\cjs\react-dom-server.browser.production.min.js:70:481)
    at Z (C:\Users\25R1116\Documents\Lernweg\node_modules\react-dom\cjs\react-dom-server.browser.production.min.js:76:89)
    at $c (C:\Users\25R1116\Documents\Lernweg\node_modules\react-dom\cjs\react-dom-server.browser.production.min.js:78:98)
Error: No content found for the current route. This is a Nextra bug.
    at i (C:\Users\25R1116\Documents\Lernweg\.next\server\chunks\2177.js:15:61001)
    at l (C:\Users\25R1116\Documents\Lernweg\.next\server\chunks\2177.js:15:54210)
    at Wc (C:\Users\25R1116\Documents\Lernweg\node_modules\react-dom\cjs\react-dom-server.browser.production.min.js:68:44)
    at Zc (C:\Users\25R1116\Documents\Lernweg\node_modules\react-dom\cjs\react-dom-server.browser.production.min.js:70:253)
    at Z (C:\Users\25R1116\Documents\Lernweg\node_modules\react-dom\cjs\react-dom-server.browser.production.min.js:76:89)
    at Zc (C:\Users\25R1116\Documents\Lernweg\node_modules\react-dom\cjs\react-dom-server.browser.production.min.js:70:481)
    at Z (C:\Users\25R1116\Documents\Lernweg\node_modules\react-dom\cjs\react-dom-server.browser.production.min.js:76:89)
    at Zc (C:\Users\25R1116\Documents\Lernweg\node_modules\react-dom\cjs\react-dom-server.browser.production.min.js:70:481)
    at Z (C:\Users\25R1116\Documents\Lernweg\node_modules\react-dom\cjs\react-dom-server.browser.production.min.js:76:89)
    at $c (C:\Users\25R1116\Documents\Lernweg\node_modules\react-dom\cjs\react-dom-server.browser.production.min.js:78:98)

Error occurred prerendering page "/01_25R1116/05_Encyclopedia/05_Database/02_DB險ｭ險・繧､繝ｳ繝・ャ繧ｯ繧ｹ縺ｨ繝医Λ繝ｳ繧ｶ繧ｯ繧ｷ繝ｧ繝ｳ縺ｮ縺贋ｽ懈ｳ・. Read more: https://nextjs.org/docs/messages/prerender-error

Error: No content found for the current route. This is a Nextra bug.
    at i (C:\Users\25R1116\Documents\Lernweg\.next\server\chunks\2177.js:15:61001)
    at l (C:\Users\25R1116\Documents\Lernweg\.next\server\chunks\2177.js:15:54210)
    at Wc (C:\Users\25R1116\Documents\Lernweg\node_modules\react-dom\cjs\react-dom-server.browser.production.min.js:68:44)
    at Zc (C:\Users\25R1116\Documents\Lernweg\node_modules\react-dom\cjs\react-dom-server.browser.production.min.js:70:253)
    at Z (C:\Users\25R1116\Documents\Lernweg\node_modules\react-dom\cjs\react-dom-server.browser.production.min.js:76:89)
    at Zc (C:\Users\25R1116\Documents\Lernweg\node_modules\react-dom\cjs\react-dom-server.browser.production.min.js:70:481)
    at Z (C:\Users\25R1116\Documents\Lernweg\node_modules\react-dom\cjs\react-dom-server.browser.production.min.js:76:89)
    at Zc (C:\Users\25R1116\Documents\Lernweg\node_modules\react-dom\cjs\react-dom-server.browser.production.min.js:70:481)
    at Z (C:\Users\25R1116\Documents\Lernweg\node_modules\react-dom\cjs\react-dom-server.browser.production.min.js:76:89)
    at $c (C:\Users\25R1116\Documents\Lernweg\node_modules\react-dom\cjs\react-dom-server.browser.production.min.js:78:98)
Error: No content found for the current route. This is a Nextra bug.
    at i (C:\Users\25R1116\Documents\Lernweg\.next\server\chunks\2177.js:15:61001)
    at l (C:\Users\25R1116\Documents\Lernweg\.next\server\chunks\2177.js:15:54210)
    at Wc (C:\Users\25R1116\Documents\Lernweg\node_modules\react-dom\cjs\react-dom-server.browser.production.min.js:68:44)
    at Zc (C:\Users\25R1116\Documents\Lernweg\node_modules\react-dom\cjs\react-dom-server.browser.production.min.js:70:253)
    at Z (C:\Users\25R1116\Documents\Lernweg\node_modules\react-dom\cjs\react-dom-server.browser.production.min.js:76:89)
    at Zc (C:\Users\25R1116\Documents\Lernweg\node_modules\react-dom\cjs\react-dom-server.browser.production.min.js:70:481)
    at Z (C:\Users\25R1116\Documents\Lernweg\node_modules\react-dom\cjs\react-dom-server.browser.production.min.js:76:89)
    at Zc (C:\Users\25R1116\Documents\Lernweg\node_modules\react-dom\cjs\react-dom-server.browser.production.min.js:70:481)
    at Z (C:\Users\25R1116\Documents\Lernweg\node_modules\react-dom\cjs\react-dom-server.browser.production.min.js:76:89)
    at $c (C:\Users\25R1116\Documents\Lernweg\node_modules\react-dom\cjs\react-dom-server.browser.production.min.js:78:98)

Error occurred prerendering page "/01_25R1116/05_Encyclopedia/06_Mobile_App/01_Native/01_Swift_Kotlin_讎りｦ√→豁ｴ蜿ｲ". Read more: https://nextjs.org/docs/messages/prerender-error

Error: No content found for the current route. This is a Nextra bug.
    at i (C:\Users\25R1116\Documents\Lernweg\.next\server\chunks\2177.js:15:61001)
    at l (C:\Users\25R1116\Documents\Lernweg\.next\server\chunks\2177.js:15:54210)
    at Wc (C:\Users\25R1116\Documents\Lernweg\node_modules\react-dom\cjs\react-dom-server.browser.production.min.js:68:44)
    at Zc (C:\Users\25R1116\Documents\Lernweg\node_modules\react-dom\cjs\react-dom-server.browser.production.min.js:70:253)
    at Z (C:\Users\25R1116\Documents\Lernweg\node_modules\react-dom\cjs\react-dom-server.browser.production.min.js:76:89)
    at Zc (C:\Users\25R1116\Documents\Lernweg\node_modules\react-dom\cjs\react-dom-server.browser.production.min.js:70:481)
    at Z (C:\Users\25R1116\Documents\Lernweg\node_modules\react-dom\cjs\react-dom-server.browser.production.min.js:76:89)
    at Zc (C:\Users\25R1116\Documents\Lernweg\node_modules\react-dom\cjs\react-dom-server.browser.production.min.js:70:481)
    at Z (C:\Users\25R1116\Documents\Lernweg\node_modules\react-dom\cjs\react-dom-server.browser.production.min.js:76:89)
    at $c (C:\Users\25R1116\Documents\Lernweg\node_modules\react-dom\cjs\react-dom-server.browser.production.min.js:78:98)
Error: No content found for the current route. This is a Nextra bug.
    at i (C:\Users\25R1116\Documents\Lernweg\.next\server\chunks\2177.js:15:61001)
    at l (C:\Users\25R1116\Documents\Lernweg\.next\server\chunks\2177.js:15:54210)
    at Wc (C:\Users\25R1116\Documents\Lernweg\node_modules\react-dom\cjs\react-dom-server.browser.production.min.js:68:44)
    at Zc (C:\Users\25R1116\Documents\Lernweg\node_modules\react-dom\cjs\react-dom-server.browser.production.min.js:70:253)
    at Z (C:\Users\25R1116\Documents\Lernweg\node_modules\react-dom\cjs\react-dom-server.browser.production.min.js:76:89)
    at Zc (C:\Users\25R1116\Documents\Lernweg\node_modules\react-dom\cjs\react-dom-server.browser.production.min.js:70:481)
    at Z (C:\Users\25R1116\Documents\Lernweg\node_modules\react-dom\cjs\react-dom-server.browser.production.min.js:76:89)
    at Zc (C:\Users\25R1116\Documents\Lernweg\node_modules\react-dom\cjs\react-dom-server.browser.production.min.js:70:481)
    at Z (C:\Users\25R1116\Documents\Lernweg\node_modules\react-dom\cjs\react-dom-server.browser.production.min.js:76:89)
    at $c (C:\Users\25R1116\Documents\Lernweg\node_modules\react-dom\cjs\react-dom-server.browser.production.min.js:78:98)

Error occurred prerendering page "/01_25R1116/05_Encyclopedia/06_Mobile_App/02_CrossPlatform/01_Flutter_Dart_蛻晏ｭｦ閠・髄縺大・髢". Read more: https://nextjs.org/docs/messages/prerender-error

Error: No content found for the current route. This is a Nextra bug.
    at i (C:\Users\25R1116\Documents\Lernweg\.next\server\chunks\2177.js:15:61001)
    at l (C:\Users\25R1116\Documents\Lernweg\.next\server\chunks\2177.js:15:54210)
    at Wc (C:\Users\25R1116\Documents\Lernweg\node_modules\react-dom\cjs\react-dom-server.browser.production.min.js:68:44)
    at Zc (C:\Users\25R1116\Documents\Lernweg\node_modules\react-dom\cjs\react-dom-server.browser.production.min.js:70:253)
    at Z (C:\Users\25R1116\Documents\Lernweg\node_modules\react-dom\cjs\react-dom-server.browser.production.min.js:76:89)
    at Zc (C:\Users\25R1116\Documents\Lernweg\node_modules\react-dom\cjs\react-dom-server.browser.production.min.js:70:481)
    at Z (C:\Users\25R1116\Documents\Lernweg\node_modules\react-dom\cjs\react-dom-server.browser.production.min.js:76:89)
    at Zc (C:\Users\25R1116\Documents\Lernweg\node_modules\react-dom\cjs\react-dom-server.browser.production.min.js:70:481)
    at Z (C:\Users\25R1116\Documents\Lernweg\node_modules\react-dom\cjs\react-dom-server.browser.production.min.js:76:89)
    at $c (C:\Users\25R1116\Documents\Lernweg\node_modules\react-dom\cjs\react-dom-server.browser.production.min.js:78:98)
Error: No content found for the current route. This is a Nextra bug.
    at i (C:\Users\25R1116\Documents\Lernweg\.next\server\chunks\2177.js:15:61001)
    at l (C:\Users\25R1116\Documents\Lernweg\.next\server\chunks\2177.js:15:54210)
    at Wc (C:\Users\25R1116\Documents\Lernweg\node_modules\react-dom\cjs\react-dom-server.browser.production.min.js:68:44)
    at Zc (C:\Users\25R1116\Documents\Lernweg\node_modules\react-dom\cjs\react-dom-server.browser.production.min.js:70:253)
    at Z (C:\Users\25R1116\Documents\Lernweg\node_modules\react-dom\cjs\react-dom-server.browser.production.min.js:76:89)
    at Zc (C:\Users\25R1116\Documents\Lernweg\node_modules\react-dom\cjs\react-dom-server.browser.production.min.js:70:481)
    at Z (C:\Users\25R1116\Documents\Lernweg\node_modules\react-dom\cjs\react-dom-server.browser.production.min.js:76:89)
    at Zc (C:\Users\25R1116\Documents\Lernweg\node_modules\react-dom\cjs\react-dom-server.browser.production.min.js:70:481)
    at Z (C:\Users\25R1116\Documents\Lernweg\node_modules\react-dom\cjs\react-dom-server.browser.production.min.js:76:89)
    at $c (C:\Users\25R1116\Documents\Lernweg\node_modules\react-dom\cjs\react-dom-server.browser.production.min.js:78:98)

Error occurred prerendering page "/01_25R1116/05_Encyclopedia/02_Python/02_Python_迚ｹ譛峨・縺贋ｽ懈ｳ輔→莉冶ｨ隱樊ｯ碑ｼ・. Read more: https://nextjs.org/docs/messages/prerender-error

Error: No content found for the current route. This is a Nextra bug.
    at i (C:\Users\25R1116\Documents\Lernweg\.next\server\chunks\2177.js:15:61001)
    at l (C:\Users\25R1116\Documents\Lernweg\.next\server\chunks\2177.js:15:54210)
    at Wc (C:\Users\25R1116\Documents\Lernweg\node_modules\react-dom\cjs\react-dom-server.browser.production.min.js:68:44)
    at Zc (C:\Users\25R1116\Documents\Lernweg\node_modules\react-dom\cjs\react-dom-server.browser.production.min.js:70:253)
    at Z (C:\Users\25R1116\Documents\Lernweg\node_modules\react-dom\cjs\react-dom-server.browser.production.min.js:76:89)
    at Zc (C:\Users\25R1116\Documents\Lernweg\node_modules\react-dom\cjs\react-dom-server.browser.production.min.js:70:481)
    at Z (C:\Users\25R1116\Documents\Lernweg\node_modules\react-dom\cjs\react-dom-server.browser.production.min.js:76:89)
    at Zc (C:\Users\25R1116\Documents\Lernweg\node_modules\react-dom\cjs\react-dom-server.browser.production.min.js:70:481)
    at Z (C:\Users\25R1116\Documents\Lernweg\node_modules\react-dom\cjs\react-dom-server.browser.production.min.js:76:89)
    at $c (C:\Users\25R1116\Documents\Lernweg\node_modules\react-dom\cjs\react-dom-server.browser.production.min.js:78:98)
   Generating static pages (35/47) 
Invalid href '\00_Personal_Production_Log\01_Web_Application\00_Web_Application_菴ｿ逕ｨ險隱槭・謚陦薙せ繧ｿ繝・け荳隕ｧ' passed to next/router in page: '/01_25R1116/06_Project_Management/01_Requirements_and_Design'. Repeated forward-slashes (//) or backslashes \ are not valid in the href.
Invalid href '\00_Personal_Production_Log\01_Web_Application\01_TheVocaloid-Times_AI螳悟・逕滓・莠倶ｾ玖ｩ穂ｾ｡' passed to next/router in page: '/01_25R1116/06_Project_Management/01_Requirements_and_Design'. Repeated forward-slashes (//) or backslashes \ are not valid in the href.
Invalid href '\00_Personal_Production_Log\01_Web_Application\02_maybe-Goita-Online_AI螳悟・逕滓・莠倶ｾ玖ｩ穂ｾ｡' passed to next/router in page: '/01_25R1116/06_Project_Management/01_Requirements_and_Design'. Repeated forward-slashes (//) or backslashes \ are not valid in the href.
Invalid href '\00_Personal_Production_Log\02_Portfolio\00_Portfolio_髢狗匱迺ｰ蠅・→繧｢繝ｼ繧ｭ繝・け繝√Ε蜑肴署' passed to next/router in page: '/01_25R1116/06_Project_Management/01_Requirements_and_Design'. Repeated forward-slashes (//) or backslashes \ are not valid in the href.
Invalid href '\00_Personal_Production_Log\02_Portfolio\01_Project_Last-Stand_蜊疲･ｭ繧ｳ繝ｼ繝・ぅ繝ｳ繧ｰ縺ｨAI豢ｻ逕ｨ隧穂ｾ｡' passed to next/router in page: '/01_25R1116/06_Project_Management/01_Requirements_and_Design'. Repeated forward-slashes (//) or backslashes \ are not valid in the href.
Invalid href '\00_Personal_Production_Log\03_Infrastructure\00_Infrastructure_蜑肴署遏･隴倥→讒区・險ｭ險・ passed to next/router in page: '/01_25R1116/06_Project_Management/01_Requirements_and_Design'. Repeated forward-slashes (//) or backslashes \ are not valid in the href.
Invalid href '\00_Personal_Production_Log\03_Infrastructure\01_Minecraft_繧ｵ繝ｼ繝舌・讒狗ｯ峨→驕狗畑隧穂ｾ｡' passed to next/router in page: '/01_25R1116/06_Project_Management/01_Requirements_and_Design'. Repeated forward-slashes (//) or backslashes \ are not valid in the href.
Invalid href '\00_Personal_Production_Log\03_Infrastructure\00_Database\00_Database_蝓ｺ遉弱→蜑肴署遏･隴・ passed to next/router in page: '/01_25R1116/06_Project_Management/01_Requirements_and_Design'. Repeated forward-slashes (//) or backslashes \ are not valid in the href.
Invalid href '\01_25R1116\01_Frontend\01_HTML_CSS\00_HTML_CSS_蝓ｺ遉弱→蜑肴署遏･隴・ passed to next/router in page: '/01_25R1116/06_Project_Management/01_Requirements_and_Design'. Repeated forward-slashes (//) or backslashes \ are not valid in the href.
Invalid href '\01_25R1116\01_Frontend\01_HTML_CSS\01_HTML_CSS_Bootstrap螳溯ｷｵ' passed to next/router in page: '/01_25R1116/06_Project_Management/01_Requirements_and_Design'. Repeated forward-slashes (//) or backslashes \ are not valid in the href.
Invalid href '\01_25R1116\01_Frontend\02_JavaScript\00_JavaScript_蝓ｺ遉弱→蜑肴署遏･隴・ passed to next/router in page: '/01_25R1116/06_Project_Management/01_Requirements_and_Design'. Repeated forward-slashes (//) or backslashes \ are not valid in the href.
Invalid href '\01_25R1116\01_Frontend\02_JavaScript\01_JavaScript_繧ｪ繝悶ず繧ｧ繧ｯ繝域欠蜷大ｮ溯ｷｵ' passed to next/router in page: '/01_25R1116/06_Project_Management/01_Requirements_and_Design'. Repeated forward-slashes (//) or backslashes \ are not valid in the href.
Invalid href '\01_25R1116\01_Frontend\03_TypeScript\00_TypeScript_蝓ｺ遉弱→蜑肴署遏･隴・ passed to next/router in page: '/01_25R1116/06_Project_Management/01_Requirements_and_Design'. Repeated forward-slashes (//) or backslashes \ are not valid in the href.
Invalid href '\01_25R1116\01_Frontend\04_React\00_React_蝓ｺ遉弱→蜑肴署遏･隴・ passed to next/router in page: '/01_25R1116/06_Project_Management/01_Requirements_and_Design'. Repeated forward-slashes (//) or backslashes \ are not valid in the href.
Invalid href '\01_25R1116\01_Frontend\05_Nextjs\00_Nextjs_蝓ｺ遉弱→蜑肴署遏･隴・ passed to next/router in page: '/01_25R1116/06_Project_Management/01_Requirements_and_Design'. Repeated forward-slashes (//) or backslashes \ are not valid in the href.
Invalid href '\01_25R1116\02_Backend\00_Python\00_Python_蝓ｺ遉弱→蜑肴署遏･隴・ passed to next/router in page: '/01_25R1116/06_Project_Management/01_Requirements_and_Design'. Repeated forward-slashes (//) or backslashes \ are not valid in the href.
Invalid href '\01_25R1116\02_Backend\01_Flask\00_Flask_蝓ｺ遉弱→蜑肴署遏･隴・ passed to next/router in page: '/01_25R1116/06_Project_Management/01_Requirements_and_Design'. Repeated forward-slashes (//) or backslashes \ are not valid in the href.
Invalid href '\01_25R1116\02_Backend\01_Flask\01_Flask_WTForms蠢懃畑' passed to next/router in page: '/01_25R1116/06_Project_Management/01_Requirements_and_Design'. Repeated forward-slashes (//) or backslashes \ are not valid in the href.
Invalid href '\01_25R1116\02_Backend\01_Flask\02_Flask_繝・・繧ｿ繝吶・繧ｹ縺ｨORM' passed to next/router in page: '/01_25R1116/06_Project_Management/01_Requirements_and_Design'. Repeated forward-slashes (//) or backslashes \ are not valid in the href.
Invalid href '\01_25R1116\02_Backend\01_Flask\03_Flask_Jinja2繝・Φ繝励Ξ繝ｼ繝域ｧ区枚' passed to next/router in page: '/01_25R1116/06_Project_Management/01_Requirements_and_Design'. Repeated forward-slashes (//) or backslashes \ are not valid in the href.
Invalid href '\01_25R1116\02_Backend\01_Flask\04_Flask_SQLAlchemy蠢懃畑_ToDo繧｢繝励Μ' passed to next/router in page: '/01_25R1116/06_Project_Management/01_Requirements_and_Design'. Repeated forward-slashes (//) or backslashes \ are not valid in the href.
Invalid href '\01_25R1116\02_Backend\01_Flask\05_Flask_隲也炊蜑企勁縺ｨ陦ｨ遉ｺ荳雋ｫ諤ｧ縺ｮ險ｭ險・ passed to next/router in page: '/01_25R1116/06_Project_Management/01_Requirements_and_Design'. Repeated forward-slashes (//) or backslashes \ are not valid in the href.
Invalid href '\01_25R1116\02_Backend\01_Flask\06_Flask_Blueprint縺ｫ繧医ｋMVC繧｢繝ｼ繧ｭ繝・け繝√Ε' passed to next/router in page: '/01_25R1116/06_Project_Management/01_Requirements_and_Design'. Repeated forward-slashes (//) or backslashes \ are not valid in the href.
Invalid href '\01_25R1116\03_Infrastructure\00_Database\00_Database_蝓ｺ遉弱→蜑肴署遏･隴・ passed to next/router in page: '/01_25R1116/06_Project_Management/01_Requirements_and_Design'. Repeated forward-slashes (//) or backslashes \ are not valid in the href.
Invalid href '\01_25R1116\04_Others\00_AI\00_AI_蝓ｺ遉弱→蜑肴署遏･隴・ passed to next/router in page: '/01_25R1116/06_Project_Management/01_Requirements_and_Design'. Repeated forward-slashes (//) or backslashes \ are not valid in the href.
Invalid href '\01_25R1116\04_Others\02_CodingTest\01_讓呎ｺ門・蜉帙→CLI螳溯｡後・蝓ｺ遉守衍隴・ passed to next/router in page: '/01_25R1116/06_Project_Management/01_Requirements_and_Design'. Repeated forward-slashes (//) or backslashes \ are not valid in the href.
Invalid href '\01_25R1116\05_Encyclopedia\01_JavaScript_TypeScript\01_JS_TS_繝ｭ繧ｸ繝・け讒狗ｯ峨Γ繧ｽ繝・ラ蝗ｳ髑・ passed to next/router in page: '/01_25R1116/06_Project_Management/01_Requirements_and_Design'. Repeated forward-slashes (//) or backslashes \ are not valid in the href.
Invalid href '\01_25R1116\05_Encyclopedia\01_JavaScript_TypeScript\02_JS_TS_迚ｹ譛峨・縺贋ｽ懈ｳ輔→莉冶ｨ隱樊ｯ碑ｼ・ passed to next/router in page: '/01_25R1116/06_Project_Management/01_Requirements_and_Design'. Repeated forward-slashes (//) or backslashes \ are not valid in the href.
Invalid href '\01_25R1116\05_Encyclopedia\02_Python\01_Python_繝ｭ繧ｸ繝・け讒狗ｯ峨Γ繧ｽ繝・ラ蝗ｳ髑・ passed to next/router in page: '/01_25R1116/06_Project_Management/01_Requirements_and_Design'. Repeated forward-slashes (//) or backslashes \ are not valid in the href.
Invalid href '\01_25R1116\05_Encyclopedia\02_Python\02_Python_迚ｹ譛峨・縺贋ｽ懈ｳ輔→莉冶ｨ隱樊ｯ碑ｼ・ passed to next/router in page: '/01_25R1116/06_Project_Management/01_Requirements_and_Design'. Repeated forward-slashes (//) or backslashes \ are not valid in the href.
Invalid href '\01_25R1116\05_Encyclopedia\03_PHP\01_PHP_繝ｭ繧ｸ繝・け讒狗ｯ峨Γ繧ｽ繝・ラ蝗ｳ髑・ passed to next/router in page: '/01_25R1116/06_Project_Management/01_Requirements_and_Design'. Repeated forward-slashes (//) or backslashes \ are not valid in the href.
Invalid href '\01_25R1116\05_Encyclopedia\03_PHP\02_PHP_迚ｹ譛峨・縺贋ｽ懈ｳ輔→莉冶ｨ隱樊ｯ碑ｼ・ passed to next/router in page: '/01_25R1116/06_Project_Management/01_Requirements_and_Design'. Repeated forward-slashes (//) or backslashes \ are not valid in the href.
Invalid href '\01_25R1116\05_Encyclopedia\04_Frameworks\01_React_Nextjs_騾・ｼ輔″霎槫・' passed to next/router in page: '/01_25R1116/06_Project_Management/01_Requirements_and_Design'. Repeated forward-slashes (//) or backslashes \ are not valid in the href.
Invalid href '\01_25R1116\05_Encyclopedia\04_Frameworks\02_Flask_SQLAlchemy_騾・ｼ輔″霎槫・' passed to next/router in page: '/01_25R1116/06_Project_Management/01_Requirements_and_Design'. Repeated forward-slashes (//) or backslashes \ are not valid in the href.
Invalid href '\01_25R1116\05_Encyclopedia\04_Frameworks\03_Laravel_PHP_蛻晏ｭｦ閠・髄縺大・髢' passed to next/router in page: '/01_25R1116/06_Project_Management/01_Requirements_and_Design'. Repeated forward-slashes (//) or backslashes \ are not valid in the href.
Invalid href '\01_25R1116\05_Encyclopedia\05_Database\01_SQL_RDB_蝓ｺ譛ｬ繧ｯ繧ｨ繝ｪ縺ｨ繧｢繝ｳ繝√ヱ繧ｿ繝ｼ繝ｳ蝗ｳ髑・ passed to next/router in page: '/01_25R1116/06_Project_Management/01_Requirements_and_Design'. Repeated forward-slashes (//) or backslashes \ are not valid in the href.
Invalid href '\01_25R1116\05_Encyclopedia\05_Database\02_DB險ｭ險・繧､繝ｳ繝・ャ繧ｯ繧ｹ縺ｨ繝医Λ繝ｳ繧ｶ繧ｯ繧ｷ繝ｧ繝ｳ縺ｮ縺贋ｽ懈ｳ・ passed to next/router in page: '/01_25R1116/06_Project_Management/01_Requirements_and_Design'. Repeated forward-slashes (//) or backslashes \ are not valid in the href.
Invalid href '\01_25R1116\05_Encyclopedia\06_Mobile_App\01_Native\01_Swift_Kotlin_讎りｦ√→豁ｴ蜿ｲ' passed to next/router in page: '/01_25R1116/06_Project_Management/01_Requirements_and_Design'. Repeated forward-slashes (//) or backslashes \ are not valid in the href.
Invalid href '\01_25R1116\05_Encyclopedia\06_Mobile_App\02_CrossPlatform\01_Flutter_Dart_蛻晏ｭｦ閠・髄縺大・髢' passed to next/router in page: '/01_25R1116/06_Project_Management/01_Requirements_and_Design'. Repeated forward-slashes (//) or backslashes \ are not valid in the href.
Invalid href '\01_25R1116\05_Encyclopedia\06_Mobile_App\02_CrossPlatform\01_Flutter_Dart_蛻晏ｭｦ閠・髄縺大・髢' passed to next/router in page: '/01_25R1116/06_Project_Management/01_Requirements_and_Design'. Repeated forward-slashes (//) or backslashes \ are not valid in the href.
Invalid href '\00_Personal_Production_Log\01_Web_Application\00_Web_Application_菴ｿ逕ｨ險隱槭・謚陦薙せ繧ｿ繝・け荳隕ｧ' passed to next/router in page: '/02_SelfStudy/01_ExcelVBA/01_Concept_and_Basics'. Repeated forward-slashes (//) or backslashes \ are not valid in the href.
Invalid href '\00_Personal_Production_Log\01_Web_Application\01_TheVocaloid-Times_AI螳悟・逕滓・莠倶ｾ玖ｩ穂ｾ｡' passed to next/router in page: '/02_SelfStudy/01_ExcelVBA/01_Concept_and_Basics'. Repeated forward-slashes (//) or backslashes \ are not valid in the href.
Invalid href '\00_Personal_Production_Log\01_Web_Application\02_maybe-Goita-Online_AI螳悟・逕滓・莠倶ｾ玖ｩ穂ｾ｡' passed to next/router in page: '/02_SelfStudy/01_ExcelVBA/01_Concept_and_Basics'. Repeated forward-slashes (//) or backslashes \ are not valid in the href.
Invalid href '\00_Personal_Production_Log\02_Portfolio\00_Portfolio_髢狗匱迺ｰ蠅・→繧｢繝ｼ繧ｭ繝・け繝√Ε蜑肴署' passed to next/router in page: '/02_SelfStudy/01_ExcelVBA/01_Concept_and_Basics'. Repeated forward-slashes (//) or backslashes \ are not valid in the href.
Invalid href '\00_Personal_Production_Log\02_Portfolio\01_Project_Last-Stand_蜊疲･ｭ繧ｳ繝ｼ繝・ぅ繝ｳ繧ｰ縺ｨAI豢ｻ逕ｨ隧穂ｾ｡' passed to next/router in page: '/02_SelfStudy/01_ExcelVBA/01_Concept_and_Basics'. Repeated forward-slashes (//) or backslashes \ are not valid in the href.
Invalid href '\00_Personal_Production_Log\03_Infrastructure\00_Infrastructure_蜑肴署遏･隴倥→讒区・險ｭ險・ passed to next/router in page: '/02_SelfStudy/01_ExcelVBA/01_Concept_and_Basics'. Repeated forward-slashes (//) or backslashes \ are not valid in the href.
Invalid href '\00_Personal_Production_Log\03_Infrastructure\01_Minecraft_繧ｵ繝ｼ繝舌・讒狗ｯ峨→驕狗畑隧穂ｾ｡' passed to next/router in page: '/02_SelfStudy/01_ExcelVBA/01_Concept_and_Basics'. Repeated forward-slashes (//) or backslashes \ are not valid in the href.
Invalid href '\00_Personal_Production_Log\03_Infrastructure\00_Database\00_Database_蝓ｺ遉弱→蜑肴署遏･隴・ passed to next/router in page: '/02_SelfStudy/01_ExcelVBA/01_Concept_and_Basics'. Repeated forward-slashes (//) or backslashes \ are not valid in the href.
Invalid href '\01_25R1116\01_Frontend\01_HTML_CSS\00_HTML_CSS_蝓ｺ遉弱→蜑肴署遏･隴・ passed to next/router in page: '/02_SelfStudy/01_ExcelVBA/01_Concept_and_Basics'. Repeated forward-slashes (//) or backslashes \ are not valid in the href.
Invalid href '\01_25R1116\01_Frontend\01_HTML_CSS\01_HTML_CSS_Bootstrap螳溯ｷｵ' passed to next/router in page: '/02_SelfStudy/01_ExcelVBA/01_Concept_and_Basics'. Repeated forward-slashes (//) or backslashes \ are not valid in the href.
Invalid href '\01_25R1116\01_Frontend\02_JavaScript\00_JavaScript_蝓ｺ遉弱→蜑肴署遏･隴・ passed to next/router in page: '/02_SelfStudy/01_ExcelVBA/01_Concept_and_Basics'. Repeated forward-slashes (//) or backslashes \ are not valid in the href.
Invalid href '\01_25R1116\01_Frontend\02_JavaScript\01_JavaScript_繧ｪ繝悶ず繧ｧ繧ｯ繝域欠蜷大ｮ溯ｷｵ' passed to next/router in page: '/02_SelfStudy/01_ExcelVBA/01_Concept_and_Basics'. Repeated forward-slashes (//) or backslashes \ are not valid in the href.
Invalid href '\01_25R1116\01_Frontend\03_TypeScript\00_TypeScript_蝓ｺ遉弱→蜑肴署遏･隴・ passed to next/router in page: '/02_SelfStudy/01_ExcelVBA/01_Concept_and_Basics'. Repeated forward-slashes (//) or backslashes \ are not valid in the href.
Invalid href '\01_25R1116\01_Frontend\04_React\00_React_蝓ｺ遉弱→蜑肴署遏･隴・ passed to next/router in page: '/02_SelfStudy/01_ExcelVBA/01_Concept_and_Basics'. Repeated forward-slashes (//) or backslashes \ are not valid in the href.
Invalid href '\01_25R1116\01_Frontend\05_Nextjs\00_Nextjs_蝓ｺ遉弱→蜑肴署遏･隴・ passed to next/router in page: '/02_SelfStudy/01_ExcelVBA/01_Concept_and_Basics'. Repeated forward-slashes (//) or backslashes \ are not valid in the href.
Invalid href '\01_25R1116\02_Backend\00_Python\00_Python_蝓ｺ遉弱→蜑肴署遏･隴・ passed to next/router in page: '/02_SelfStudy/01_ExcelVBA/01_Concept_and_Basics'. Repeated forward-slashes (//) or backslashes \ are not valid in the href.
Invalid href '\01_25R1116\02_Backend\01_Flask\00_Flask_蝓ｺ遉弱→蜑肴署遏･隴・ passed to next/router in page: '/02_SelfStudy/01_ExcelVBA/01_Concept_and_Basics'. Repeated forward-slashes (//) or backslashes \ are not valid in the href.
Invalid href '\01_25R1116\02_Backend\01_Flask\01_Flask_WTForms蠢懃畑' passed to next/router in page: '/02_SelfStudy/01_ExcelVBA/01_Concept_and_Basics'. Repeated forward-slashes (//) or backslashes \ are not valid in the href.
Invalid href '\01_25R1116\02_Backend\01_Flask\02_Flask_繝・・繧ｿ繝吶・繧ｹ縺ｨORM' passed to next/router in page: '/02_SelfStudy/01_ExcelVBA/01_Concept_and_Basics'. Repeated forward-slashes (//) or backslashes \ are not valid in the href.
Invalid href '\01_25R1116\02_Backend\01_Flask\03_Flask_Jinja2繝・Φ繝励Ξ繝ｼ繝域ｧ区枚' passed to next/router in page: '/02_SelfStudy/01_ExcelVBA/01_Concept_and_Basics'. Repeated forward-slashes (//) or backslashes \ are not valid in the href.
Invalid href '\01_25R1116\02_Backend\01_Flask\04_Flask_SQLAlchemy蠢懃畑_ToDo繧｢繝励Μ' passed to next/router in page: '/02_SelfStudy/01_ExcelVBA/01_Concept_and_Basics'. Repeated forward-slashes (//) or backslashes \ are not valid in the href.
Invalid href '\01_25R1116\02_Backend\01_Flask\05_Flask_隲也炊蜑企勁縺ｨ陦ｨ遉ｺ荳雋ｫ諤ｧ縺ｮ險ｭ險・ passed to next/router in page: '/02_SelfStudy/01_ExcelVBA/01_Concept_and_Basics'. Repeated forward-slashes (//) or backslashes \ are not valid in the href.
Invalid href '\01_25R1116\02_Backend\01_Flask\06_Flask_Blueprint縺ｫ繧医ｋMVC繧｢繝ｼ繧ｭ繝・け繝√Ε' passed to next/router in page: '/02_SelfStudy/01_ExcelVBA/01_Concept_and_Basics'. Repeated forward-slashes (//) or backslashes \ are not valid in the href.
Invalid href '\01_25R1116\03_Infrastructure\00_Database\00_Database_蝓ｺ遉弱→蜑肴署遏･隴・ passed to next/router in page: '/02_SelfStudy/01_ExcelVBA/01_Concept_and_Basics'. Repeated forward-slashes (//) or backslashes \ are not valid in the href.
Invalid href '\01_25R1116\04_Others\00_AI\00_AI_蝓ｺ遉弱→蜑肴署遏･隴・ passed to next/router in page: '/02_SelfStudy/01_ExcelVBA/01_Concept_and_Basics'. Repeated forward-slashes (//) or backslashes \ are not valid in the href.
Invalid href '\01_25R1116\04_Others\02_CodingTest\01_讓呎ｺ門・蜉帙→CLI螳溯｡後・蝓ｺ遉守衍隴・ passed to next/router in page: '/02_SelfStudy/01_ExcelVBA/01_Concept_and_Basics'. Repeated forward-slashes (//) or backslashes \ are not valid in the href.
Invalid href '\01_25R1116\05_Encyclopedia\01_JavaScript_TypeScript\01_JS_TS_繝ｭ繧ｸ繝・け讒狗ｯ峨Γ繧ｽ繝・ラ蝗ｳ髑・ passed to next/router in page: '/02_SelfStudy/01_ExcelVBA/01_Concept_and_Basics'. Repeated forward-slashes (//) or backslashes \ are not valid in the href.
Invalid href '\01_25R1116\05_Encyclopedia\01_JavaScript_TypeScript\02_JS_TS_迚ｹ譛峨・縺贋ｽ懈ｳ輔→莉冶ｨ隱樊ｯ碑ｼ・ passed to next/router in page: '/02_SelfStudy/01_ExcelVBA/01_Concept_and_Basics'. Repeated forward-slashes (//) or backslashes \ are not valid in the href.
Invalid href '\01_25R1116\05_Encyclopedia\02_Python\01_Python_繝ｭ繧ｸ繝・け讒狗ｯ峨Γ繧ｽ繝・ラ蝗ｳ髑・ passed to next/router in page: '/02_SelfStudy/01_ExcelVBA/01_Concept_and_Basics'. Repeated forward-slashes (//) or backslashes \ are not valid in the href.
Invalid href '\01_25R1116\05_Encyclopedia\02_Python\02_Python_迚ｹ譛峨・縺贋ｽ懈ｳ輔→莉冶ｨ隱樊ｯ碑ｼ・ passed to next/router in page: '/02_SelfStudy/01_ExcelVBA/01_Concept_and_Basics'. Repeated forward-slashes (//) or backslashes \ are not valid in the href.
Invalid href '\01_25R1116\05_Encyclopedia\03_PHP\01_PHP_繝ｭ繧ｸ繝・け讒狗ｯ峨Γ繧ｽ繝・ラ蝗ｳ髑・ passed to next/router in page: '/02_SelfStudy/01_ExcelVBA/01_Concept_and_Basics'. Repeated forward-slashes (//) or backslashes \ are not valid in the href.
Invalid href '\01_25R1116\05_Encyclopedia\03_PHP\02_PHP_迚ｹ譛峨・縺贋ｽ懈ｳ輔→莉冶ｨ隱樊ｯ碑ｼ・ passed to next/router in page: '/02_SelfStudy/01_ExcelVBA/01_Concept_and_Basics'. Repeated forward-slashes (//) or backslashes \ are not valid in the href.
Invalid href '\01_25R1116\05_Encyclopedia\04_Frameworks\01_React_Nextjs_騾・ｼ輔″霎槫・' passed to next/router in page: '/02_SelfStudy/01_ExcelVBA/01_Concept_and_Basics'. Repeated forward-slashes (//) or backslashes \ are not valid in the href.
Invalid href '\01_25R1116\05_Encyclopedia\04_Frameworks\02_Flask_SQLAlchemy_騾・ｼ輔″霎槫・' passed to next/router in page: '/02_SelfStudy/01_ExcelVBA/01_Concept_and_Basics'. Repeated forward-slashes (//) or backslashes \ are not valid in the href.
Invalid href '\01_25R1116\05_Encyclopedia\04_Frameworks\03_Laravel_PHP_蛻晏ｭｦ閠・髄縺大・髢' passed to next/router in page: '/02_SelfStudy/01_ExcelVBA/01_Concept_and_Basics'. Repeated forward-slashes (//) or backslashes \ are not valid in the href.
Invalid href '\01_25R1116\05_Encyclopedia\05_Database\01_SQL_RDB_蝓ｺ譛ｬ繧ｯ繧ｨ繝ｪ縺ｨ繧｢繝ｳ繝√ヱ繧ｿ繝ｼ繝ｳ蝗ｳ髑・ passed to next/router in page: '/02_SelfStudy/01_ExcelVBA/01_Concept_and_Basics'. Repeated forward-slashes (//) or backslashes \ are not valid in the href.
Invalid href '\01_25R1116\05_Encyclopedia\05_Database\02_DB險ｭ險・繧､繝ｳ繝・ャ繧ｯ繧ｹ縺ｨ繝医Λ繝ｳ繧ｶ繧ｯ繧ｷ繝ｧ繝ｳ縺ｮ縺贋ｽ懈ｳ・ passed to next/router in page: '/02_SelfStudy/01_ExcelVBA/01_Concept_and_Basics'. Repeated forward-slashes (//) or backslashes \ are not valid in the href.
Invalid href '\01_25R1116\05_Encyclopedia\06_Mobile_App\01_Native\01_Swift_Kotlin_讎りｦ√→豁ｴ蜿ｲ' passed to next/router in page: '/02_SelfStudy/01_ExcelVBA/01_Concept_and_Basics'. Repeated forward-slashes (//) or backslashes \ are not valid in the href.
Invalid href '\01_25R1116\05_Encyclopedia\06_Mobile_App\02_CrossPlatform\01_Flutter_Dart_蛻晏ｭｦ閠・髄縺大・髢' passed to next/router in page: '/02_SelfStudy/01_ExcelVBA/01_Concept_and_Basics'. Repeated forward-slashes (//) or backslashes \ are not valid in the href.
Error: No content found for the current route. This is a Nextra bug.
    at i (C:\Users\25R1116\Documents\Lernweg\.next\server\chunks\2177.js:15:61001)
    at l (C:\Users\25R1116\Documents\Lernweg\.next\server\chunks\2177.js:15:54210)
    at Wc (C:\Users\25R1116\Documents\Lernweg\node_modules\react-dom\cjs\react-dom-server.browser.production.min.js:68:44)
    at Zc (C:\Users\25R1116\Documents\Lernweg\node_modules\react-dom\cjs\react-dom-server.browser.production.min.js:70:253)
    at Z (C:\Users\25R1116\Documents\Lernweg\node_modules\react-dom\cjs\react-dom-server.browser.production.min.js:76:89)
    at Zc (C:\Users\25R1116\Documents\Lernweg\node_modules\react-dom\cjs\react-dom-server.browser.production.min.js:70:481)
    at Z (C:\Users\25R1116\Documents\Lernweg\node_modules\react-dom\cjs\react-dom-server.browser.production.min.js:76:89)
    at Zc (C:\Users\25R1116\Documents\Lernweg\node_modules\react-dom\cjs\react-dom-server.browser.production.min.js:70:481)
    at Z (C:\Users\25R1116\Documents\Lernweg\node_modules\react-dom\cjs\react-dom-server.browser.production.min.js:76:89)
    at $c (C:\Users\25R1116\Documents\Lernweg\node_modules\react-dom\cjs\react-dom-server.browser.production.min.js:78:98)

Error occurred prerendering page "/00_Personal_Production_Log/02_Portfolio/01_Project_Last-Stand_蜊疲･ｭ繧ｳ繝ｼ繝・ぅ繝ｳ繧ｰ縺ｨAI豢ｻ逕ｨ隧穂ｾ｡". Read more: https://nextjs.org/docs/messages/prerender-error

Error: No content found for the current route. This is a Nextra bug.
    at i (C:\Users\25R1116\Documents\Lernweg\.next\server\chunks\2177.js:15:61001)
    at l (C:\Users\25R1116\Documents\Lernweg\.next\server\chunks\2177.js:15:54210)
    at Wc (C:\Users\25R1116\Documents\Lernweg\node_modules\react-dom\cjs\react-dom-server.browser.production.min.js:68:44)
    at Zc (C:\Users\25R1116\Documents\Lernweg\node_modules\react-dom\cjs\react-dom-server.browser.production.min.js:70:253)
    at Z (C:\Users\25R1116\Documents\Lernweg\node_modules\react-dom\cjs\react-dom-server.browser.production.min.js:76:89)
    at Zc (C:\Users\25R1116\Documents\Lernweg\node_modules\react-dom\cjs\react-dom-server.browser.production.min.js:70:481)
    at Z (C:\Users\25R1116\Documents\Lernweg\node_modules\react-dom\cjs\react-dom-server.browser.production.min.js:76:89)
    at Zc (C:\Users\25R1116\Documents\Lernweg\node_modules\react-dom\cjs\react-dom-server.browser.production.min.js:70:481)
    at Z (C:\Users\25R1116\Documents\Lernweg\node_modules\react-dom\cjs\react-dom-server.browser.production.min.js:76:89)
    at $c (C:\Users\25R1116\Documents\Lernweg\node_modules\react-dom\cjs\react-dom-server.browser.production.min.js:78:98)
Error: No content found for the current route. This is a Nextra bug.
    at i (C:\Users\25R1116\Documents\Lernweg\.next\server\chunks\2177.js:15:61001)
    at l (C:\Users\25R1116\Documents\Lernweg\.next\server\chunks\2177.js:15:54210)
    at Wc (C:\Users\25R1116\Documents\Lernweg\node_modules\react-dom\cjs\react-dom-server.browser.production.min.js:68:44)
    at Zc (C:\Users\25R1116\Documents\Lernweg\node_modules\react-dom\cjs\react-dom-server.browser.production.min.js:70:253)
    at Z (C:\Users\25R1116\Documents\Lernweg\node_modules\react-dom\cjs\react-dom-server.browser.production.min.js:76:89)
    at Zc (C:\Users\25R1116\Documents\Lernweg\node_modules\react-dom\cjs\react-dom-server.browser.production.min.js:70:481)
    at Z (C:\Users\25R1116\Documents\Lernweg\node_modules\react-dom\cjs\react-dom-server.browser.production.min.js:76:89)
    at Zc (C:\Users\25R1116\Documents\Lernweg\node_modules\react-dom\cjs\react-dom-server.browser.production.min.js:70:481)
    at Z (C:\Users\25R1116\Documents\Lernweg\node_modules\react-dom\cjs\react-dom-server.browser.production.min.js:76:89)
    at $c (C:\Users\25R1116\Documents\Lernweg\node_modules\react-dom\cjs\react-dom-server.browser.production.min.js:78:98)

Error occurred prerendering page "/01_25R1116/01_Frontend/01_HTML_CSS/00_HTML_CSS_蝓ｺ遉弱→蜑肴署遏･隴・. Read more: https://nextjs.org/docs/messages/prerender-error

Error: No content found for the current route. This is a Nextra bug.
    at i (C:\Users\25R1116\Documents\Lernweg\.next\server\chunks\2177.js:15:61001)
    at l (C:\Users\25R1116\Documents\Lernweg\.next\server\chunks\2177.js:15:54210)
    at Wc (C:\Users\25R1116\Documents\Lernweg\node_modules\react-dom\cjs\react-dom-server.browser.production.min.js:68:44)
    at Zc (C:\Users\25R1116\Documents\Lernweg\node_modules\react-dom\cjs\react-dom-server.browser.production.min.js:70:253)
    at Z (C:\Users\25R1116\Documents\Lernweg\node_modules\react-dom\cjs\react-dom-server.browser.production.min.js:76:89)
    at Zc (C:\Users\25R1116\Documents\Lernweg\node_modules\react-dom\cjs\react-dom-server.browser.production.min.js:70:481)
    at Z (C:\Users\25R1116\Documents\Lernweg\node_modules\react-dom\cjs\react-dom-server.browser.production.min.js:76:89)
    at Zc (C:\Users\25R1116\Documents\Lernweg\node_modules\react-dom\cjs\react-dom-server.browser.production.min.js:70:481)
    at Z (C:\Users\25R1116\Documents\Lernweg\node_modules\react-dom\cjs\react-dom-server.browser.production.min.js:76:89)
    at $c (C:\Users\25R1116\Documents\Lernweg\node_modules\react-dom\cjs\react-dom-server.browser.production.min.js:78:98)
Error: No content found for the current route. This is a Nextra bug.
    at i (C:\Users\25R1116\Documents\Lernweg\.next\server\chunks\2177.js:15:61001)
    at l (C:\Users\25R1116\Documents\Lernweg\.next\server\chunks\2177.js:15:54210)
    at Wc (C:\Users\25R1116\Documents\Lernweg\node_modules\react-dom\cjs\react-dom-server.browser.production.min.js:68:44)
    at Zc (C:\Users\25R1116\Documents\Lernweg\node_modules\react-dom\cjs\react-dom-server.browser.production.min.js:70:253)
    at Z (C:\Users\25R1116\Documents\Lernweg\node_modules\react-dom\cjs\react-dom-server.browser.production.min.js:76:89)
    at Zc (C:\Users\25R1116\Documents\Lernweg\node_modules\react-dom\cjs\react-dom-server.browser.production.min.js:70:481)
    at Z (C:\Users\25R1116\Documents\Lernweg\node_modules\react-dom\cjs\react-dom-server.browser.production.min.js:76:89)
    at Zc (C:\Users\25R1116\Documents\Lernweg\node_modules\react-dom\cjs\react-dom-server.browser.production.min.js:70:481)
    at Z (C:\Users\25R1116\Documents\Lernweg\node_modules\react-dom\cjs\react-dom-server.browser.production.min.js:76:89)
    at $c (C:\Users\25R1116\Documents\Lernweg\node_modules\react-dom\cjs\react-dom-server.browser.production.min.js:78:98)

Error occurred prerendering page "/00_Personal_Production_Log/02_Portfolio/00_Portfolio_髢狗匱迺ｰ蠅・→繧｢繝ｼ繧ｭ繝・け繝√Ε蜑肴署". Read more: https://nextjs.org/docs/messages/prerender-error

Error: No content found for the current route. This is a Nextra bug.
    at i (C:\Users\25R1116\Documents\Lernweg\.next\server\chunks\2177.js:15:61001)
    at l (C:\Users\25R1116\Documents\Lernweg\.next\server\chunks\2177.js:15:54210)
    at Wc (C:\Users\25R1116\Documents\Lernweg\node_modules\react-dom\cjs\react-dom-server.browser.production.min.js:68:44)
    at Zc (C:\Users\25R1116\Documents\Lernweg\node_modules\react-dom\cjs\react-dom-server.browser.production.min.js:70:253)
    at Z (C:\Users\25R1116\Documents\Lernweg\node_modules\react-dom\cjs\react-dom-server.browser.production.min.js:76:89)
    at Zc (C:\Users\25R1116\Documents\Lernweg\node_modules\react-dom\cjs\react-dom-server.browser.production.min.js:70:481)
    at Z (C:\Users\25R1116\Documents\Lernweg\node_modules\react-dom\cjs\react-dom-server.browser.production.min.js:76:89)
    at Zc (C:\Users\25R1116\Documents\Lernweg\node_modules\react-dom\cjs\react-dom-server.browser.production.min.js:70:481)
    at Z (C:\Users\25R1116\Documents\Lernweg\node_modules\react-dom\cjs\react-dom-server.browser.production.min.js:76:89)
    at $c (C:\Users\25R1116\Documents\Lernweg\node_modules\react-dom\cjs\react-dom-server.browser.production.min.js:78:98)
Error: No content found for the current route. This is a Nextra bug.
    at i (C:\Users\25R1116\Documents\Lernweg\.next\server\chunks\2177.js:15:61001)
    at l (C:\Users\25R1116\Documents\Lernweg\.next\server\chunks\2177.js:15:54210)
    at Wc (C:\Users\25R1116\Documents\Lernweg\node_modules\react-dom\cjs\react-dom-server.browser.production.min.js:68:44)
    at Zc (C:\Users\25R1116\Documents\Lernweg\node_modules\react-dom\cjs\react-dom-server.browser.production.min.js:70:253)
    at Z (C:\Users\25R1116\Documents\Lernweg\node_modules\react-dom\cjs\react-dom-server.browser.production.min.js:76:89)
    at Zc (C:\Users\25R1116\Documents\Lernweg\node_modules\react-dom\cjs\react-dom-server.browser.production.min.js:70:481)
    at Z (C:\Users\25R1116\Documents\Lernweg\node_modules\react-dom\cjs\react-dom-server.browser.production.min.js:76:89)
    at Zc (C:\Users\25R1116\Documents\Lernweg\node_modules\react-dom\cjs\react-dom-server.browser.production.min.js:70:481)
    at Z (C:\Users\25R1116\Documents\Lernweg\node_modules\react-dom\cjs\react-dom-server.browser.production.min.js:76:89)
    at $c (C:\Users\25R1116\Documents\Lernweg\node_modules\react-dom\cjs\react-dom-server.browser.production.min.js:78:98)

Error occurred prerendering page "/00_Personal_Production_Log/03_Infrastructure/00_Infrastructure_蜑肴署遏･隴倥→讒区・險ｭ險・. Read more: https://nextjs.org/docs/messages/prerender-error

Error: No content found for the current route. This is a Nextra bug.
    at i (C:\Users\25R1116\Documents\Lernweg\.next\server\chunks\2177.js:15:61001)
    at l (C:\Users\25R1116\Documents\Lernweg\.next\server\chunks\2177.js:15:54210)
    at Wc (C:\Users\25R1116\Documents\Lernweg\node_modules\react-dom\cjs\react-dom-server.browser.production.min.js:68:44)
    at Zc (C:\Users\25R1116\Documents\Lernweg\node_modules\react-dom\cjs\react-dom-server.browser.production.min.js:70:253)
    at Z (C:\Users\25R1116\Documents\Lernweg\node_modules\react-dom\cjs\react-dom-server.browser.production.min.js:76:89)
    at Zc (C:\Users\25R1116\Documents\Lernweg\node_modules\react-dom\cjs\react-dom-server.browser.production.min.js:70:481)
    at Z (C:\Users\25R1116\Documents\Lernweg\node_modules\react-dom\cjs\react-dom-server.browser.production.min.js:76:89)
    at Zc (C:\Users\25R1116\Documents\Lernweg\node_modules\react-dom\cjs\react-dom-server.browser.production.min.js:70:481)
    at Z (C:\Users\25R1116\Documents\Lernweg\node_modules\react-dom\cjs\react-dom-server.browser.production.min.js:76:89)
    at $c (C:\Users\25R1116\Documents\Lernweg\node_modules\react-dom\cjs\react-dom-server.browser.production.min.js:78:98)
Error: No content found for the current route. This is a Nextra bug.
    at i (C:\Users\25R1116\Documents\Lernweg\.next\server\chunks\2177.js:15:61001)
    at l (C:\Users\25R1116\Documents\Lernweg\.next\server\chunks\2177.js:15:54210)
    at Wc (C:\Users\25R1116\Documents\Lernweg\node_modules\react-dom\cjs\react-dom-server.browser.production.min.js:68:44)
    at Zc (C:\Users\25R1116\Documents\Lernweg\node_modules\react-dom\cjs\react-dom-server.browser.production.min.js:70:253)
    at Z (C:\Users\25R1116\Documents\Lernweg\node_modules\react-dom\cjs\react-dom-server.browser.production.min.js:76:89)
    at Zc (C:\Users\25R1116\Documents\Lernweg\node_modules\react-dom\cjs\react-dom-server.browser.production.min.js:70:481)
    at Z (C:\Users\25R1116\Documents\Lernweg\node_modules\react-dom\cjs\react-dom-server.browser.production.min.js:76:89)
    at Zc (C:\Users\25R1116\Documents\Lernweg\node_modules\react-dom\cjs\react-dom-server.browser.production.min.js:70:481)
    at Z (C:\Users\25R1116\Documents\Lernweg\node_modules\react-dom\cjs\react-dom-server.browser.production.min.js:76:89)
    at $c (C:\Users\25R1116\Documents\Lernweg\node_modules\react-dom\cjs\react-dom-server.browser.production.min.js:78:98)

Error occurred prerendering page "/00_Personal_Production_Log/03_Infrastructure/00_Database/00_Database_蝓ｺ遉弱→蜑肴署遏･隴・. Read more: https://nextjs.org/docs/messages/prerender-error

Error: No content found for the current route. This is a Nextra bug.
    at i (C:\Users\25R1116\Documents\Lernweg\.next\server\chunks\2177.js:15:61001)
    at l (C:\Users\25R1116\Documents\Lernweg\.next\server\chunks\2177.js:15:54210)
    at Wc (C:\Users\25R1116\Documents\Lernweg\node_modules\react-dom\cjs\react-dom-server.browser.production.min.js:68:44)
    at Zc (C:\Users\25R1116\Documents\Lernweg\node_modules\react-dom\cjs\react-dom-server.browser.production.min.js:70:253)
    at Z (C:\Users\25R1116\Documents\Lernweg\node_modules\react-dom\cjs\react-dom-server.browser.production.min.js:76:89)
    at Zc (C:\Users\25R1116\Documents\Lernweg\node_modules\react-dom\cjs\react-dom-server.browser.production.min.js:70:481)
    at Z (C:\Users\25R1116\Documents\Lernweg\node_modules\react-dom\cjs\react-dom-server.browser.production.min.js:76:89)
    at Zc (C:\Users\25R1116\Documents\Lernweg\node_modules\react-dom\cjs\react-dom-server.browser.production.min.js:70:481)
    at Z (C:\Users\25R1116\Documents\Lernweg\node_modules\react-dom\cjs\react-dom-server.browser.production.min.js:76:89)
    at $c (C:\Users\25R1116\Documents\Lernweg\node_modules\react-dom\cjs\react-dom-server.browser.production.min.js:78:98)
Error: No content found for the current route. This is a Nextra bug.
    at i (C:\Users\25R1116\Documents\Lernweg\.next\server\chunks\2177.js:15:61001)
    at l (C:\Users\25R1116\Documents\Lernweg\.next\server\chunks\2177.js:15:54210)
    at Wc (C:\Users\25R1116\Documents\Lernweg\node_modules\react-dom\cjs\react-dom-server.browser.production.min.js:68:44)
    at Zc (C:\Users\25R1116\Documents\Lernweg\node_modules\react-dom\cjs\react-dom-server.browser.production.min.js:70:253)
    at Z (C:\Users\25R1116\Documents\Lernweg\node_modules\react-dom\cjs\react-dom-server.browser.production.min.js:76:89)
    at Zc (C:\Users\25R1116\Documents\Lernweg\node_modules\react-dom\cjs\react-dom-server.browser.production.min.js:70:481)
    at Z (C:\Users\25R1116\Documents\Lernweg\node_modules\react-dom\cjs\react-dom-server.browser.production.min.js:76:89)
    at Zc (C:\Users\25R1116\Documents\Lernweg\node_modules\react-dom\cjs\react-dom-server.browser.production.min.js:70:481)
    at Z (C:\Users\25R1116\Documents\Lernweg\node_modules\react-dom\cjs\react-dom-server.browser.production.min.js:76:89)
    at $c (C:\Users\25R1116\Documents\Lernweg\node_modules\react-dom\cjs\react-dom-server.browser.production.min.js:78:98)

Error occurred prerendering page "/01_25R1116/01_Frontend/02_JavaScript/00_JavaScript_蝓ｺ遉弱→蜑肴署遏･隴・. Read more: https://nextjs.org/docs/messages/prerender-error

Error: No content found for the current route. This is a Nextra bug.
    at i (C:\Users\25R1116\Documents\Lernweg\.next\server\chunks\2177.js:15:61001)
    at l (C:\Users\25R1116\Documents\Lernweg\.next\server\chunks\2177.js:15:54210)
    at Wc (C:\Users\25R1116\Documents\Lernweg\node_modules\react-dom\cjs\react-dom-server.browser.production.min.js:68:44)
    at Zc (C:\Users\25R1116\Documents\Lernweg\node_modules\react-dom\cjs\react-dom-server.browser.production.min.js:70:253)
    at Z (C:\Users\25R1116\Documents\Lernweg\node_modules\react-dom\cjs\react-dom-server.browser.production.min.js:76:89)
    at Zc (C:\Users\25R1116\Documents\Lernweg\node_modules\react-dom\cjs\react-dom-server.browser.production.min.js:70:481)
    at Z (C:\Users\25R1116\Documents\Lernweg\node_modules\react-dom\cjs\react-dom-server.browser.production.min.js:76:89)
    at Zc (C:\Users\25R1116\Documents\Lernweg\node_modules\react-dom\cjs\react-dom-server.browser.production.min.js:70:481)
    at Z (C:\Users\25R1116\Documents\Lernweg\node_modules\react-dom\cjs\react-dom-server.browser.production.min.js:76:89)
    at $c (C:\Users\25R1116\Documents\Lernweg\node_modules\react-dom\cjs\react-dom-server.browser.production.min.js:78:98)
Invalid href '\00_Personal_Production_Log\01_Web_Application\00_Web_Application_菴ｿ逕ｨ險隱槭・謚陦薙せ繧ｿ繝・け荳隕ｧ' passed to next/router in page: '/'. Repeated forward-slashes (//) or backslashes \ are not valid in the href.
Invalid href '\00_Personal_Production_Log\01_Web_Application\01_TheVocaloid-Times_AI螳悟・逕滓・莠倶ｾ玖ｩ穂ｾ｡' passed to next/router in page: '/'. Repeated forward-slashes (//) or backslashes \ are not valid in the href.
Invalid href '\00_Personal_Production_Log\01_Web_Application\02_maybe-Goita-Online_AI螳悟・逕滓・莠倶ｾ玖ｩ穂ｾ｡' passed to next/router in page: '/'. Repeated forward-slashes (//) or backslashes \ are not valid in the href.
Invalid href '\00_Personal_Production_Log\02_Portfolio\00_Portfolio_髢狗匱迺ｰ蠅・→繧｢繝ｼ繧ｭ繝・け繝√Ε蜑肴署' passed to next/router in page: '/'. Repeated forward-slashes (//) or backslashes \ are not valid in the href.
Invalid href '\00_Personal_Production_Log\02_Portfolio\01_Project_Last-Stand_蜊疲･ｭ繧ｳ繝ｼ繝・ぅ繝ｳ繧ｰ縺ｨAI豢ｻ逕ｨ隧穂ｾ｡' passed to next/router in page: '/'. Repeated forward-slashes (//) or backslashes \ are not valid in the href.
Invalid href '\00_Personal_Production_Log\03_Infrastructure\00_Infrastructure_蜑肴署遏･隴倥→讒区・險ｭ險・ passed to next/router in page: '/'. Repeated forward-slashes (//) or backslashes \ are not valid in the href.
Invalid href '\00_Personal_Production_Log\03_Infrastructure\01_Minecraft_繧ｵ繝ｼ繝舌・讒狗ｯ峨→驕狗畑隧穂ｾ｡' passed to next/router in page: '/'. Repeated forward-slashes (//) or backslashes \ are not valid in the href.
Invalid href '\00_Personal_Production_Log\03_Infrastructure\00_Database\00_Database_蝓ｺ遉弱→蜑肴署遏･隴・ passed to next/router in page: '/'. Repeated forward-slashes (//) or backslashes \ are not valid in the href.
Invalid href '\01_25R1116\01_Frontend\01_HTML_CSS\00_HTML_CSS_蝓ｺ遉弱→蜑肴署遏･隴・ passed to next/router in page: '/'. Repeated forward-slashes (//) or backslashes \ are not valid in the href.
Invalid href '\01_25R1116\01_Frontend\01_HTML_CSS\01_HTML_CSS_Bootstrap螳溯ｷｵ' passed to next/router in page: '/'. Repeated forward-slashes (//) or backslashes \ are not valid in the href.
Invalid href '\01_25R1116\01_Frontend\02_JavaScript\00_JavaScript_蝓ｺ遉弱→蜑肴署遏･隴・ passed to next/router in page: '/'. Repeated forward-slashes (//) or backslashes \ are not valid in the href.
Invalid href '\01_25R1116\01_Frontend\02_JavaScript\01_JavaScript_繧ｪ繝悶ず繧ｧ繧ｯ繝域欠蜷大ｮ溯ｷｵ' passed to next/router in page: '/'. Repeated forward-slashes (//) or backslashes \ are not valid in the href.
Invalid href '\01_25R1116\01_Frontend\03_TypeScript\00_TypeScript_蝓ｺ遉弱→蜑肴署遏･隴・ passed to next/router in page: '/'. Repeated forward-slashes (//) or backslashes \ are not valid in the href.
Invalid href '\01_25R1116\01_Frontend\04_React\00_React_蝓ｺ遉弱→蜑肴署遏･隴・ passed to next/router in page: '/'. Repeated forward-slashes (//) or backslashes \ are not valid in the href.
Invalid href '\01_25R1116\01_Frontend\05_Nextjs\00_Nextjs_蝓ｺ遉弱→蜑肴署遏･隴・ passed to next/router in page: '/'. Repeated forward-slashes (//) or backslashes \ are not valid in the href.
Invalid href '\01_25R1116\02_Backend\00_Python\00_Python_蝓ｺ遉弱→蜑肴署遏･隴・ passed to next/router in page: '/'. Repeated forward-slashes (//) or backslashes \ are not valid in the href.
Invalid href '\01_25R1116\02_Backend\01_Flask\00_Flask_蝓ｺ遉弱→蜑肴署遏･隴・ passed to next/router in page: '/'. Repeated forward-slashes (//) or backslashes \ are not valid in the href.
Invalid href '\01_25R1116\02_Backend\01_Flask\01_Flask_WTForms蠢懃畑' passed to next/router in page: '/'. Repeated forward-slashes (//) or backslashes \ are not valid in the href.
Invalid href '\01_25R1116\02_Backend\01_Flask\02_Flask_繝・・繧ｿ繝吶・繧ｹ縺ｨORM' passed to next/router in page: '/'. Repeated forward-slashes (//) or backslashes \ are not valid in the href.
Invalid href '\01_25R1116\02_Backend\01_Flask\03_Flask_Jinja2繝・Φ繝励Ξ繝ｼ繝域ｧ区枚' passed to next/router in page: '/'. Repeated forward-slashes (//) or backslashes \ are not valid in the href.
Invalid href '\01_25R1116\02_Backend\01_Flask\04_Flask_SQLAlchemy蠢懃畑_ToDo繧｢繝励Μ' passed to next/router in page: '/'. Repeated forward-slashes (//) or backslashes \ are not valid in the href.
Invalid href '\01_25R1116\02_Backend\01_Flask\05_Flask_隲也炊蜑企勁縺ｨ陦ｨ遉ｺ荳雋ｫ諤ｧ縺ｮ險ｭ險・ passed to next/router in page: '/'. Repeated forward-slashes (//) or backslashes \ are not valid in the href.
Invalid href '\01_25R1116\02_Backend\01_Flask\06_Flask_Blueprint縺ｫ繧医ｋMVC繧｢繝ｼ繧ｭ繝・け繝√Ε' passed to next/router in page: '/'. Repeated forward-slashes (//) or backslashes \ are not valid in the href.
Invalid href '\01_25R1116\03_Infrastructure\00_Database\00_Database_蝓ｺ遉弱→蜑肴署遏･隴・ passed to next/router in page: '/'. Repeated forward-slashes (//) or backslashes \ are not valid in the href.
Invalid href '\01_25R1116\04_Others\00_AI\00_AI_蝓ｺ遉弱→蜑肴署遏･隴・ passed to next/router in page: '/'. Repeated forward-slashes (//) or backslashes \ are not valid in the href.
Invalid href '\01_25R1116\04_Others\02_CodingTest\01_讓呎ｺ門・蜉帙→CLI螳溯｡後・蝓ｺ遉守衍隴・ passed to next/router in page: '/'. Repeated forward-slashes (//) or backslashes \ are not valid in the href.
Invalid href '\01_25R1116\05_Encyclopedia\01_JavaScript_TypeScript\01_JS_TS_繝ｭ繧ｸ繝・け讒狗ｯ峨Γ繧ｽ繝・ラ蝗ｳ髑・ passed to next/router in page: '/'. Repeated forward-slashes (//) or backslashes \ are not valid in the href.
Invalid href '\01_25R1116\05_Encyclopedia\01_JavaScript_TypeScript\02_JS_TS_迚ｹ譛峨・縺贋ｽ懈ｳ輔→莉冶ｨ隱樊ｯ碑ｼ・ passed to next/router in page: '/'. Repeated forward-slashes (//) or backslashes \ are not valid in the href.
Invalid href '\01_25R1116\05_Encyclopedia\02_Python\01_Python_繝ｭ繧ｸ繝・け讒狗ｯ峨Γ繧ｽ繝・ラ蝗ｳ髑・ passed to next/router in page: '/'. Repeated forward-slashes (//) or backslashes \ are not valid in the href.
Invalid href '\01_25R1116\05_Encyclopedia\02_Python\02_Python_迚ｹ譛峨・縺贋ｽ懈ｳ輔→莉冶ｨ隱樊ｯ碑ｼ・ passed to next/router in page: '/'. Repeated forward-slashes (//) or backslashes \ are not valid in the href.
Invalid href '\01_25R1116\05_Encyclopedia\03_PHP\01_PHP_繝ｭ繧ｸ繝・け讒狗ｯ峨Γ繧ｽ繝・ラ蝗ｳ髑・ passed to next/router in page: '/'. Repeated forward-slashes (//) or backslashes \ are not valid in the href.
Invalid href '\01_25R1116\05_Encyclopedia\03_PHP\02_PHP_迚ｹ譛峨・縺贋ｽ懈ｳ輔→莉冶ｨ隱樊ｯ碑ｼ・ passed to next/router in page: '/'. Repeated forward-slashes (//) or backslashes \ are not valid in the href.
Invalid href '\01_25R1116\05_Encyclopedia\04_Frameworks\01_React_Nextjs_騾・ｼ輔″霎槫・' passed to next/router in page: '/'. Repeated forward-slashes (//) or backslashes \ are not valid in the href.
Invalid href '\01_25R1116\05_Encyclopedia\04_Frameworks\02_Flask_SQLAlchemy_騾・ｼ輔″霎槫・' passed to next/router in page: '/'. Repeated forward-slashes (//) or backslashes \ are not valid in the href.
Invalid href '\01_25R1116\05_Encyclopedia\04_Frameworks\03_Laravel_PHP_蛻晏ｭｦ閠・髄縺大・髢' passed to next/router in page: '/'. Repeated forward-slashes (//) or backslashes \ are not valid in the href.
Invalid href '\01_25R1116\05_Encyclopedia\05_Database\01_SQL_RDB_蝓ｺ譛ｬ繧ｯ繧ｨ繝ｪ縺ｨ繧｢繝ｳ繝√ヱ繧ｿ繝ｼ繝ｳ蝗ｳ髑・ passed to next/router in page: '/'. Repeated forward-slashes (//) or backslashes \ are not valid in the href.
Invalid href '\01_25R1116\05_Encyclopedia\05_Database\02_DB險ｭ險・繧､繝ｳ繝・ャ繧ｯ繧ｹ縺ｨ繝医Λ繝ｳ繧ｶ繧ｯ繧ｷ繝ｧ繝ｳ縺ｮ縺贋ｽ懈ｳ・ passed to next/router in page: '/'. Repeated forward-slashes (//) or backslashes \ are not valid in the href.
Invalid href '\01_25R1116\05_Encyclopedia\06_Mobile_App\01_Native\01_Swift_Kotlin_讎りｦ√→豁ｴ蜿ｲ' passed to next/router in page: '/'. Repeated forward-slashes (//) or backslashes \ are not valid in the href.
Invalid href '\01_25R1116\05_Encyclopedia\06_Mobile_App\02_CrossPlatform\01_Flutter_Dart_蛻晏ｭｦ閠・髄縺大・髢' passed to next/router in page: '/'. Repeated forward-slashes (//) or backslashes \ are not valid in the href.
Invalid href '\00_Personal_Production_Log\01_Web_Application\00_Web_Application_菴ｿ逕ｨ險隱槭・謚陦薙せ繧ｿ繝・け荳隕ｧ' passed to next/router in page: '/'. Repeated forward-slashes (//) or backslashes \ are not valid in the href.
Invalid href '\00_Personal_Production_Log\01_Web_Application\00_Web_Application_菴ｿ逕ｨ險隱槭・謚陦薙せ繧ｿ繝・け荳隕ｧ' passed to next/router in page: '/02_SelfStudy/02_Access/01_Concept_and_Basics'. Repeated forward-slashes (//) or backslashes \ are not valid in the href.
Invalid href '\00_Personal_Production_Log\01_Web_Application\01_TheVocaloid-Times_AI螳悟・逕滓・莠倶ｾ玖ｩ穂ｾ｡' passed to next/router in page: '/02_SelfStudy/02_Access/01_Concept_and_Basics'. Repeated forward-slashes (//) or backslashes \ are not valid in the href.
Invalid href '\00_Personal_Production_Log\01_Web_Application\02_maybe-Goita-Online_AI螳悟・逕滓・莠倶ｾ玖ｩ穂ｾ｡' passed to next/router in page: '/02_SelfStudy/02_Access/01_Concept_and_Basics'. Repeated forward-slashes (//) or backslashes \ are not valid in the href.
Invalid href '\00_Personal_Production_Log\02_Portfolio\00_Portfolio_髢狗匱迺ｰ蠅・→繧｢繝ｼ繧ｭ繝・け繝√Ε蜑肴署' passed to next/router in page: '/02_SelfStudy/02_Access/01_Concept_and_Basics'. Repeated forward-slashes (//) or backslashes \ are not valid in the href.
Invalid href '\00_Personal_Production_Log\02_Portfolio\01_Project_Last-Stand_蜊疲･ｭ繧ｳ繝ｼ繝・ぅ繝ｳ繧ｰ縺ｨAI豢ｻ逕ｨ隧穂ｾ｡' passed to next/router in page: '/02_SelfStudy/02_Access/01_Concept_and_Basics'. Repeated forward-slashes (//) or backslashes \ are not valid in the href.
Invalid href '\00_Personal_Production_Log\03_Infrastructure\00_Infrastructure_蜑肴署遏･隴倥→讒区・險ｭ險・ passed to next/router in page: '/02_SelfStudy/02_Access/01_Concept_and_Basics'. Repeated forward-slashes (//) or backslashes \ are not valid in the href.
Invalid href '\00_Personal_Production_Log\03_Infrastructure\01_Minecraft_繧ｵ繝ｼ繝舌・讒狗ｯ峨→驕狗畑隧穂ｾ｡' passed to next/router in page: '/02_SelfStudy/02_Access/01_Concept_and_Basics'. Repeated forward-slashes (//) or backslashes \ are not valid in the href.
Invalid href '\00_Personal_Production_Log\03_Infrastructure\00_Database\00_Database_蝓ｺ遉弱→蜑肴署遏･隴・ passed to next/router in page: '/02_SelfStudy/02_Access/01_Concept_and_Basics'. Repeated forward-slashes (//) or backslashes \ are not valid in the href.
Invalid href '\01_25R1116\01_Frontend\01_HTML_CSS\00_HTML_CSS_蝓ｺ遉弱→蜑肴署遏･隴・ passed to next/router in page: '/02_SelfStudy/02_Access/01_Concept_and_Basics'. Repeated forward-slashes (//) or backslashes \ are not valid in the href.
Invalid href '\01_25R1116\01_Frontend\01_HTML_CSS\01_HTML_CSS_Bootstrap螳溯ｷｵ' passed to next/router in page: '/02_SelfStudy/02_Access/01_Concept_and_Basics'. Repeated forward-slashes (//) or backslashes \ are not valid in the href.
Invalid href '\01_25R1116\01_Frontend\02_JavaScript\00_JavaScript_蝓ｺ遉弱→蜑肴署遏･隴・ passed to next/router in page: '/02_SelfStudy/02_Access/01_Concept_and_Basics'. Repeated forward-slashes (//) or backslashes \ are not valid in the href.
Invalid href '\01_25R1116\01_Frontend\02_JavaScript\01_JavaScript_繧ｪ繝悶ず繧ｧ繧ｯ繝域欠蜷大ｮ溯ｷｵ' passed to next/router in page: '/02_SelfStudy/02_Access/01_Concept_and_Basics'. Repeated forward-slashes (//) or backslashes \ are not valid in the href.
Invalid href '\01_25R1116\01_Frontend\03_TypeScript\00_TypeScript_蝓ｺ遉弱→蜑肴署遏･隴・ passed to next/router in page: '/02_SelfStudy/02_Access/01_Concept_and_Basics'. Repeated forward-slashes (//) or backslashes \ are not valid in the href.
Invalid href '\01_25R1116\01_Frontend\04_React\00_React_蝓ｺ遉弱→蜑肴署遏･隴・ passed to next/router in page: '/02_SelfStudy/02_Access/01_Concept_and_Basics'. Repeated forward-slashes (//) or backslashes \ are not valid in the href.
Invalid href '\01_25R1116\01_Frontend\05_Nextjs\00_Nextjs_蝓ｺ遉弱→蜑肴署遏･隴・ passed to next/router in page: '/02_SelfStudy/02_Access/01_Concept_and_Basics'. Repeated forward-slashes (//) or backslashes \ are not valid in the href.
Invalid href '\01_25R1116\02_Backend\00_Python\00_Python_蝓ｺ遉弱→蜑肴署遏･隴・ passed to next/router in page: '/02_SelfStudy/02_Access/01_Concept_and_Basics'. Repeated forward-slashes (//) or backslashes \ are not valid in the href.
Invalid href '\01_25R1116\02_Backend\01_Flask\00_Flask_蝓ｺ遉弱→蜑肴署遏･隴・ passed to next/router in page: '/02_SelfStudy/02_Access/01_Concept_and_Basics'. Repeated forward-slashes (//) or backslashes \ are not valid in the href.
Invalid href '\01_25R1116\02_Backend\01_Flask\01_Flask_WTForms蠢懃畑' passed to next/router in page: '/02_SelfStudy/02_Access/01_Concept_and_Basics'. Repeated forward-slashes (//) or backslashes \ are not valid in the href.
Invalid href '\01_25R1116\02_Backend\01_Flask\02_Flask_繝・・繧ｿ繝吶・繧ｹ縺ｨORM' passed to next/router in page: '/02_SelfStudy/02_Access/01_Concept_and_Basics'. Repeated forward-slashes (//) or backslashes \ are not valid in the href.
Invalid href '\01_25R1116\02_Backend\01_Flask\03_Flask_Jinja2繝・Φ繝励Ξ繝ｼ繝域ｧ区枚' passed to next/router in page: '/02_SelfStudy/02_Access/01_Concept_and_Basics'. Repeated forward-slashes (//) or backslashes \ are not valid in the href.
Invalid href '\01_25R1116\02_Backend\01_Flask\04_Flask_SQLAlchemy蠢懃畑_ToDo繧｢繝励Μ' passed to next/router in page: '/02_SelfStudy/02_Access/01_Concept_and_Basics'. Repeated forward-slashes (//) or backslashes \ are not valid in the href.
Invalid href '\01_25R1116\02_Backend\01_Flask\05_Flask_隲也炊蜑企勁縺ｨ陦ｨ遉ｺ荳雋ｫ諤ｧ縺ｮ險ｭ險・ passed to next/router in page: '/02_SelfStudy/02_Access/01_Concept_and_Basics'. Repeated forward-slashes (//) or backslashes \ are not valid in the href.
Invalid href '\01_25R1116\02_Backend\01_Flask\06_Flask_Blueprint縺ｫ繧医ｋMVC繧｢繝ｼ繧ｭ繝・け繝√Ε' passed to next/router in page: '/02_SelfStudy/02_Access/01_Concept_and_Basics'. Repeated forward-slashes (//) or backslashes \ are not valid in the href.
Invalid href '\01_25R1116\03_Infrastructure\00_Database\00_Database_蝓ｺ遉弱→蜑肴署遏･隴・ passed to next/router in page: '/02_SelfStudy/02_Access/01_Concept_and_Basics'. Repeated forward-slashes (//) or backslashes \ are not valid in the href.
Invalid href '\01_25R1116\04_Others\00_AI\00_AI_蝓ｺ遉弱→蜑肴署遏･隴・ passed to next/router in page: '/02_SelfStudy/02_Access/01_Concept_and_Basics'. Repeated forward-slashes (//) or backslashes \ are not valid in the href.
Invalid href '\01_25R1116\04_Others\02_CodingTest\01_讓呎ｺ門・蜉帙→CLI螳溯｡後・蝓ｺ遉守衍隴・ passed to next/router in page: '/02_SelfStudy/02_Access/01_Concept_and_Basics'. Repeated forward-slashes (//) or backslashes \ are not valid in the href.
Invalid href '\01_25R1116\05_Encyclopedia\01_JavaScript_TypeScript\01_JS_TS_繝ｭ繧ｸ繝・け讒狗ｯ峨Γ繧ｽ繝・ラ蝗ｳ髑・ passed to next/router in page: '/02_SelfStudy/02_Access/01_Concept_and_Basics'. Repeated forward-slashes (//) or backslashes \ are not valid in the href.
Invalid href '\01_25R1116\05_Encyclopedia\01_JavaScript_TypeScript\02_JS_TS_迚ｹ譛峨・縺贋ｽ懈ｳ輔→莉冶ｨ隱樊ｯ碑ｼ・ passed to next/router in page: '/02_SelfStudy/02_Access/01_Concept_and_Basics'. Repeated forward-slashes (//) or backslashes \ are not valid in the href.
Invalid href '\01_25R1116\05_Encyclopedia\02_Python\01_Python_繝ｭ繧ｸ繝・け讒狗ｯ峨Γ繧ｽ繝・ラ蝗ｳ髑・ passed to next/router in page: '/02_SelfStudy/02_Access/01_Concept_and_Basics'. Repeated forward-slashes (//) or backslashes \ are not valid in the href.
Invalid href '\01_25R1116\05_Encyclopedia\02_Python\02_Python_迚ｹ譛峨・縺贋ｽ懈ｳ輔→莉冶ｨ隱樊ｯ碑ｼ・ passed to next/router in page: '/02_SelfStudy/02_Access/01_Concept_and_Basics'. Repeated forward-slashes (//) or backslashes \ are not valid in the href.
Invalid href '\01_25R1116\05_Encyclopedia\03_PHP\01_PHP_繝ｭ繧ｸ繝・け讒狗ｯ峨Γ繧ｽ繝・ラ蝗ｳ髑・ passed to next/router in page: '/02_SelfStudy/02_Access/01_Concept_and_Basics'. Repeated forward-slashes (//) or backslashes \ are not valid in the href.
Invalid href '\01_25R1116\05_Encyclopedia\03_PHP\02_PHP_迚ｹ譛峨・縺贋ｽ懈ｳ輔→莉冶ｨ隱樊ｯ碑ｼ・ passed to next/router in page: '/02_SelfStudy/02_Access/01_Concept_and_Basics'. Repeated forward-slashes (//) or backslashes \ are not valid in the href.
Invalid href '\01_25R1116\05_Encyclopedia\04_Frameworks\01_React_Nextjs_騾・ｼ輔″霎槫・' passed to next/router in page: '/02_SelfStudy/02_Access/01_Concept_and_Basics'. Repeated forward-slashes (//) or backslashes \ are not valid in the href.
Invalid href '\01_25R1116\05_Encyclopedia\04_Frameworks\02_Flask_SQLAlchemy_騾・ｼ輔″霎槫・' passed to next/router in page: '/02_SelfStudy/02_Access/01_Concept_and_Basics'. Repeated forward-slashes (//) or backslashes \ are not valid in the href.
Invalid href '\01_25R1116\05_Encyclopedia\04_Frameworks\03_Laravel_PHP_蛻晏ｭｦ閠・髄縺大・髢' passed to next/router in page: '/02_SelfStudy/02_Access/01_Concept_and_Basics'. Repeated forward-slashes (//) or backslashes \ are not valid in the href.
Invalid href '\01_25R1116\05_Encyclopedia\05_Database\01_SQL_RDB_蝓ｺ譛ｬ繧ｯ繧ｨ繝ｪ縺ｨ繧｢繝ｳ繝√ヱ繧ｿ繝ｼ繝ｳ蝗ｳ髑・ passed to next/router in page: '/02_SelfStudy/02_Access/01_Concept_and_Basics'. Repeated forward-slashes (//) or backslashes \ are not valid in the href.
Invalid href '\01_25R1116\05_Encyclopedia\05_Database\02_DB險ｭ險・繧､繝ｳ繝・ャ繧ｯ繧ｹ縺ｨ繝医Λ繝ｳ繧ｶ繧ｯ繧ｷ繝ｧ繝ｳ縺ｮ縺贋ｽ懈ｳ・ passed to next/router in page: '/02_SelfStudy/02_Access/01_Concept_and_Basics'. Repeated forward-slashes (//) or backslashes \ are not valid in the href.
Invalid href '\01_25R1116\05_Encyclopedia\06_Mobile_App\01_Native\01_Swift_Kotlin_讎りｦ√→豁ｴ蜿ｲ' passed to next/router in page: '/02_SelfStudy/02_Access/01_Concept_and_Basics'. Repeated forward-slashes (//) or backslashes \ are not valid in the href.
Invalid href '\01_25R1116\05_Encyclopedia\06_Mobile_App\02_CrossPlatform\01_Flutter_Dart_蛻晏ｭｦ閠・髄縺大・髢' passed to next/router in page: '/02_SelfStudy/02_Access/01_Concept_and_Basics'. Repeated forward-slashes (//) or backslashes \ are not valid in the href.
 笨・Generating static pages (47/47)

> Export encountered errors on following paths:
	/00_Personal_Production_Log/01_Web_Application/00_Web_Application_菴ｿ逕ｨ險隱槭・謚陦薙せ繧ｿ繝・け荳隕ｧ
	/00_Personal_Production_Log/01_Web_Application/01_TheVocaloid-Times_AI螳悟・逕滓・莠倶ｾ玖ｩ穂ｾ｡
	/00_Personal_Production_Log/01_Web_Application/02_maybe-Goita-Online_AI螳悟・逕滓・莠倶ｾ玖ｩ穂ｾ｡
	/00_Personal_Production_Log/02_Portfolio/00_Portfolio_髢狗匱迺ｰ蠅・→繧｢繝ｼ繧ｭ繝・け繝√Ε蜑肴署
	/00_Personal_Production_Log/02_Portfolio/01_Project_Last-Stand_蜊疲･ｭ繧ｳ繝ｼ繝・ぅ繝ｳ繧ｰ縺ｨAI豢ｻ逕ｨ隧穂ｾ｡
	/00_Personal_Production_Log/03_Infrastructure/00_Database/00_Database_蝓ｺ遉弱→蜑肴署遏･隴・	/00_Personal_Production_Log/03_Infrastructure/00_Infrastructure_蜑肴署遏･隴倥→讒区・險ｭ險・	/00_Personal_Production_Log/03_Infrastructure/01_Minecraft_繧ｵ繝ｼ繝舌・讒狗ｯ峨→驕狗畑隧穂ｾ｡
	/01_25R1116/01_Frontend/01_HTML_CSS/00_HTML_CSS_蝓ｺ遉弱→蜑肴署遏･隴・	/01_25R1116/01_Frontend/01_HTML_CSS/01_HTML_CSS_Bootstrap螳溯ｷｵ
	/01_25R1116/01_Frontend/02_JavaScript/00_JavaScript_蝓ｺ遉弱→蜑肴署遏･隴・	/01_25R1116/01_Frontend/02_JavaScript/01_JavaScript_繧ｪ繝悶ず繧ｧ繧ｯ繝域欠蜷大ｮ溯ｷｵ
	/01_25R1116/01_Frontend/03_TypeScript/00_TypeScript_蝓ｺ遉弱→蜑肴署遏･隴・	/01_25R1116/01_Frontend/04_React/00_React_蝓ｺ遉弱→蜑肴署遏･隴・	/01_25R1116/01_Frontend/05_Nextjs/00_Nextjs_蝓ｺ遉弱→蜑肴署遏･隴・	/01_25R1116/02_Backend/00_Python/00_Python_蝓ｺ遉弱→蜑肴署遏･隴・	/01_25R1116/02_Backend/01_Flask/00_Flask_蝓ｺ遉弱→蜑肴署遏･隴・	/01_25R1116/02_Backend/01_Flask/01_Flask_WTForms蠢懃畑
	/01_25R1116/02_Backend/01_Flask/02_Flask_繝・・繧ｿ繝吶・繧ｹ縺ｨORM
	/01_25R1116/02_Backend/01_Flask/03_Flask_Jinja2繝・Φ繝励Ξ繝ｼ繝域ｧ区枚
	/01_25R1116/02_Backend/01_Flask/04_Flask_SQLAlchemy蠢懃畑_ToDo繧｢繝励Μ
	/01_25R1116/02_Backend/01_Flask/05_Flask_隲也炊蜑企勁縺ｨ陦ｨ遉ｺ荳雋ｫ諤ｧ縺ｮ險ｭ險・	/01_25R1116/02_Backend/01_Flask/06_Flask_Blueprint縺ｫ繧医ｋMVC繧｢繝ｼ繧ｭ繝・け繝√Ε
	/01_25R1116/03_Infrastructure/00_Database/00_Database_蝓ｺ遉弱→蜑肴署遏･隴・	/01_25R1116/04_Others/00_AI/00_AI_蝓ｺ遉弱→蜑肴署遏･隴・	/01_25R1116/04_Others/02_CodingTest/01_讓呎ｺ門・蜉帙→CLI螳溯｡後・蝓ｺ遉守衍隴・	/01_25R1116/05_Encyclopedia/01_JavaScript_TypeScript/01_JS_TS_繝ｭ繧ｸ繝・け讒狗ｯ峨Γ繧ｽ繝・ラ蝗ｳ髑・	/01_25R1116/05_Encyclopedia/01_JavaScript_TypeScript/02_JS_TS_迚ｹ譛峨・縺贋ｽ懈ｳ輔→莉冶ｨ隱樊ｯ碑ｼ・	/01_25R1116/05_Encyclopedia/02_Python/01_Python_繝ｭ繧ｸ繝・け讒狗ｯ峨Γ繧ｽ繝・ラ蝗ｳ髑・	/01_25R1116/05_Encyclopedia/02_Python/02_Python_迚ｹ譛峨・縺贋ｽ懈ｳ輔→莉冶ｨ隱樊ｯ碑ｼ・	/01_25R1116/05_Encyclopedia/03_PHP/01_PHP_繝ｭ繧ｸ繝・け讒狗ｯ峨Γ繧ｽ繝・ラ蝗ｳ髑・	/01_25R1116/05_Encyclopedia/03_PHP/02_PHP_迚ｹ譛峨・縺贋ｽ懈ｳ輔→莉冶ｨ隱樊ｯ碑ｼ・	/01_25R1116/05_Encyclopedia/04_Frameworks/01_React_Nextjs_騾・ｼ輔″霎槫・
	/01_25R1116/05_Encyclopedia/04_Frameworks/02_Flask_SQLAlchemy_騾・ｼ輔″霎槫・
	/01_25R1116/05_Encyclopedia/04_Frameworks/03_Laravel_PHP_蛻晏ｭｦ閠・髄縺大・髢
	/01_25R1116/05_Encyclopedia/05_Database/01_SQL_RDB_蝓ｺ譛ｬ繧ｯ繧ｨ繝ｪ縺ｨ繧｢繝ｳ繝√ヱ繧ｿ繝ｼ繝ｳ蝗ｳ髑・	/01_25R1116/05_Encyclopedia/05_Database/02_DB險ｭ險・繧､繝ｳ繝・ャ繧ｯ繧ｹ縺ｨ繝医Λ繝ｳ繧ｶ繧ｯ繧ｷ繝ｧ繝ｳ縺ｮ縺贋ｽ懈ｳ・	/01_25R1116/05_Encyclopedia/06_Mobile_App/01_Native/01_Swift_Kotlin_讎りｦ√→豁ｴ蜿ｲ
	/01_25R1116/05_Encyclopedia/06_Mobile_App/02_CrossPlatform/01_Flutter_Dart_蛻晏ｭｦ閠・髄縺大・髢
